(phase,outcome,waiting,next_send_seq_h,next_recv_seq_h,honest_commit_sent,peer_commit_verified,sent_blocks_h,verified_blocks_peer,sent_honest,verified_peer,max_gap,adversary_verified_honest,adversary_skipped_verification,honest_confirm_sent,peer_confirm_verified,last_actor,last_direction,last_type,last_seq,last_block,last_event,reject_reason)
0:(0,0,false,0,0,false,false,0,0,0,0,0,0,false,false,false,0,0,0,0,0,0,0)
1:(0,0,true,0,0,false,false,0,0,0,0,0,0,false,false,false,1,1,1,0,0,6,0)
2:(1,0,false,0,0,false,false,0,0,0,0,0,0,false,false,false,1,1,1,0,0,2,0)
3:(2,0,false,1,0,false,false,0,0,0,0,0,0,false,false,false,2,2,2,0,0,1,0)
4:(2,0,true,1,0,false,false,0,0,0,0,0,0,false,false,false,1,1,3,0,0,6,0)
5:(3,0,false,1,1,false,false,0,0,0,0,0,0,false,false,false,1,1,3,0,0,2,0)
6:(4,0,false,1,1,false,false,0,0,0,0,0,0,false,false,false,2,0,0,0,0,2,0)
7:(5,0,false,2,1,false,false,0,0,0,0,0,0,false,false,false,2,2,4,1,0,1,0)
8:(5,0,true,2,1,false,false,0,0,0,0,0,0,false,false,false,1,1,5,1,0,6,0)
9:(6,0,false,2,2,false,false,0,0,0,0,0,0,false,false,false,1,1,5,1,0,2,0)
10:(6,0,false,2,3,false,true,0,0,0,0,0,0,false,false,false,1,1,6,2,0,2,0)
11:(6,0,false,3,2,true,false,0,0,0,0,0,0,false,false,false,2,2,6,2,0,1,0)
12:(6,0,false,3,2,true,false,0,0,0,0,0,0,true,false,false,2,2,6,2,0,1,0)
13:(6,0,false,3,3,true,true,0,0,0,0,0,0,false,false,false,1,1,6,2,0,2,0)
14:(6,0,false,3,3,true,true,0,0,0,0,0,0,false,false,false,2,2,6,2,0,1,0)
15:(6,0,false,3,3,true,true,0,0,0,0,0,0,true,false,false,1,1,6,2,0,2,0)
16:(6,0,false,3,3,true,true,0,0,0,0,0,0,true,false,false,2,2,6,2,0,1,0)
17:(6,0,true,3,2,true,false,0,0,0,0,0,0,false,false,false,1,1,6,2,0,6,0)
18:(6,0,true,3,2,true,false,0,0,0,0,0,0,true,false,false,1,1,6,2,0,6,0)
19:(7,0,false,3,3,true,true,0,0,0,0,0,0,false,false,false,0,0,0,0,0,9,0)
20:(7,0,false,3,3,true,true,0,0,0,0,0,0,true,false,false,0,0,0,0,0,9,0)
21:(7,0,false,3,4,true,true,0,1,0,4,0,0,false,false,false,1,1,7,3,1,2,0)
22:(7,0,false,3,4,true,true,0,1,0,4,0,0,true,false,false,1,1,7,3,1,2,0)
23:(7,0,false,3,5,true,true,0,2,0,8,0,0,false,false,false,1,1,7,4,2,2,0)
24:(7,0,false,3,5,true,true,0,2,0,8,0,0,true,false,false,1,1,7,4,2,2,0)
25:(7,0,false,3,6,true,true,0,3,0,12,0,0,false,false,false,1,1,7,5,3,2,0)
26:(7,0,false,3,6,true,true,0,3,0,12,0,0,true,false,false,1,1,7,5,3,2,0)
27:(7,0,false,3,7,true,true,0,4,0,16,0,0,false,false,false,1,1,7,6,4,2,0)
28:(7,0,false,3,7,true,true,0,4,0,16,0,0,true,false,false,1,1,7,6,4,2,0)
29:(7,0,false,4,4,true,true,1,1,4,4,0,0,true,false,false,2,2,7,3,1,11,0)
30:(7,0,false,4,4,true,true,1,1,4,4,0,0,true,false,false,2,2,7,3,1,14,0)
31:(7,0,false,4,4,true,true,1,1,4,4,0,4,false,false,false,2,2,7,3,1,10,0)
32:(7,0,false,4,4,true,true,1,1,4,4,0,4,false,false,false,2,2,7,3,1,14,0)
33:(7,0,false,4,4,true,true,1,1,4,4,0,4,true,false,false,2,2,7,3,1,10,0)
34:(7,0,false,4,4,true,true,1,1,4,4,0,4,true,false,false,2,2,7,3,1,14,0)
35:(7,0,false,4,5,true,true,1,2,4,8,0,0,true,false,false,1,1,7,4,2,2,0)
36:(7,0,false,4,5,true,true,1,2,4,8,0,0,true,false,false,2,2,7,3,1,11,0)
37:(7,0,false,4,5,true,true,1,2,4,8,0,0,true,false,false,2,2,7,3,1,14,0)
38:(7,0,false,4,5,true,true,1,2,4,8,0,4,false,false,false,1,1,7,4,2,2,0)
39:(7,0,false,4,5,true,true,1,2,4,8,0,4,false,false,false,2,2,7,3,1,10,0)
40:(7,0,false,4,5,true,true,1,2,4,8,0,4,false,false,false,2,2,7,3,1,14,0)
41:(7,0,false,4,5,true,true,1,2,4,8,0,4,true,false,false,1,1,7,4,2,2,0)
42:(7,0,false,4,5,true,true,1,2,4,8,0,4,true,false,false,2,2,7,3,1,10,0)
43:(7,0,false,4,5,true,true,1,2,4,8,0,4,true,false,false,2,2,7,3,1,14,0)
44:(7,0,false,4,6,true,true,1,3,4,12,0,0,true,false,false,1,1,7,5,3,2,0)
45:(7,0,false,4,6,true,true,1,3,4,12,0,0,true,false,false,2,2,7,3,1,11,0)
46:(7,0,false,4,6,true,true,1,3,4,12,0,0,true,false,false,2,2,7,3,1,14,0)
47:(7,0,false,4,6,true,true,1,3,4,12,0,4,false,false,false,1,1,7,5,3,2,0)
48:(7,0,false,4,6,true,true,1,3,4,12,0,4,false,false,false,2,2,7,3,1,10,0)
49:(7,0,false,4,6,true,true,1,3,4,12,0,4,false,false,false,2,2,7,3,1,14,0)
50:(7,0,false,4,6,true,true,1,3,4,12,0,4,true,false,false,1,1,7,5,3,2,0)
51:(7,0,false,4,6,true,true,1,3,4,12,0,4,true,false,false,2,2,7,3,1,10,0)
52:(7,0,false,4,6,true,true,1,3,4,12,0,4,true,false,false,2,2,7,3,1,14,0)
53:(7,0,false,4,7,true,true,1,4,4,16,0,0,true,false,false,1,1,7,6,4,2,0)
54:(7,0,false,4,7,true,true,1,4,4,16,0,0,true,false,false,2,2,7,3,1,11,0)
55:(7,0,false,4,7,true,true,1,4,4,16,0,0,true,false,false,2,2,7,3,1,14,0)
56:(7,0,false,4,7,true,true,1,4,4,16,0,4,false,false,false,1,1,7,6,4,2,0)
57:(7,0,false,4,7,true,true,1,4,4,16,0,4,false,false,false,2,2,7,3,1,10,0)
58:(7,0,false,4,7,true,true,1,4,4,16,0,4,false,false,false,2,2,7,3,1,14,0)
59:(7,0,false,4,7,true,true,1,4,4,16,0,4,true,false,false,1,1,7,6,4,2,0)
60:(7,0,false,4,7,true,true,1,4,4,16,0,4,true,false,false,2,2,7,3,1,10,0)
61:(7,0,false,4,7,true,true,1,4,4,16,0,4,true,false,false,2,2,7,3,1,14,0)
62:(7,0,false,5,4,true,true,2,1,8,4,4,0,true,false,false,2,2,7,4,2,11,0)
63:(7,0,false,5,4,true,true,2,1,8,4,4,0,true,false,false,2,2,7,4,2,14,0)
64:(7,0,false,5,4,true,true,2,1,8,4,4,4,true,false,false,2,2,7,4,2,10,0)
65:(7,0,false,5,4,true,true,2,1,8,4,4,4,true,false,false,2,2,7,4,2,11,0)
66:(7,0,false,5,4,true,true,2,1,8,4,4,4,true,false,false,2,2,7,4,2,14,0)
67:(7,0,false,5,4,true,true,2,1,8,4,4,8,false,false,false,2,2,7,4,2,10,0)
68:(7,0,false,5,4,true,true,2,1,8,4,4,8,false,false,false,2,2,7,4,2,14,0)
69:(7,0,false,5,4,true,true,2,1,8,4,4,8,true,false,false,2,2,7,4,2,10,0)
70:(7,0,false,5,4,true,true,2,1,8,4,4,8,true,false,false,2,2,7,4,2,14,0)
71:(7,0,false,5,5,true,true,2,2,8,8,0,0,true,false,false,2,2,7,4,2,11,0)
72:(7,0,false,5,5,true,true,2,2,8,8,0,0,true,false,false,2,2,7,4,2,14,0)
73:(7,0,false,5,5,true,true,2,2,8,8,0,4,true,false,false,2,2,7,4,2,10,0)
74:(7,0,false,5,5,true,true,2,2,8,8,0,4,true,false,false,2,2,7,4,2,11,0)
75:(7,0,false,5,5,true,true,2,2,8,8,0,4,true,false,false,2,2,7,4,2,14,0)
76:(7,0,false,5,5,true,true,2,2,8,8,0,8,false,false,false,2,2,7,4,2,10,0)
77:(7,0,false,5,5,true,true,2,2,8,8,0,8,false,false,false,2,2,7,4,2,14,0)
78:(7,0,false,5,5,true,true,2,2,8,8,0,8,true,false,false,2,2,7,4,2,10,0)
79:(7,0,false,5,5,true,true,2,2,8,8,0,8,true,false,false,2,2,7,4,2,14,0)
80:(7,0,false,5,5,true,true,2,2,8,8,4,0,true,false,false,1,1,7,4,2,2,0)
81:(7,0,false,5,5,true,true,2,2,8,8,4,0,true,false,false,2,2,7,4,2,14,0)
82:(7,0,false,5,5,true,true,2,2,8,8,4,4,true,false,false,1,1,7,4,2,2,0)
83:(7,0,false,5,5,true,true,2,2,8,8,4,4,true,false,false,2,2,7,4,2,14,0)
84:(7,0,false,5,5,true,true,2,2,8,8,4,8,false,false,false,1,1,7,4,2,2,0)
85:(7,0,false,5,5,true,true,2,2,8,8,4,8,false,false,false,2,2,7,4,2,14,0)
86:(7,0,false,5,5,true,true,2,2,8,8,4,8,true,false,false,1,1,7,4,2,2,0)
87:(7,0,false,5,5,true,true,2,2,8,8,4,8,true,false,false,2,2,7,4,2,14,0)
88:(7,0,false,5,6,true,true,2,3,8,12,0,0,true,false,false,1,1,7,5,3,2,0)
89:(7,0,false,5,6,true,true,2,3,8,12,0,0,true,false,false,2,2,7,4,2,11,0)
90:(7,0,false,5,6,true,true,2,3,8,12,0,0,true,false,false,2,2,7,4,2,14,0)
91:(7,0,false,5,6,true,true,2,3,8,12,0,4,true,false,false,1,1,7,5,3,2,0)
92:(7,0,false,5,6,true,true,2,3,8,12,0,4,true,false,false,2,2,7,4,2,10,0)
93:(7,0,false,5,6,true,true,2,3,8,12,0,4,true,false,false,2,2,7,4,2,11,0)
94:(7,0,false,5,6,true,true,2,3,8,12,0,4,true,false,false,2,2,7,4,2,14,0)
95:(7,0,false,5,6,true,true,2,3,8,12,0,8,false,false,false,1,1,7,5,3,2,0)
96:(7,0,false,5,6,true,true,2,3,8,12,0,8,false,false,false,2,2,7,4,2,10,0)
97:(7,0,false,5,6,true,true,2,3,8,12,0,8,false,false,false,2,2,7,4,2,14,0)
98:(7,0,false,5,6,true,true,2,3,8,12,0,8,true,false,false,1,1,7,5,3,2,0)
99:(7,0,false,5,6,true,true,2,3,8,12,0,8,true,false,false,2,2,7,4,2,10,0)
100:(7,0,false,5,6,true,true,2,3,8,12,0,8,true,false,false,2,2,7,4,2,14,0)
101:(7,0,false,5,6,true,true,2,3,8,12,4,0,true,false,false,1,1,7,5,3,2,0)
102:(7,0,false,5,6,true,true,2,3,8,12,4,0,true,false,false,2,2,7,4,2,14,0)
103:(7,0,false,5,6,true,true,2,3,8,12,4,4,true,false,false,1,1,7,5,3,2,0)
104:(7,0,false,5,6,true,true,2,3,8,12,4,4,true,false,false,2,2,7,4,2,14,0)
105:(7,0,false,5,6,true,true,2,3,8,12,4,8,false,false,false,1,1,7,5,3,2,0)
106:(7,0,false,5,6,true,true,2,3,8,12,4,8,false,false,false,2,2,7,4,2,14,0)
107:(7,0,false,5,6,true,true,2,3,8,12,4,8,true,false,false,1,1,7,5,3,2,0)
108:(7,0,false,5,6,true,true,2,3,8,12,4,8,true,false,false,2,2,7,4,2,14,0)
109:(7,0,false,5,7,true,true,2,4,8,16,0,0,true,false,false,1,1,7,6,4,2,0)
110:(7,0,false,5,7,true,true,2,4,8,16,0,0,true,false,false,2,2,7,4,2,11,0)
111:(7,0,false,5,7,true,true,2,4,8,16,0,0,true,false,false,2,2,7,4,2,14,0)
112:(7,0,false,5,7,true,true,2,4,8,16,0,4,true,false,false,1,1,7,6,4,2,0)
113:(7,0,false,5,7,true,true,2,4,8,16,0,4,true,false,false,2,2,7,4,2,10,0)
114:(7,0,false,5,7,true,true,2,4,8,16,0,4,true,false,false,2,2,7,4,2,11,0)
115:(7,0,false,5,7,true,true,2,4,8,16,0,4,true,false,false,2,2,7,4,2,14,0)
116:(7,0,false,5,7,true,true,2,4,8,16,0,8,false,false,false,1,1,7,6,4,2,0)
117:(7,0,false,5,7,true,true,2,4,8,16,0,8,false,false,false,2,2,7,4,2,10,0)
118:(7,0,false,5,7,true,true,2,4,8,16,0,8,false,false,false,2,2,7,4,2,14,0)
119:(7,0,false,5,7,true,true,2,4,8,16,0,8,true,false,false,1,1,7,6,4,2,0)
120:(7,0,false,5,7,true,true,2,4,8,16,0,8,true,false,false,2,2,7,4,2,10,0)
121:(7,0,false,5,7,true,true,2,4,8,16,0,8,true,false,false,2,2,7,4,2,14,0)
122:(7,0,false,5,7,true,true,2,4,8,16,4,0,true,false,false,1,1,7,6,4,2,0)
123:(7,0,false,5,7,true,true,2,4,8,16,4,0,true,false,false,2,2,7,4,2,14,0)
124:(7,0,false,5,7,true,true,2,4,8,16,4,4,true,false,false,1,1,7,6,4,2,0)
125:(7,0,false,5,7,true,true,2,4,8,16,4,4,true,false,false,2,2,7,4,2,14,0)
126:(7,0,false,5,7,true,true,2,4,8,16,4,8,false,false,false,1,1,7,6,4,2,0)
127:(7,0,false,5,7,true,true,2,4,8,16,4,8,false,false,false,2,2,7,4,2,14,0)
128:(7,0,false,5,7,true,true,2,4,8,16,4,8,true,false,false,1,1,7,6,4,2,0)
129:(7,0,false,5,7,true,true,2,4,8,16,4,8,true,false,false,2,2,7,4,2,14,0)
130:(7,0,false,6,6,true,true,3,3,12,12,0,0,true,false,false,2,2,7,5,3,11,0)
131:(7,0,false,6,6,true,true,3,3,12,12,0,0,true,false,false,2,2,7,5,3,14,0)
132:(7,0,false,6,6,true,true,3,3,12,12,0,4,true,false,false,2,2,7,5,3,10,0)
133:(7,0,false,6,6,true,true,3,3,12,12,0,4,true,false,false,2,2,7,5,3,11,0)
134:(7,0,false,6,6,true,true,3,3,12,12,0,4,true,false,false,2,2,7,5,3,14,0)
135:(7,0,false,6,6,true,true,3,3,12,12,0,8,true,false,false,2,2,7,5,3,10,0)
136:(7,0,false,6,6,true,true,3,3,12,12,0,8,true,false,false,2,2,7,5,3,11,0)
137:(7,0,false,6,6,true,true,3,3,12,12,0,8,true,false,false,2,2,7,5,3,14,0)
138:(7,0,false,6,6,true,true,3,3,12,12,0,12,false,false,false,2,2,7,5,3,10,0)
139:(7,0,false,6,6,true,true,3,3,12,12,0,12,false,false,false,2,2,7,5,3,14,0)
140:(7,0,false,6,6,true,true,3,3,12,12,0,12,true,false,false,2,2,7,5,3,10,0)
141:(7,0,false,6,6,true,true,3,3,12,12,0,12,true,false,false,2,2,7,5,3,14,0)
142:(7,0,false,6,6,true,true,3,3,12,12,4,0,true,false,false,2,2,7,5,3,11,0)
143:(7,0,false,6,6,true,true,3,3,12,12,4,0,true,false,false,2,2,7,5,3,14,0)
144:(7,0,false,6,6,true,true,3,3,12,12,4,4,true,false,false,2,2,7,5,3,10,0)
145:(7,0,false,6,6,true,true,3,3,12,12,4,4,true,false,false,2,2,7,5,3,11,0)
146:(7,0,false,6,6,true,true,3,3,12,12,4,4,true,false,false,2,2,7,5,3,14,0)
147:(7,0,false,6,6,true,true,3,3,12,12,4,8,true,false,false,2,2,7,5,3,10,0)
148:(7,0,false,6,6,true,true,3,3,12,12,4,8,true,false,false,2,2,7,5,3,11,0)
149:(7,0,false,6,6,true,true,3,3,12,12,4,8,true,false,false,2,2,7,5,3,14,0)
150:(7,0,false,6,6,true,true,3,3,12,12,4,12,false,false,false,2,2,7,5,3,10,0)
151:(7,0,false,6,6,true,true,3,3,12,12,4,12,false,false,false,2,2,7,5,3,14,0)
152:(7,0,false,6,6,true,true,3,3,12,12,4,12,true,false,false,2,2,7,5,3,10,0)
153:(7,0,false,6,6,true,true,3,3,12,12,4,12,true,false,false,2,2,7,5,3,14,0)
154:(7,0,false,6,7,true,true,3,4,12,16,0,0,true,false,false,1,1,7,6,4,2,0)
155:(7,0,false,6,7,true,true,3,4,12,16,0,0,true,false,false,2,2,7,5,3,11,0)
156:(7,0,false,6,7,true,true,3,4,12,16,0,0,true,false,false,2,2,7,5,3,14,0)
157:(7,0,false,6,7,true,true,3,4,12,16,0,4,true,false,false,1,1,7,6,4,2,0)
158:(7,0,false,6,7,true,true,3,4,12,16,0,4,true,false,false,2,2,7,5,3,10,0)
159:(7,0,false,6,7,true,true,3,4,12,16,0,4,true,false,false,2,2,7,5,3,11,0)
160:(7,0,false,6,7,true,true,3,4,12,16,0,4,true,false,false,2,2,7,5,3,14,0)
161:(7,0,false,6,7,true,true,3,4,12,16,0,8,true,false,false,1,1,7,6,4,2,0)
162:(7,0,false,6,7,true,true,3,4,12,16,0,8,true,false,false,2,2,7,5,3,10,0)
163:(7,0,false,6,7,true,true,3,4,12,16,0,8,true,false,false,2,2,7,5,3,11,0)
164:(7,0,false,6,7,true,true,3,4,12,16,0,8,true,false,false,2,2,7,5,3,14,0)
165:(7,0,false,6,7,true,true,3,4,12,16,0,12,false,false,false,1,1,7,6,4,2,0)
166:(7,0,false,6,7,true,true,3,4,12,16,0,12,false,false,false,2,2,7,5,3,10,0)
167:(7,0,false,6,7,true,true,3,4,12,16,0,12,false,false,false,2,2,7,5,3,14,0)
168:(7,0,false,6,7,true,true,3,4,12,16,0,12,true,false,false,1,1,7,6,4,2,0)
169:(7,0,false,6,7,true,true,3,4,12,16,0,12,true,false,false,2,2,7,5,3,10,0)
170:(7,0,false,6,7,true,true,3,4,12,16,0,12,true,false,false,2,2,7,5,3,14,0)
171:(7,0,false,6,7,true,true,3,4,12,16,4,0,true,false,false,1,1,7,6,4,2,0)
172:(7,0,false,6,7,true,true,3,4,12,16,4,0,true,false,false,2,2,7,5,3,11,0)
173:(7,0,false,6,7,true,true,3,4,12,16,4,0,true,false,false,2,2,7,5,3,14,0)
174:(7,0,false,6,7,true,true,3,4,12,16,4,4,true,false,false,1,1,7,6,4,2,0)
175:(7,0,false,6,7,true,true,3,4,12,16,4,4,true,false,false,2,2,7,5,3,10,0)
176:(7,0,false,6,7,true,true,3,4,12,16,4,4,true,false,false,2,2,7,5,3,11,0)
177:(7,0,false,6,7,true,true,3,4,12,16,4,4,true,false,false,2,2,7,5,3,14,0)
178:(7,0,false,6,7,true,true,3,4,12,16,4,8,true,false,false,1,1,7,6,4,2,0)
179:(7,0,false,6,7,true,true,3,4,12,16,4,8,true,false,false,2,2,7,5,3,10,0)
180:(7,0,false,6,7,true,true,3,4,12,16,4,8,true,false,false,2,2,7,5,3,11,0)
181:(7,0,false,6,7,true,true,3,4,12,16,4,8,true,false,false,2,2,7,5,3,14,0)
182:(7,0,false,6,7,true,true,3,4,12,16,4,12,false,false,false,1,1,7,6,4,2,0)
183:(7,0,false,6,7,true,true,3,4,12,16,4,12,false,false,false,2,2,7,5,3,10,0)
184:(7,0,false,6,7,true,true,3,4,12,16,4,12,false,false,false,2,2,7,5,3,14,0)
185:(7,0,false,6,7,true,true,3,4,12,16,4,12,true,false,false,1,1,7,6,4,2,0)
186:(7,0,false,6,7,true,true,3,4,12,16,4,12,true,false,false,2,2,7,5,3,10,0)
187:(7,0,false,6,7,true,true,3,4,12,16,4,12,true,false,false,2,2,7,5,3,14,0)
188:(7,0,false,7,6,true,true,4,3,16,12,4,0,true,false,false,2,2,7,6,4,11,0)
189:(7,0,false,7,6,true,true,4,3,16,12,4,0,true,false,false,2,2,7,6,4,14,0)
190:(7,0,false,7,6,true,true,4,3,16,12,4,4,true,false,false,2,2,7,6,4,10,0)
191:(7,0,false,7,6,true,true,4,3,16,12,4,4,true,false,false,2,2,7,6,4,11,0)
192:(7,0,false,7,6,true,true,4,3,16,12,4,4,true,false,false,2,2,7,6,4,14,0)
193:(7,0,false,7,6,true,true,4,3,16,12,4,8,true,false,false,2,2,7,6,4,10,0)
194:(7,0,false,7,6,true,true,4,3,16,12,4,8,true,false,false,2,2,7,6,4,11,0)
195:(7,0,false,7,6,true,true,4,3,16,12,4,8,true,false,false,2,2,7,6,4,14,0)
196:(7,0,false,7,6,true,true,4,3,16,12,4,12,true,false,false,2,2,7,6,4,10,0)
197:(7,0,false,7,6,true,true,4,3,16,12,4,12,true,false,false,2,2,7,6,4,11,0)
198:(7,0,false,7,6,true,true,4,3,16,12,4,12,true,false,false,2,2,7,6,4,14,0)
199:(7,0,false,7,6,true,true,4,3,16,12,4,16,false,false,false,2,2,7,6,4,10,0)
200:(7,0,false,7,6,true,true,4,3,16,12,4,16,false,false,false,2,2,7,6,4,14,0)
201:(7,0,false,7,6,true,true,4,3,16,12,4,16,true,false,false,2,2,7,6,4,10,0)
202:(7,0,false,7,6,true,true,4,3,16,12,4,16,true,false,false,2,2,7,6,4,14,0)
203:(7,0,false,7,7,true,true,4,4,16,16,0,0,true,false,false,2,2,7,6,4,11,0)
204:(7,0,false,7,7,true,true,4,4,16,16,0,0,true,false,false,2,2,7,6,4,14,0)
205:(7,0,false,7,7,true,true,4,4,16,16,0,4,true,false,false,2,2,7,6,4,10,0)
206:(7,0,false,7,7,true,true,4,4,16,16,0,4,true,false,false,2,2,7,6,4,11,0)
207:(7,0,false,7,7,true,true,4,4,16,16,0,4,true,false,false,2,2,7,6,4,14,0)
208:(7,0,false,7,7,true,true,4,4,16,16,0,8,true,false,false,2,2,7,6,4,10,0)
209:(7,0,false,7,7,true,true,4,4,16,16,0,8,true,false,false,2,2,7,6,4,11,0)
210:(7,0,false,7,7,true,true,4,4,16,16,0,8,true,false,false,2,2,7,6,4,14,0)
211:(7,0,false,7,7,true,true,4,4,16,16,0,12,true,false,false,2,2,7,6,4,10,0)
212:(7,0,false,7,7,true,true,4,4,16,16,0,12,true,false,false,2,2,7,6,4,11,0)
213:(7,0,false,7,7,true,true,4,4,16,16,0,12,true,false,false,2,2,7,6,4,14,0)
214:(7,0,false,7,7,true,true,4,4,16,16,0,16,false,false,false,2,2,7,6,4,10,0)
215:(7,0,false,7,7,true,true,4,4,16,16,0,16,false,false,false,2,2,7,6,4,14,0)
216:(7,0,false,7,7,true,true,4,4,16,16,0,16,true,false,false,2,2,7,6,4,10,0)
217:(7,0,false,7,7,true,true,4,4,16,16,0,16,true,false,false,2,2,7,6,4,14,0)
218:(7,0,false,7,7,true,true,4,4,16,16,4,0,true,false,false,1,1,7,6,4,2,0)
219:(7,0,false,7,7,true,true,4,4,16,16,4,0,true,false,false,2,2,7,6,4,11,0)
220:(7,0,false,7,7,true,true,4,4,16,16,4,0,true,false,false,2,2,7,6,4,14,0)
221:(7,0,false,7,7,true,true,4,4,16,16,4,4,true,false,false,1,1,7,6,4,2,0)
222:(7,0,false,7,7,true,true,4,4,16,16,4,4,true,false,false,2,2,7,6,4,10,0)
223:(7,0,false,7,7,true,true,4,4,16,16,4,4,true,false,false,2,2,7,6,4,11,0)
224:(7,0,false,7,7,true,true,4,4,16,16,4,4,true,false,false,2,2,7,6,4,14,0)
225:(7,0,false,7,7,true,true,4,4,16,16,4,8,true,false,false,1,1,7,6,4,2,0)
226:(7,0,false,7,7,true,true,4,4,16,16,4,8,true,false,false,2,2,7,6,4,10,0)
227:(7,0,false,7,7,true,true,4,4,16,16,4,8,true,false,false,2,2,7,6,4,11,0)
228:(7,0,false,7,7,true,true,4,4,16,16,4,8,true,false,false,2,2,7,6,4,14,0)
229:(7,0,false,7,7,true,true,4,4,16,16,4,12,true,false,false,1,1,7,6,4,2,0)
230:(7,0,false,7,7,true,true,4,4,16,16,4,12,true,false,false,2,2,7,6,4,10,0)
231:(7,0,false,7,7,true,true,4,4,16,16,4,12,true,false,false,2,2,7,6,4,11,0)
232:(7,0,false,7,7,true,true,4,4,16,16,4,12,true,false,false,2,2,7,6,4,14,0)
233:(7,0,false,7,7,true,true,4,4,16,16,4,16,false,false,false,1,1,7,6,4,2,0)
234:(7,0,false,7,7,true,true,4,4,16,16,4,16,false,false,false,2,2,7,6,4,10,0)
235:(7,0,false,7,7,true,true,4,4,16,16,4,16,false,false,false,2,2,7,6,4,14,0)
236:(7,0,false,7,7,true,true,4,4,16,16,4,16,true,false,false,1,1,7,6,4,2,0)
237:(7,0,false,7,7,true,true,4,4,16,16,4,16,true,false,false,2,2,7,6,4,10,0)
238:(7,0,false,7,7,true,true,4,4,16,16,4,16,true,false,false,2,2,7,6,4,14,0)
239:(7,0,true,3,3,true,true,0,0,0,0,0,0,false,false,false,1,1,7,3,1,6,0)
240:(7,0,true,3,3,true,true,0,0,0,0,0,0,true,false,false,1,1,7,3,1,6,0)
241:(7,0,true,5,4,true,true,2,1,8,4,4,0,true,false,false,1,1,7,4,2,6,0)
242:(7,0,true,5,4,true,true,2,1,8,4,4,4,true,false,false,1,1,7,4,2,6,0)
243:(7,0,true,5,4,true,true,2,1,8,4,4,8,false,false,false,1,1,7,4,2,6,0)
244:(7,0,true,5,4,true,true,2,1,8,4,4,8,true,false,false,1,1,7,4,2,6,0)
245:(7,0,true,5,5,true,true,2,2,8,8,0,0,true,false,false,1,1,7,5,3,6,0)
246:(7,0,true,5,5,true,true,2,2,8,8,0,4,true,false,false,1,1,7,5,3,6,0)
247:(7,0,true,5,5,true,true,2,2,8,8,0,8,false,false,false,1,1,7,5,3,6,0)
248:(7,0,true,5,5,true,true,2,2,8,8,0,8,true,false,false,1,1,7,5,3,6,0)
249:(7,0,true,5,5,true,true,2,2,8,8,4,0,true,false,false,1,1,7,5,3,6,0)
250:(7,0,true,5,5,true,true,2,2,8,8,4,4,true,false,false,1,1,7,5,3,6,0)
251:(7,0,true,5,5,true,true,2,2,8,8,4,8,false,false,false,1,1,7,5,3,6,0)
252:(7,0,true,5,5,true,true,2,2,8,8,4,8,true,false,false,1,1,7,5,3,6,0)
253:(7,0,true,7,6,true,true,4,3,16,12,4,0,true,false,false,1,1,7,6,4,6,0)
254:(7,0,true,7,6,true,true,4,3,16,12,4,4,true,false,false,1,1,7,6,4,6,0)
255:(7,0,true,7,6,true,true,4,3,16,12,4,8,true,false,false,1,1,7,6,4,6,0)
256:(7,0,true,7,6,true,true,4,3,16,12,4,12,true,false,false,1,1,7,6,4,6,0)
257:(7,0,true,7,6,true,true,4,3,16,12,4,16,false,false,false,1,1,7,6,4,6,0)
258:(7,0,true,7,6,true,true,4,3,16,12,4,16,true,false,false,1,1,7,6,4,6,0)
259:(8,0,false,7,7,true,true,4,4,16,16,0,0,true,false,false,0,0,0,0,0,2,0)
260:(8,0,false,7,7,true,true,4,4,16,16,0,4,true,false,false,0,0,0,0,0,2,0)
261:(8,0,false,7,7,true,true,4,4,16,16,0,8,true,false,false,0,0,0,0,0,2,0)
262:(8,0,false,7,7,true,true,4,4,16,16,0,12,true,false,false,0,0,0,0,0,2,0)
263:(8,0,false,7,7,true,true,4,4,16,16,0,16,false,false,false,0,0,0,0,0,2,0)
264:(8,0,false,7,7,true,true,4,4,16,16,0,16,true,false,false,0,0,0,0,0,2,0)
265:(8,0,false,7,7,true,true,4,4,16,16,4,0,true,false,false,0,0,0,0,0,2,0)
266:(8,0,false,7,7,true,true,4,4,16,16,4,4,true,false,false,0,0,0,0,0,2,0)
267:(8,0,false,7,7,true,true,4,4,16,16,4,8,true,false,false,0,0,0,0,0,2,0)
268:(8,0,false,7,7,true,true,4,4,16,16,4,12,true,false,false,0,0,0,0,0,2,0)
269:(8,0,false,7,7,true,true,4,4,16,16,4,16,false,false,false,0,0,0,0,0,2,0)
270:(8,0,false,7,7,true,true,4,4,16,16,4,16,true,false,false,0,0,0,0,0,2,0)
271:(8,0,false,7,8,true,true,4,4,16,16,0,0,true,false,true,1,1,8,7,0,2,0)
272:(8,0,false,7,8,true,true,4,4,16,16,0,4,true,false,true,1,1,8,7,0,2,0)
273:(8,0,false,7,8,true,true,4,4,16,16,0,8,true,false,true,1,1,8,7,0,2,0)
274:(8,0,false,7,8,true,true,4,4,16,16,0,12,true,false,true,1,1,8,7,0,2,0)
275:(8,0,false,7,8,true,true,4,4,16,16,0,16,false,false,true,1,1,8,7,0,2,0)
276:(8,0,false,7,8,true,true,4,4,16,16,0,16,true,false,true,1,1,8,7,0,2,0)
277:(8,0,false,7,8,true,true,4,4,16,16,4,0,true,false,true,1,1,8,7,0,2,0)
278:(8,0,false,7,8,true,true,4,4,16,16,4,4,true,false,true,1,1,8,7,0,2,0)
279:(8,0,false,7,8,true,true,4,4,16,16,4,8,true,false,true,1,1,8,7,0,2,0)
280:(8,0,false,7,8,true,true,4,4,16,16,4,12,true,false,true,1,1,8,7,0,2,0)
281:(8,0,false,7,8,true,true,4,4,16,16,4,16,false,false,true,1,1,8,7,0,2,0)
282:(8,0,false,7,8,true,true,4,4,16,16,4,16,true,false,true,1,1,8,7,0,2,0)
283:(8,0,false,8,7,true,true,4,4,16,16,0,0,true,true,false,2,2,8,7,0,1,0)
284:(8,0,false,8,7,true,true,4,4,16,16,0,4,true,true,false,2,2,8,7,0,1,0)
285:(8,0,false,8,7,true,true,4,4,16,16,0,8,true,true,false,2,2,8,7,0,1,0)
286:(8,0,false,8,7,true,true,4,4,16,16,0,12,true,true,false,2,2,8,7,0,1,0)
287:(8,0,false,8,7,true,true,4,4,16,16,0,16,false,true,false,2,2,8,7,0,1,0)
288:(8,0,false,8,7,true,true,4,4,16,16,0,16,true,true,false,2,2,8,7,0,1,0)
289:(8,0,false,8,7,true,true,4,4,16,16,4,0,true,true,false,2,2,8,7,0,1,0)
290:(8,0,false,8,7,true,true,4,4,16,16,4,4,true,true,false,2,2,8,7,0,1,0)
291:(8,0,false,8,7,true,true,4,4,16,16,4,8,true,true,false,2,2,8,7,0,1,0)
292:(8,0,false,8,7,true,true,4,4,16,16,4,12,true,true,false,2,2,8,7,0,1,0)
293:(8,0,false,8,7,true,true,4,4,16,16,4,16,false,true,false,2,2,8,7,0,1,0)
294:(8,0,false,8,7,true,true,4,4,16,16,4,16,true,true,false,2,2,8,7,0,1,0)
295:(8,0,false,8,8,true,true,4,4,16,16,0,0,true,true,true,1,1,8,7,0,2,0)
296:(8,0,false,8,8,true,true,4,4,16,16,0,0,true,true,true,2,2,8,7,0,1,0)
297:(8,0,false,8,8,true,true,4,4,16,16,0,4,true,true,true,1,1,8,7,0,2,0)
298:(8,0,false,8,8,true,true,4,4,16,16,0,4,true,true,true,2,2,8,7,0,1,0)
299:(8,0,false,8,8,true,true,4,4,16,16,0,8,true,true,true,1,1,8,7,0,2,0)
300:(8,0,false,8,8,true,true,4,4,16,16,0,8,true,true,true,2,2,8,7,0,1,0)
301:(8,0,false,8,8,true,true,4,4,16,16,0,12,true,true,true,1,1,8,7,0,2,0)
302:(8,0,false,8,8,true,true,4,4,16,16,0,12,true,true,true,2,2,8,7,0,1,0)
303:(8,0,false,8,8,true,true,4,4,16,16,0,16,false,true,true,1,1,8,7,0,2,0)
304:(8,0,false,8,8,true,true,4,4,16,16,0,16,false,true,true,2,2,8,7,0,1,0)
305:(8,0,false,8,8,true,true,4,4,16,16,0,16,true,true,true,1,1,8,7,0,2,0)
306:(8,0,false,8,8,true,true,4,4,16,16,0,16,true,true,true,2,2,8,7,0,1,0)
307:(8,0,false,8,8,true,true,4,4,16,16,4,0,true,true,true,1,1,8,7,0,2,0)
308:(8,0,false,8,8,true,true,4,4,16,16,4,0,true,true,true,2,2,8,7,0,1,0)
309:(8,0,false,8,8,true,true,4,4,16,16,4,4,true,true,true,1,1,8,7,0,2,0)
310:(8,0,false,8,8,true,true,4,4,16,16,4,4,true,true,true,2,2,8,7,0,1,0)
311:(8,0,false,8,8,true,true,4,4,16,16,4,8,true,true,true,1,1,8,7,0,2,0)
312:(8,0,false,8,8,true,true,4,4,16,16,4,8,true,true,true,2,2,8,7,0,1,0)
313:(8,0,false,8,8,true,true,4,4,16,16,4,12,true,true,true,1,1,8,7,0,2,0)
314:(8,0,false,8,8,true,true,4,4,16,16,4,12,true,true,true,2,2,8,7,0,1,0)
315:(8,0,false,8,8,true,true,4,4,16,16,4,16,false,true,true,1,1,8,7,0,2,0)
316:(8,0,false,8,8,true,true,4,4,16,16,4,16,false,true,true,2,2,8,7,0,1,0)
317:(8,0,false,8,8,true,true,4,4,16,16,4,16,true,true,true,1,1,8,7,0,2,0)
318:(8,0,false,8,8,true,true,4,4,16,16,4,16,true,true,true,2,2,8,7,0,1,0)
319:(8,0,true,8,7,true,true,4,4,16,16,0,0,true,true,false,1,1,8,7,0,6,0)
320:(8,0,true,8,7,true,true,4,4,16,16,0,4,true,true,false,1,1,8,7,0,6,0)
321:(8,0,true,8,7,true,true,4,4,16,16,0,8,true,true,false,1,1,8,7,0,6,0)
322:(8,0,true,8,7,true,true,4,4,16,16,0,12,true,true,false,1,1,8,7,0,6,0)
323:(8,0,true,8,7,true,true,4,4,16,16,0,16,false,true,false,1,1,8,7,0,6,0)
324:(8,0,true,8,7,true,true,4,4,16,16,0,16,true,true,false,1,1,8,7,0,6,0)
325:(8,0,true,8,7,true,true,4,4,16,16,4,0,true,true,false,1,1,8,7,0,6,0)
326:(8,0,true,8,7,true,true,4,4,16,16,4,4,true,true,false,1,1,8,7,0,6,0)
327:(8,0,true,8,7,true,true,4,4,16,16,4,8,true,true,false,1,1,8,7,0,6,0)
328:(8,0,true,8,7,true,true,4,4,16,16,4,12,true,true,false,1,1,8,7,0,6,0)
329:(8,0,true,8,7,true,true,4,4,16,16,4,16,false,true,false,1,1,8,7,0,6,0)
330:(8,0,true,8,7,true,true,4,4,16,16,4,16,true,true,false,1,1,8,7,0,6,0)
331:(9,1,false,8,8,true,true,4,4,16,16,0,0,true,true,true,0,0,0,0,0,12,0)
332:(9,1,false,8,8,true,true,4,4,16,16,0,4,true,true,true,0,0,0,0,0,12,0)
333:(9,1,false,8,8,true,true,4,4,16,16,0,8,true,true,true,0,0,0,0,0,12,0)
334:(9,1,false,8,8,true,true,4,4,16,16,0,12,true,true,true,0,0,0,0,0,12,0)
335:(9,1,false,8,8,true,true,4,4,16,16,0,16,false,true,true,0,0,0,0,0,12,0)
336:(9,1,false,8,8,true,true,4,4,16,16,0,16,true,true,true,0,0,0,0,0,12,0)
337:(9,1,false,8,8,true,true,4,4,16,16,4,0,true,true,true,0,0,0,0,0,12,0)
338:(9,1,false,8,8,true,true,4,4,16,16,4,4,true,true,true,0,0,0,0,0,12,0)
339:(9,1,false,8,8,true,true,4,4,16,16,4,8,true,true,true,0,0,0,0,0,12,0)
340:(9,1,false,8,8,true,true,4,4,16,16,4,12,true,true,true,0,0,0,0,0,12,0)
341:(9,1,false,8,8,true,true,4,4,16,16,4,16,false,true,true,0,0,0,0,0,12,0)
342:(9,1,false,8,8,true,true,4,4,16,16,4,16,true,true,true,0,0,0,0,0,12,0)
343:(9,2,false,0,0,false,false,0,0,0,0,0,0,false,false,false,1,1,1,0,0,3,1)
344:(9,2,false,1,0,false,false,0,0,0,0,0,0,false,false,false,1,1,3,0,0,3,1)
345:(9,2,false,1,0,false,false,0,0,0,0,0,0,false,false,false,1,1,3,0,0,4,3)
346:(9,2,false,1,0,false,false,0,0,0,0,0,0,false,false,false,1,1,3,1,0,5,2)
347:(9,2,false,1,0,false,false,0,0,0,0,0,0,false,false,false,1,2,3,0,0,15,4)
348:(9,2,false,1,1,false,false,0,0,0,0,0,0,false,false,false,2,0,0,0,0,8,6)
349:(9,2,false,2,1,false,false,0,0,0,0,0,0,false,false,false,1,1,5,0,0,4,3)
350:(9,2,false,2,1,false,false,0,0,0,0,0,0,false,false,false,1,1,5,1,0,3,1)
351:(9,2,false,2,1,false,false,0,0,0,0,0,0,false,false,false,1,1,5,2,0,5,2)
352:(9,2,false,2,1,false,false,0,0,0,0,0,0,false,false,false,1,2,5,1,0,15,4)
353:(9,2,false,2,2,false,false,0,0,0,0,0,0,false,false,false,1,1,6,2,0,3,5)
354:(9,2,false,2,2,false,false,0,0,0,0,0,0,false,false,false,1,1,6,3,0,5,2)
355:(9,2,false,3,2,true,false,0,0,0,0,0,0,false,false,false,1,1,6,2,0,3,5)
356:(9,2,false,3,2,true,false,0,0,0,0,0,0,false,false,false,1,1,6,3,0,5,2)
357:(9,2,false,3,2,true,false,0,0,0,0,0,0,true,false,false,1,1,6,2,0,3,5)
358:(9,2,false,3,2,true,false,0,0,0,0,0,0,true,false,false,1,1,6,3,0,5,2)
359:(9,2,false,3,3,true,true,0,0,0,0,0,0,false,false,false,1,1,7,3,1,3,5)
360:(9,2,false,3,3,true,true,0,0,0,0,0,0,false,false,false,1,1,7,4,2,5,2)
361:(9,2,false,3,3,true,true,0,0,0,0,0,0,false,false,false,1,2,7,3,1,15,4)
362:(9,2,false,3,3,true,true,0,0,0,0,0,0,true,false,false,1,1,7,3,1,3,5)
363:(9,2,false,3,3,true,true,0,0,0,0,0,0,true,false,false,1,1,7,4,2,5,2)
364:(9,2,false,3,3,true,true,0,0,0,0,0,0,true,false,false,1,2,7,3,1,15,4)
365:(9,2,false,3,4,true,true,0,1,0,4,0,0,false,false,false,1,1,7,3,1,4,3)
366:(9,2,false,3,4,true,true,0,1,0,4,0,0,false,false,false,1,1,7,4,2,3,5)
367:(9,2,false,3,4,true,true,0,1,0,4,0,0,false,false,false,1,1,7,5,3,5,2)
368:(9,2,false,3,4,true,true,0,1,0,4,0,0,false,false,false,1,2,7,4,2,15,4)
369:(9,2,false,3,4,true,true,0,1,0,4,0,0,true,false,false,1,1,7,3,1,4,3)
370:(9,2,false,3,4,true,true,0,1,0,4,0,0,true,false,false,1,1,7,4,2,3,5)
371:(9,2,false,3,4,true,true,0,1,0,4,0,0,true,false,false,1,1,7,5,3,5,2)
372:(9,2,false,3,4,true,true,0,1,0,4,0,0,true,false,false,1,2,7,4,2,15,4)
373:(9,2,false,3,5,true,true,0,2,0,8,0,0,false,false,false,1,1,7,4,2,4,3)
374:(9,2,false,3,5,true,true,0,2,0,8,0,0,false,false,false,1,1,7,5,3,3,5)
375:(9,2,false,3,5,true,true,0,2,0,8,0,0,false,false,false,1,1,7,6,4,5,2)
376:(9,2,false,3,5,true,true,0,2,0,8,0,0,false,false,false,1,2,7,5,3,15,4)
377:(9,2,false,3,5,true,true,0,2,0,8,0,0,true,false,false,1,1,7,4,2,4,3)
378:(9,2,false,3,5,true,true,0,2,0,8,0,0,true,false,false,1,1,7,5,3,3,5)
379:(9,2,false,3,5,true,true,0,2,0,8,0,0,true,false,false,1,1,7,6,4,5,2)
380:(9,2,false,3,5,true,true,0,2,0,8,0,0,true,false,false,1,2,7,5,3,15,4)
381:(9,2,false,3,6,true,true,0,3,0,12,0,0,false,false,false,1,1,7,5,3,4,3)
382:(9,2,false,3,6,true,true,0,3,0,12,0,0,false,false,false,1,1,7,6,4,3,5)
383:(9,2,false,3,6,true,true,0,3,0,12,0,0,false,false,false,1,1,7,7,5,5,2)
384:(9,2,false,3,6,true,true,0,3,0,12,0,0,false,false,false,1,2,7,6,4,15,4)
385:(9,2,false,3,6,true,true,0,3,0,12,0,0,true,false,false,1,1,7,5,3,4,3)
386:(9,2,false,3,6,true,true,0,3,0,12,0,0,true,false,false,1,1,7,6,4,3,5)
387:(9,2,false,3,6,true,true,0,3,0,12,0,0,true,false,false,1,1,7,7,5,5,2)
388:(9,2,false,3,6,true,true,0,3,0,12,0,0,true,false,false,1,2,7,6,4,15,4)
389:(9,2,false,3,7,true,true,0,4,0,16,0,0,false,false,false,1,1,7,6,4,4,3)
390:(9,2,false,3,7,true,true,0,4,0,16,0,0,true,false,false,1,1,7,6,4,4,3)
391:(9,2,false,4,4,true,true,1,1,4,4,0,0,true,false,false,1,1,7,3,1,4,3)
392:(9,2,false,4,4,true,true,1,1,4,4,0,0,true,false,false,1,1,7,4,2,3,5)
393:(9,2,false,4,4,true,true,1,1,4,4,0,0,true,false,false,1,1,7,5,3,5,2)
394:(9,2,false,4,4,true,true,1,1,4,4,0,0,true,false,false,1,2,7,4,2,15,4)
395:(9,2,false,4,4,true,true,1,1,4,4,0,4,false,false,false,1,1,7,3,1,4,3)
396:(9,2,false,4,4,true,true,1,1,4,4,0,4,false,false,false,1,1,7,4,2,3,5)
397:(9,2,false,4,4,true,true,1,1,4,4,0,4,false,false,false,1,1,7,5,3,5,2)
398:(9,2,false,4,4,true,true,1,1,4,4,0,4,false,false,false,1,2,7,4,2,15,4)
399:(9,2,false,4,4,true,true,1,1,4,4,0,4,true,false,false,1,1,7,3,1,4,3)
400:(9,2,false,4,4,true,true,1,1,4,4,0,4,true,false,false,1,1,7,4,2,3,5)
401:(9,2,false,4,4,true,true,1,1,4,4,0,4,true,false,false,1,1,7,5,3,5,2)
402:(9,2,false,4,4,true,true,1,1,4,4,0,4,true,false,false,1,2,7,4,2,15,4)
403:(9,2,false,4,5,true,true,1,2,4,8,0,0,true,false,false,1,1,7,4,2,4,3)
404:(9,2,false,4,5,true,true,1,2,4,8,0,0,true,false,false,1,1,7,5,3,3,5)
405:(9,2,false,4,5,true,true,1,2,4,8,0,0,true,false,false,1,1,7,6,4,5,2)
406:(9,2,false,4,5,true,true,1,2,4,8,0,0,true,false,false,1,2,7,5,3,15,4)
407:(9,2,false,4,5,true,true,1,2,4,8,0,4,false,false,false,1,1,7,4,2,4,3)
408:(9,2,false,4,5,true,true,1,2,4,8,0,4,false,false,false,1,1,7,5,3,3,5)
409:(9,2,false,4,5,true,true,1,2,4,8,0,4,false,false,false,1,1,7,6,4,5,2)
410:(9,2,false,4,5,true,true,1,2,4,8,0,4,false,false,false,1,2,7,5,3,15,4)
411:(9,2,false,4,5,true,true,1,2,4,8,0,4,true,false,false,1,1,7,4,2,4,3)
412:(9,2,false,4,5,true,true,1,2,4,8,0,4,true,false,false,1,1,7,5,3,3,5)
413:(9,2,false,4,5,true,true,1,2,4,8,0,4,true,false,false,1,1,7,6,4,5,2)
414:(9,2,false,4,5,true,true,1,2,4,8,0,4,true,false,false,1,2,7,5,3,15,4)
415:(9,2,false,4,6,true,true,1,3,4,12,0,0,true,false,false,1,1,7,5,3,4,3)
416:(9,2,false,4,6,true,true,1,3,4,12,0,0,true,false,false,1,1,7,6,4,3,5)
417:(9,2,false,4,6,true,true,1,3,4,12,0,0,true,false,false,1,1,7,7,5,5,2)
418:(9,2,false,4,6,true,true,1,3,4,12,0,0,true,false,false,1,2,7,6,4,15,4)
419:(9,2,false,4,6,true,true,1,3,4,12,0,4,false,false,false,1,1,7,5,3,4,3)
420:(9,2,false,4,6,true,true,1,3,4,12,0,4,false,false,false,1,1,7,6,4,3,5)
421:(9,2,false,4,6,true,true,1,3,4,12,0,4,false,false,false,1,1,7,7,5,5,2)
422:(9,2,false,4,6,true,true,1,3,4,12,0,4,false,false,false,1,2,7,6,4,15,4)
423:(9,2,false,4,6,true,true,1,3,4,12,0,4,true,false,false,1,1,7,5,3,4,3)
424:(9,2,false,4,6,true,true,1,3,4,12,0,4,true,false,false,1,1,7,6,4,3,5)
425:(9,2,false,4,6,true,true,1,3,4,12,0,4,true,false,false,1,1,7,7,5,5,2)
426:(9,2,false,4,6,true,true,1,3,4,12,0,4,true,false,false,1,2,7,6,4,15,4)
427:(9,2,false,4,7,true,true,1,4,4,16,0,0,true,false,false,1,1,7,6,4,4,3)
428:(9,2,false,4,7,true,true,1,4,4,16,0,4,false,false,false,1,1,7,6,4,4,3)
429:(9,2,false,4,7,true,true,1,4,4,16,0,4,true,false,false,1,1,7,6,4,4,3)
430:(9,2,false,5,4,true,true,2,1,8,4,4,0,true,false,false,1,1,7,3,1,4,3)
431:(9,2,false,5,4,true,true,2,1,8,4,4,0,true,false,false,1,1,7,4,2,3,5)
432:(9,2,false,5,4,true,true,2,1,8,4,4,0,true,false,false,1,1,7,5,3,5,2)
433:(9,2,false,5,4,true,true,2,1,8,4,4,0,true,false,false,1,2,7,4,2,15,4)
434:(9,2,false,5,4,true,true,2,1,8,4,4,4,true,false,false,1,1,7,3,1,4,3)
435:(9,2,false,5,4,true,true,2,1,8,4,4,4,true,false,false,1,1,7,4,2,3,5)
436:(9,2,false,5,4,true,true,2,1,8,4,4,4,true,false,false,1,1,7,5,3,5,2)
437:(9,2,false,5,4,true,true,2,1,8,4,4,4,true,false,false,1,2,7,4,2,15,4)
438:(9,2,false,5,4,true,true,2,1,8,4,4,8,false,false,false,1,1,7,3,1,4,3)
439:(9,2,false,5,4,true,true,2,1,8,4,4,8,false,false,false,1,1,7,4,2,3,5)
440:(9,2,false,5,4,true,true,2,1,8,4,4,8,false,false,false,1,1,7,5,3,5,2)
441:(9,2,false,5,4,true,true,2,1,8,4,4,8,false,false,false,1,2,7,4,2,15,4)
442:(9,2,false,5,4,true,true,2,1,8,4,4,8,true,false,false,1,1,7,3,1,4,3)
443:(9,2,false,5,4,true,true,2,1,8,4,4,8,true,false,false,1,1,7,4,2,3,5)
444:(9,2,false,5,4,true,true,2,1,8,4,4,8,true,false,false,1,1,7,5,3,5,2)
445:(9,2,false,5,4,true,true,2,1,8,4,4,8,true,false,false,1,2,7,4,2,15,4)
446:(9,2,false,5,5,true,true,2,2,8,8,0,0,true,false,false,1,1,7,4,2,4,3)
447:(9,2,false,5,5,true,true,2,2,8,8,0,0,true,false,false,1,1,7,5,3,3,5)
448:(9,2,false,5,5,true,true,2,2,8,8,0,0,true,false,false,1,1,7,6,4,5,2)
449:(9,2,false,5,5,true,true,2,2,8,8,0,0,true,false,false,1,2,7,5,3,15,4)
450:(9,2,false,5,5,true,true,2,2,8,8,0,4,true,false,false,1,1,7,4,2,4,3)
451:(9,2,false,5,5,true,true,2,2,8,8,0,4,true,false,false,1,1,7,5,3,3,5)
452:(9,2,false,5,5,true,true,2,2,8,8,0,4,true,false,false,1,1,7,6,4,5,2)
453:(9,2,false,5,5,true,true,2,2,8,8,0,4,true,false,false,1,2,7,5,3,15,4)
454:(9,2,false,5,5,true,true,2,2,8,8,0,8,false,false,false,1,1,7,4,2,4,3)
455:(9,2,false,5,5,true,true,2,2,8,8,0,8,false,false,false,1,1,7,5,3,3,5)
456:(9,2,false,5,5,true,true,2,2,8,8,0,8,false,false,false,1,1,7,6,4,5,2)
457:(9,2,false,5,5,true,true,2,2,8,8,0,8,false,false,false,1,2,7,5,3,15,4)
458:(9,2,false,5,5,true,true,2,2,8,8,0,8,true,false,false,1,1,7,4,2,4,3)
459:(9,2,false,5,5,true,true,2,2,8,8,0,8,true,false,false,1,1,7,5,3,3,5)
460:(9,2,false,5,5,true,true,2,2,8,8,0,8,true,false,false,1,1,7,6,4,5,2)
461:(9,2,false,5,5,true,true,2,2,8,8,0,8,true,false,false,1,2,7,5,3,15,4)
462:(9,2,false,5,5,true,true,2,2,8,8,4,0,true,false,false,1,1,7,4,2,4,3)
463:(9,2,false,5,5,true,true,2,2,8,8,4,0,true,false,false,1,1,7,5,3,3,5)
464:(9,2,false,5,5,true,true,2,2,8,8,4,0,true,false,false,1,1,7,6,4,5,2)
465:(9,2,false,5,5,true,true,2,2,8,8,4,0,true,false,false,1,2,7,5,3,15,4)
466:(9,2,false,5,5,true,true,2,2,8,8,4,4,true,false,false,1,1,7,4,2,4,3)
467:(9,2,false,5,5,true,true,2,2,8,8,4,4,true,false,false,1,1,7,5,3,3,5)
468:(9,2,false,5,5,true,true,2,2,8,8,4,4,true,false,false,1,1,7,6,4,5,2)
469:(9,2,false,5,5,true,true,2,2,8,8,4,4,true,false,false,1,2,7,5,3,15,4)
470:(9,2,false,5,5,true,true,2,2,8,8,4,8,false,false,false,1,1,7,4,2,4,3)
471:(9,2,false,5,5,true,true,2,2,8,8,4,8,false,false,false,1,1,7,5,3,3,5)
472:(9,2,false,5,5,true,true,2,2,8,8,4,8,false,false,false,1,1,7,6,4,5,2)
473:(9,2,false,5,5,true,true,2,2,8,8,4,8,false,false,false,1,2,7,5,3,15,4)
474:(9,2,false,5,5,true,true,2,2,8,8,4,8,true,false,false,1,1,7,4,2,4,3)
475:(9,2,false,5,5,true,true,2,2,8,8,4,8,true,false,false,1,1,7,5,3,3,5)
476:(9,2,false,5,5,true,true,2,2,8,8,4,8,true,false,false,1,1,7,6,4,5,2)
477:(9,2,false,5,5,true,true,2,2,8,8,4,8,true,false,false,1,2,7,5,3,15,4)
478:(9,2,false,5,6,true,true,2,3,8,12,0,0,true,false,false,1,1,7,5,3,4,3)
479:(9,2,false,5,6,true,true,2,3,8,12,0,0,true,false,false,1,1,7,6,4,3,5)
480:(9,2,false,5,6,true,true,2,3,8,12,0,0,true,false,false,1,1,7,7,5,5,2)
481:(9,2,false,5,6,true,true,2,3,8,12,0,0,true,false,false,1,2,7,6,4,15,4)
482:(9,2,false,5,6,true,true,2,3,8,12,0,4,true,false,false,1,1,7,5,3,4,3)
483:(9,2,false,5,6,true,true,2,3,8,12,0,4,true,false,false,1,1,7,6,4,3,5)
484:(9,2,false,5,6,true,true,2,3,8,12,0,4,true,false,false,1,1,7,7,5,5,2)
485:(9,2,false,5,6,true,true,2,3,8,12,0,4,true,false,false,1,2,7,6,4,15,4)
486:(9,2,false,5,6,true,true,2,3,8,12,0,8,false,false,false,1,1,7,5,3,4,3)
487:(9,2,false,5,6,true,true,2,3,8,12,0,8,false,false,false,1,1,7,6,4,3,5)
488:(9,2,false,5,6,true,true,2,3,8,12,0,8,false,false,false,1,1,7,7,5,5,2)
489:(9,2,false,5,6,true,true,2,3,8,12,0,8,false,false,false,1,2,7,6,4,15,4)
490:(9,2,false,5,6,true,true,2,3,8,12,0,8,true,false,false,1,1,7,5,3,4,3)
491:(9,2,false,5,6,true,true,2,3,8,12,0,8,true,false,false,1,1,7,6,4,3,5)
492:(9,2,false,5,6,true,true,2,3,8,12,0,8,true,false,false,1,1,7,7,5,5,2)
493:(9,2,false,5,6,true,true,2,3,8,12,0,8,true,false,false,1,2,7,6,4,15,4)
494:(9,2,false,5,6,true,true,2,3,8,12,4,0,true,false,false,1,1,7,5,3,4,3)
495:(9,2,false,5,6,true,true,2,3,8,12,4,0,true,false,false,1,1,7,6,4,3,5)
496:(9,2,false,5,6,true,true,2,3,8,12,4,0,true,false,false,1,1,7,7,5,5,2)
497:(9,2,false,5,6,true,true,2,3,8,12,4,0,true,false,false,1,2,7,6,4,15,4)
498:(9,2,false,5,6,true,true,2,3,8,12,4,4,true,false,false,1,1,7,5,3,4,3)
499:(9,2,false,5,6,true,true,2,3,8,12,4,4,true,false,false,1,1,7,6,4,3,5)
500:(9,2,false,5,6,true,true,2,3,8,12,4,4,true,false,false,1,1,7,7,5,5,2)
501:(9,2,false,5,6,true,true,2,3,8,12,4,4,true,false,false,1,2,7,6,4,15,4)
502:(9,2,false,5,6,true,true,2,3,8,12,4,8,false,false,false,1,1,7,5,3,4,3)
503:(9,2,false,5,6,true,true,2,3,8,12,4,8,false,false,false,1,1,7,6,4,3,5)
504:(9,2,false,5,6,true,true,2,3,8,12,4,8,false,false,false,1,1,7,7,5,5,2)
505:(9,2,false,5,6,true,true,2,3,8,12,4,8,false,false,false,1,2,7,6,4,15,4)
506:(9,2,false,5,6,true,true,2,3,8,12,4,8,true,false,false,1,1,7,5,3,4,3)
507:(9,2,false,5,6,true,true,2,3,8,12,4,8,true,false,false,1,1,7,6,4,3,5)
508:(9,2,false,5,6,true,true,2,3,8,12,4,8,true,false,false,1,1,7,7,5,5,2)
509:(9,2,false,5,6,true,true,2,3,8,12,4,8,true,false,false,1,2,7,6,4,15,4)
510:(9,2,false,5,7,true,true,2,4,8,16,0,0,true,false,false,1,1,7,6,4,4,3)
511:(9,2,false,5,7,true,true,2,4,8,16,0,4,true,false,false,1,1,7,6,4,4,3)
512:(9,2,false,5,7,true,true,2,4,8,16,0,8,false,false,false,1,1,7,6,4,4,3)
513:(9,2,false,5,7,true,true,2,4,8,16,0,8,true,false,false,1,1,7,6,4,4,3)
514:(9,2,false,5,7,true,true,2,4,8,16,4,0,true,false,false,1,1,7,6,4,4,3)
515:(9,2,false,5,7,true,true,2,4,8,16,4,4,true,false,false,1,1,7,6,4,4,3)
516:(9,2,false,5,7,true,true,2,4,8,16,4,8,false,false,false,1,1,7,6,4,4,3)
517:(9,2,false,5,7,true,true,2,4,8,16,4,8,true,false,false,1,1,7,6,4,4,3)
518:(9,2,false,6,6,true,true,3,3,12,12,0,0,true,false,false,1,1,7,5,3,4,3)
519:(9,2,false,6,6,true,true,3,3,12,12,0,0,true,false,false,1,1,7,6,4,3,5)
520:(9,2,false,6,6,true,true,3,3,12,12,0,0,true,false,false,1,1,7,7,5,5,2)
521:(9,2,false,6,6,true,true,3,3,12,12,0,0,true,false,false,1,2,7,6,4,15,4)
522:(9,2,false,6,6,true,true,3,3,12,12,0,4,true,false,false,1,1,7,5,3,4,3)
523:(9,2,false,6,6,true,true,3,3,12,12,0,4,true,false,false,1,1,7,6,4,3,5)
524:(9,2,false,6,6,true,true,3,3,12,12,0,4,true,false,false,1,1,7,7,5,5,2)
525:(9,2,false,6,6,true,true,3,3,12,12,0,4,true,false,false,1,2,7,6,4,15,4)
526:(9,2,false,6,6,true,true,3,3,12,12,0,8,true,false,false,1,1,7,5,3,4,3)
527:(9,2,false,6,6,true,true,3,3,12,12,0,8,true,false,false,1,1,7,6,4,3,5)
528:(9,2,false,6,6,true,true,3,3,12,12,0,8,true,false,false,1,1,7,7,5,5,2)
529:(9,2,false,6,6,true,true,3,3,12,12,0,8,true,false,false,1,2,7,6,4,15,4)
530:(9,2,false,6,6,true,true,3,3,12,12,0,12,false,false,false,1,1,7,5,3,4,3)
531:(9,2,false,6,6,true,true,3,3,12,12,0,12,false,false,false,1,1,7,6,4,3,5)
532:(9,2,false,6,6,true,true,3,3,12,12,0,12,false,false,false,1,1,7,7,5,5,2)
533:(9,2,false,6,6,true,true,3,3,12,12,0,12,false,false,false,1,2,7,6,4,15,4)
534:(9,2,false,6,6,true,true,3,3,12,12,0,12,true,false,false,1,1,7,5,3,4,3)
535:(9,2,false,6,6,true,true,3,3,12,12,0,12,true,false,false,1,1,7,6,4,3,5)
536:(9,2,false,6,6,true,true,3,3,12,12,0,12,true,false,false,1,1,7,7,5,5,2)
537:(9,2,false,6,6,true,true,3,3,12,12,0,12,true,false,false,1,2,7,6,4,15,4)
538:(9,2,false,6,6,true,true,3,3,12,12,4,0,true,false,false,1,1,7,5,3,4,3)
539:(9,2,false,6,6,true,true,3,3,12,12,4,0,true,false,false,1,1,7,6,4,3,5)
540:(9,2,false,6,6,true,true,3,3,12,12,4,0,true,false,false,1,1,7,7,5,5,2)
541:(9,2,false,6,6,true,true,3,3,12,12,4,0,true,false,false,1,2,7,6,4,15,4)
542:(9,2,false,6,6,true,true,3,3,12,12,4,4,true,false,false,1,1,7,5,3,4,3)
543:(9,2,false,6,6,true,true,3,3,12,12,4,4,true,false,false,1,1,7,6,4,3,5)
544:(9,2,false,6,6,true,true,3,3,12,12,4,4,true,false,false,1,1,7,7,5,5,2)
545:(9,2,false,6,6,true,true,3,3,12,12,4,4,true,false,false,1,2,7,6,4,15,4)
546:(9,2,false,6,6,true,true,3,3,12,12,4,8,true,false,false,1,1,7,5,3,4,3)
547:(9,2,false,6,6,true,true,3,3,12,12,4,8,true,false,false,1,1,7,6,4,3,5)
548:(9,2,false,6,6,true,true,3,3,12,12,4,8,true,false,false,1,1,7,7,5,5,2)
549:(9,2,false,6,6,true,true,3,3,12,12,4,8,true,false,false,1,2,7,6,4,15,4)
550:(9,2,false,6,6,true,true,3,3,12,12,4,12,false,false,false,1,1,7,5,3,4,3)
551:(9,2,false,6,6,true,true,3,3,12,12,4,12,false,false,false,1,1,7,6,4,3,5)
552:(9,2,false,6,6,true,true,3,3,12,12,4,12,false,false,false,1,1,7,7,5,5,2)
553:(9,2,false,6,6,true,true,3,3,12,12,4,12,false,false,false,1,2,7,6,4,15,4)
554:(9,2,false,6,6,true,true,3,3,12,12,4,12,true,false,false,1,1,7,5,3,4,3)
555:(9,2,false,6,6,true,true,3,3,12,12,4,12,true,false,false,1,1,7,6,4,3,5)
556:(9,2,false,6,6,true,true,3,3,12,12,4,12,true,false,false,1,1,7,7,5,5,2)
557:(9,2,false,6,6,true,true,3,3,12,12,4,12,true,false,false,1,2,7,6,4,15,4)
558:(9,2,false,6,7,true,true,3,4,12,16,0,0,true,false,false,1,1,7,6,4,4,3)
559:(9,2,false,6,7,true,true,3,4,12,16,0,4,true,false,false,1,1,7,6,4,4,3)
560:(9,2,false,6,7,true,true,3,4,12,16,0,8,true,false,false,1,1,7,6,4,4,3)
561:(9,2,false,6,7,true,true,3,4,12,16,0,12,false,false,false,1,1,7,6,4,4,3)
562:(9,2,false,6,7,true,true,3,4,12,16,0,12,true,false,false,1,1,7,6,4,4,3)
563:(9,2,false,6,7,true,true,3,4,12,16,4,0,true,false,false,1,1,7,6,4,4,3)
564:(9,2,false,6,7,true,true,3,4,12,16,4,4,true,false,false,1,1,7,6,4,4,3)
565:(9,2,false,6,7,true,true,3,4,12,16,4,8,true,false,false,1,1,7,6,4,4,3)
566:(9,2,false,6,7,true,true,3,4,12,16,4,12,false,false,false,1,1,7,6,4,4,3)
567:(9,2,false,6,7,true,true,3,4,12,16,4,12,true,false,false,1,1,7,6,4,4,3)
568:(9,2,false,7,6,true,true,4,3,16,12,4,0,true,false,false,1,1,7,5,3,4,3)
569:(9,2,false,7,6,true,true,4,3,16,12,4,0,true,false,false,1,1,7,6,4,3,5)
570:(9,2,false,7,6,true,true,4,3,16,12,4,0,true,false,false,1,1,7,7,5,5,2)
571:(9,2,false,7,6,true,true,4,3,16,12,4,0,true,false,false,1,2,7,6,4,15,4)
572:(9,2,false,7,6,true,true,4,3,16,12,4,4,true,false,false,1,1,7,5,3,4,3)
573:(9,2,false,7,6,true,true,4,3,16,12,4,4,true,false,false,1,1,7,6,4,3,5)
574:(9,2,false,7,6,true,true,4,3,16,12,4,4,true,false,false,1,1,7,7,5,5,2)
575:(9,2,false,7,6,true,true,4,3,16,12,4,4,true,false,false,1,2,7,6,4,15,4)
576:(9,2,false,7,6,true,true,4,3,16,12,4,8,true,false,false,1,1,7,5,3,4,3)
577:(9,2,false,7,6,true,true,4,3,16,12,4,8,true,false,false,1,1,7,6,4,3,5)
578:(9,2,false,7,6,true,true,4,3,16,12,4,8,true,false,false,1,1,7,7,5,5,2)
579:(9,2,false,7,6,true,true,4,3,16,12,4,8,true,false,false,1,2,7,6,4,15,4)
580:(9,2,false,7,6,true,true,4,3,16,12,4,12,true,false,false,1,1,7,5,3,4,3)
581:(9,2,false,7,6,true,true,4,3,16,12,4,12,true,false,false,1,1,7,6,4,3,5)
582:(9,2,false,7,6,true,true,4,3,16,12,4,12,true,false,false,1,1,7,7,5,5,2)
583:(9,2,false,7,6,true,true,4,3,16,12,4,12,true,false,false,1,2,7,6,4,15,4)
584:(9,2,false,7,6,true,true,4,3,16,12,4,16,false,false,false,1,1,7,5,3,4,3)
585:(9,2,false,7,6,true,true,4,3,16,12,4,16,false,false,false,1,1,7,6,4,3,5)
586:(9,2,false,7,6,true,true,4,3,16,12,4,16,false,false,false,1,1,7,7,5,5,2)
587:(9,2,false,7,6,true,true,4,3,16,12,4,16,false,false,false,1,2,7,6,4,15,4)
588:(9,2,false,7,6,true,true,4,3,16,12,4,16,true,false,false,1,1,7,5,3,4,3)
589:(9,2,false,7,6,true,true,4,3,16,12,4,16,true,false,false,1,1,7,6,4,3,5)
590:(9,2,false,7,6,true,true,4,3,16,12,4,16,true,false,false,1,1,7,7,5,5,2)
591:(9,2,false,7,6,true,true,4,3,16,12,4,16,true,false,false,1,2,7,6,4,15,4)
592:(9,2,false,7,7,true,true,4,4,16,16,0,0,true,false,false,1,1,7,6,4,4,3)
593:(9,2,false,7,7,true,true,4,4,16,16,0,0,true,false,false,1,1,8,6,0,4,3)
594:(9,2,false,7,7,true,true,4,4,16,16,0,0,true,false,false,1,1,8,7,0,3,1)
595:(9,2,false,7,7,true,true,4,4,16,16,0,4,true,false,false,1,1,7,6,4,4,3)
596:(9,2,false,7,7,true,true,4,4,16,16,0,4,true,false,false,1,1,8,6,0,4,3)
597:(9,2,false,7,7,true,true,4,4,16,16,0,4,true,false,false,1,1,8,7,0,3,1)
598:(9,2,false,7,7,true,true,4,4,16,16,0,8,true,false,false,1,1,7,6,4,4,3)
599:(9,2,false,7,7,true,true,4,4,16,16,0,8,true,false,false,1,1,8,6,0,4,3)
600:(9,2,false,7,7,true,true,4,4,16,16,0,8,true,false,false,1,1,8,7,0,3,1)
601:(9,2,false,7,7,true,true,4,4,16,16,0,12,true,false,false,1,1,7,6,4,4,3)
602:(9,2,false,7,7,true,true,4,4,16,16,0,12,true,false,false,1,1,8,6,0,4,3)
603:(9,2,false,7,7,true,true,4,4,16,16,0,12,true,false,false,1,1,8,7,0,3,1)
604:(9,2,false,7,7,true,true,4,4,16,16,0,16,false,false,false,1,1,7,6,4,4,3)
605:(9,2,false,7,7,true,true,4,4,16,16,0,16,false,false,false,1,1,8,6,0,4,3)
606:(9,2,false,7,7,true,true,4,4,16,16,0,16,false,false,false,1,1,8,7,0,3,1)
607:(9,2,false,7,7,true,true,4,4,16,16,0,16,true,false,false,1,1,7,6,4,4,3)
608:(9,2,false,7,7,true,true,4,4,16,16,0,16,true,false,false,1,1,8,6,0,4,3)
609:(9,2,false,7,7,true,true,4,4,16,16,0,16,true,false,false,1,1,8,7,0,3,1)
610:(9,2,false,7,7,true,true,4,4,16,16,4,0,true,false,false,1,1,7,6,4,4,3)
611:(9,2,false,7,7,true,true,4,4,16,16,4,0,true,false,false,1,1,8,6,0,4,3)
612:(9,2,false,7,7,true,true,4,4,16,16,4,0,true,false,false,1,1,8,7,0,3,1)
613:(9,2,false,7,7,true,true,4,4,16,16,4,4,true,false,false,1,1,7,6,4,4,3)
614:(9,2,false,7,7,true,true,4,4,16,16,4,4,true,false,false,1,1,8,6,0,4,3)
615:(9,2,false,7,7,true,true,4,4,16,16,4,4,true,false,false,1,1,8,7,0,3,1)
616:(9,2,false,7,7,true,true,4,4,16,16,4,8,true,false,false,1,1,7,6,4,4,3)
617:(9,2,false,7,7,true,true,4,4,16,16,4,8,true,false,false,1,1,8,6,0,4,3)
618:(9,2,false,7,7,true,true,4,4,16,16,4,8,true,false,false,1,1,8,7,0,3,1)
619:(9,2,false,7,7,true,true,4,4,16,16,4,12,true,false,false,1,1,7,6,4,4,3)
620:(9,2,false,7,7,true,true,4,4,16,16,4,12,true,false,false,1,1,8,6,0,4,3)
621:(9,2,false,7,7,true,true,4,4,16,16,4,12,true,false,false,1,1,8,7,0,3,1)
622:(9,2,false,7,7,true,true,4,4,16,16,4,16,false,false,false,1,1,7,6,4,4,3)
623:(9,2,false,7,7,true,true,4,4,16,16,4,16,false,false,false,1,1,8,6,0,4,3)
624:(9,2,false,7,7,true,true,4,4,16,16,4,16,false,false,false,1,1,8,7,0,3,1)
625:(9,2,false,7,7,true,true,4,4,16,16,4,16,true,false,false,1,1,7,6,4,4,3)
626:(9,2,false,7,7,true,true,4,4,16,16,4,16,true,false,false,1,1,8,6,0,4,3)
627:(9,2,false,7,7,true,true,4,4,16,16,4,16,true,false,false,1,1,8,7,0,3,1)
628:(9,2,false,8,7,true,true,4,4,16,16,0,0,true,true,false,1,1,8,6,0,4,3)
629:(9,2,false,8,7,true,true,4,4,16,16,0,0,true,true,false,1,1,8,7,0,3,1)
630:(9,2,false,8,7,true,true,4,4,16,16,0,4,true,true,false,1,1,8,6,0,4,3)
631:(9,2,false,8,7,true,true,4,4,16,16,0,4,true,true,false,1,1,8,7,0,3,1)
632:(9,2,false,8,7,true,true,4,4,16,16,0,8,true,true,false,1,1,8,6,0,4,3)
633:(9,2,false,8,7,true,true,4,4,16,16,0,8,true,true,false,1,1,8,7,0,3,1)
634:(9,2,false,8,7,true,true,4,4,16,16,0,12,true,true,false,1,1,8,6,0,4,3)
635:(9,2,false,8,7,true,true,4,4,16,16,0,12,true,true,false,1,1,8,7,0,3,1)
636:(9,2,false,8,7,true,true,4,4,16,16,0,16,false,true,false,1,1,8,6,0,4,3)
637:(9,2,false,8,7,true,true,4,4,16,16,0,16,false,true,false,1,1,8,7,0,3,1)
638:(9,2,false,8,7,true,true,4,4,16,16,0,16,true,true,false,1,1,8,6,0,4,3)
639:(9,2,false,8,7,true,true,4,4,16,16,0,16,true,true,false,1,1,8,7,0,3,1)
640:(9,2,false,8,7,true,true,4,4,16,16,4,0,true,true,false,1,1,8,6,0,4,3)
641:(9,2,false,8,7,true,true,4,4,16,16,4,0,true,true,false,1,1,8,7,0,3,1)
642:(9,2,false,8,7,true,true,4,4,16,16,4,4,true,true,false,1,1,8,6,0,4,3)
643:(9,2,false,8,7,true,true,4,4,16,16,4,4,true,true,false,1,1,8,7,0,3,1)
644:(9,2,false,8,7,true,true,4,4,16,16,4,8,true,true,false,1,1,8,6,0,4,3)
645:(9,2,false,8,7,true,true,4,4,16,16,4,8,true,true,false,1,1,8,7,0,3,1)
646:(9,2,false,8,7,true,true,4,4,16,16,4,12,true,true,false,1,1,8,6,0,4,3)
647:(9,2,false,8,7,true,true,4,4,16,16,4,12,true,true,false,1,1,8,7,0,3,1)
648:(9,2,false,8,7,true,true,4,4,16,16,4,16,false,true,false,1,1,8,6,0,4,3)
649:(9,2,false,8,7,true,true,4,4,16,16,4,16,false,true,false,1,1,8,7,0,3,1)
650:(9,2,false,8,7,true,true,4,4,16,16,4,16,true,true,false,1,1,8,6,0,4,3)
651:(9,2,false,8,7,true,true,4,4,16,16,4,16,true,true,false,1,1,8,7,0,3,1)
652:(9,3,false,0,0,false,false,0,0,0,0,0,0,false,false,false,2,0,0,0,0,7,0)
653:(9,3,false,1,0,false,false,0,0,0,0,0,0,false,false,false,2,0,0,0,0,7,0)
654:(9,3,false,2,1,false,false,0,0,0,0,0,0,false,false,false,2,0,0,0,0,7,0)
655:(9,3,false,3,2,true,false,0,0,0,0,0,0,false,false,false,2,0,0,0,0,7,0)
656:(9,3,false,3,2,true,false,0,0,0,0,0,0,true,false,false,2,0,0,0,0,7,0)
657:(9,3,false,3,3,true,true,0,0,0,0,0,0,false,false,false,2,0,0,0,0,7,0)
658:(9,3,false,3,3,true,true,0,0,0,0,0,0,true,false,false,2,0,0,0,0,7,0)
659:(9,3,false,5,4,true,true,2,1,8,4,4,0,true,false,false,2,0,0,0,0,7,0)
660:(9,3,false,5,4,true,true,2,1,8,4,4,4,true,false,false,2,0,0,0,0,7,0)
661:(9,3,false,5,4,true,true,2,1,8,4,4,8,false,false,false,2,0,0,0,0,7,0)
662:(9,3,false,5,4,true,true,2,1,8,4,4,8,true,false,false,2,0,0,0,0,7,0)
663:(9,3,false,5,5,true,true,2,2,8,8,0,0,true,false,false,2,0,0,0,0,7,0)
664:(9,3,false,5,5,true,true,2,2,8,8,0,4,true,false,false,2,0,0,0,0,7,0)
665:(9,3,false,5,5,true,true,2,2,8,8,0,8,false,false,false,2,0,0,0,0,7,0)
666:(9,3,false,5,5,true,true,2,2,8,8,0,8,true,false,false,2,0,0,0,0,7,0)
667:(9,3,false,5,5,true,true,2,2,8,8,4,0,true,false,false,2,0,0,0,0,7,0)
668:(9,3,false,5,5,true,true,2,2,8,8,4,4,true,false,false,2,0,0,0,0,7,0)
669:(9,3,false,5,5,true,true,2,2,8,8,4,8,false,false,false,2,0,0,0,0,7,0)
670:(9,3,false,5,5,true,true,2,2,8,8,4,8,true,false,false,2,0,0,0,0,7,0)
671:(9,3,false,7,6,true,true,4,3,16,12,4,0,true,false,false,2,0,0,0,0,7,0)
672:(9,3,false,7,6,true,true,4,3,16,12,4,4,true,false,false,2,0,0,0,0,7,0)
673:(9,3,false,7,6,true,true,4,3,16,12,4,8,true,false,false,2,0,0,0,0,7,0)
674:(9,3,false,7,6,true,true,4,3,16,12,4,12,true,false,false,2,0,0,0,0,7,0)
675:(9,3,false,7,6,true,true,4,3,16,12,4,16,false,false,false,2,0,0,0,0,7,0)
676:(9,3,false,7,6,true,true,4,3,16,12,4,16,true,false,false,2,0,0,0,0,7,0)
677:(9,3,false,8,7,true,true,4,4,16,16,0,0,true,true,false,2,0,0,0,0,7,0)
678:(9,3,false,8,7,true,true,4,4,16,16,0,4,true,true,false,2,0,0,0,0,7,0)
679:(9,3,false,8,7,true,true,4,4,16,16,0,8,true,true,false,2,0,0,0,0,7,0)
680:(9,3,false,8,7,true,true,4,4,16,16,0,12,true,true,false,2,0,0,0,0,7,0)
681:(9,3,false,8,7,true,true,4,4,16,16,0,16,false,true,false,2,0,0,0,0,7,0)
682:(9,3,false,8,7,true,true,4,4,16,16,0,16,true,true,false,2,0,0,0,0,7,0)
683:(9,3,false,8,7,true,true,4,4,16,16,4,0,true,true,false,2,0,0,0,0,7,0)
684:(9,3,false,8,7,true,true,4,4,16,16,4,4,true,true,false,2,0,0,0,0,7,0)
685:(9,3,false,8,7,true,true,4,4,16,16,4,8,true,true,false,2,0,0,0,0,7,0)
686:(9,3,false,8,7,true,true,4,4,16,16,4,12,true,true,false,2,0,0,0,0,7,0)
687:(9,3,false,8,7,true,true,4,4,16,16,4,16,false,true,false,2,0,0,0,0,7,0)
688:(9,3,false,8,7,true,true,4,4,16,16,4,16,true,true,false,2,0,0,0,0,7,0)
