(phase,outcome,waiting,next_send_seq_h,next_recv_seq_h,honest_commit_sent,peer_commit_verified,sent_blocks_h,verified_blocks_peer,sent_honest,verified_peer,max_gap,adversary_verified_honest,adversary_skipped_verification,honest_confirm_sent,peer_confirm_verified,last_actor,last_direction,last_type,last_seq,last_block,last_event,reject_reason)
0:(0,0,false,0,0,false,false,0,0,0,0,0,0,false,false,false,0,0,0,0,0,0,0)
1:(0,0,true,0,0,false,false,0,0,0,0,0,0,false,false,false,1,1,1,0,0,6,0)
2:(1,0,false,0,0,false,false,0,0,0,0,0,0,false,false,false,1,1,1,0,0,2,0)
3:(2,0,false,1,0,false,false,0,0,0,0,0,0,false,false,false,2,2,2,0,0,1,0)
4:(2,0,true,1,0,false,false,0,0,0,0,0,0,false,false,false,1,1,3,0,0,6,0)
5:(3,0,false,1,1,false,false,0,0,0,0,0,0,false,false,false,1,1,3,0,0,2,0)
6:(4,0,false,1,1,false,false,0,0,0,0,0,0,false,false,false,2,0,0,0,0,2,0)
7:(5,0,false,2,1,false,false,0,0,0,0,0,0,false,false,false,2,2,4,1,0,1,0)
8:(5,0,true,2,1,false,false,0,0,0,0,0,0,false,false,false,1,1,5,1,0,6,0)
9:(6,0,false,2,2,false,false,0,0,0,0,0,0,false,false,false,1,1,5,1,0,2,0)
10:(6,0,false,2,3,false,true,0,0,0,0,0,0,false,false,false,1,1,6,2,0,2,0)
11:(6,0,false,3,2,true,false,0,0,0,0,0,0,false,false,false,2,2,6,2,0,1,0)
12:(6,0,false,3,2,true,false,0,0,0,0,0,0,true,false,false,2,2,6,2,0,1,0)
13:(6,0,false,3,3,true,true,0,0,0,0,0,0,false,false,false,1,1,6,2,0,2,0)
14:(6,0,false,3,3,true,true,0,0,0,0,0,0,false,false,false,2,2,6,2,0,1,0)
15:(6,0,false,3,3,true,true,0,0,0,0,0,0,true,false,false,1,1,6,2,0,2,0)
16:(6,0,false,3,3,true,true,0,0,0,0,0,0,true,false,false,2,2,6,2,0,1,0)
17:(6,0,true,3,2,true,false,0,0,0,0,0,0,false,false,false,1,1,6,2,0,6,0)
18:(6,0,true,3,2,true,false,0,0,0,0,0,0,true,false,false,1,1,6,2,0,6,0)
19:(7,0,false,3,3,true,true,0,0,0,0,0,0,false,false,false,0,0,0,0,0,9,0)
20:(7,0,false,3,3,true,true,0,0,0,0,0,0,true,false,false,0,0,0,0,0,9,0)
21:(7,0,false,3,4,true,true,0,1,0,2,0,0,false,false,false,1,1,7,3,1,2,0)
22:(7,0,false,3,4,true,true,0,1,0,2,0,0,true,false,false,1,1,7,3,1,2,0)
23:(7,0,false,3,5,true,true,0,2,0,4,0,0,false,false,false,1,1,7,4,2,2,0)
24:(7,0,false,3,5,true,true,0,2,0,4,0,0,true,false,false,1,1,7,4,2,2,0)
25:(7,0,false,3,6,true,true,0,3,0,6,0,0,false,false,false,1,1,7,5,3,2,0)
26:(7,0,false,3,6,true,true,0,3,0,6,0,0,true,false,false,1,1,7,5,3,2,0)
27:(7,0,false,3,7,true,true,0,4,0,8,0,0,false,false,false,1,1,7,6,4,2,0)
28:(7,0,false,3,7,true,true,0,4,0,8,0,0,true,false,false,1,1,7,6,4,2,0)
29:(7,0,false,4,3,true,true,1,0,2,0,2,0,true,false,false,2,2,7,3,1,11,0)
30:(7,0,false,4,3,true,true,1,0,2,0,2,0,true,false,false,2,2,7,3,1,14,0)
31:(7,0,false,4,3,true,true,1,0,2,0,2,2,false,false,false,2,2,7,3,1,10,0)
32:(7,0,false,4,3,true,true,1,0,2,0,2,2,false,false,false,2,2,7,3,1,14,0)
33:(7,0,false,4,3,true,true,1,0,2,0,2,2,true,false,false,2,2,7,3,1,10,0)
34:(7,0,false,4,3,true,true,1,0,2,0,2,2,true,false,false,2,2,7,3,1,14,0)
35:(7,0,false,4,4,true,true,1,1,2,2,0,0,true,false,false,2,2,7,3,1,11,0)
36:(7,0,false,4,4,true,true,1,1,2,2,0,0,true,false,false,2,2,7,3,1,14,0)
37:(7,0,false,4,4,true,true,1,1,2,2,0,2,false,false,false,2,2,7,3,1,10,0)
38:(7,0,false,4,4,true,true,1,1,2,2,0,2,false,false,false,2,2,7,3,1,14,0)
39:(7,0,false,4,4,true,true,1,1,2,2,0,2,true,false,false,2,2,7,3,1,10,0)
40:(7,0,false,4,4,true,true,1,1,2,2,0,2,true,false,false,2,2,7,3,1,14,0)
41:(7,0,false,4,4,true,true,1,1,2,2,2,0,true,false,false,1,1,7,3,1,2,0)
42:(7,0,false,4,4,true,true,1,1,2,2,2,0,true,false,false,2,2,7,3,1,14,0)
43:(7,0,false,4,4,true,true,1,1,2,2,2,2,false,false,false,1,1,7,3,1,2,0)
44:(7,0,false,4,4,true,true,1,1,2,2,2,2,false,false,false,2,2,7,3,1,14,0)
45:(7,0,false,4,4,true,true,1,1,2,2,2,2,true,false,false,1,1,7,3,1,2,0)
46:(7,0,false,4,4,true,true,1,1,2,2,2,2,true,false,false,2,2,7,3,1,14,0)
47:(7,0,false,4,5,true,true,1,2,2,4,0,0,true,false,false,1,1,7,4,2,2,0)
48:(7,0,false,4,5,true,true,1,2,2,4,0,0,true,false,false,2,2,7,3,1,11,0)
49:(7,0,false,4,5,true,true,1,2,2,4,0,0,true,false,false,2,2,7,3,1,14,0)
50:(7,0,false,4,5,true,true,1,2,2,4,0,2,false,false,false,1,1,7,4,2,2,0)
51:(7,0,false,4,5,true,true,1,2,2,4,0,2,false,false,false,2,2,7,3,1,10,0)
52:(7,0,false,4,5,true,true,1,2,2,4,0,2,false,false,false,2,2,7,3,1,14,0)
53:(7,0,false,4,5,true,true,1,2,2,4,0,2,true,false,false,1,1,7,4,2,2,0)
54:(7,0,false,4,5,true,true,1,2,2,4,0,2,true,false,false,2,2,7,3,1,10,0)
55:(7,0,false,4,5,true,true,1,2,2,4,0,2,true,false,false,2,2,7,3,1,14,0)
56:(7,0,false,4,5,true,true,1,2,2,4,2,0,true,false,false,1,1,7,4,2,2,0)
57:(7,0,false,4,5,true,true,1,2,2,4,2,0,true,false,false,2,2,7,3,1,14,0)
58:(7,0,false,4,5,true,true,1,2,2,4,2,2,false,false,false,1,1,7,4,2,2,0)
59:(7,0,false,4,5,true,true,1,2,2,4,2,2,false,false,false,2,2,7,3,1,14,0)
60:(7,0,false,4,5,true,true,1,2,2,4,2,2,true,false,false,1,1,7,4,2,2,0)
61:(7,0,false,4,5,true,true,1,2,2,4,2,2,true,false,false,2,2,7,3,1,14,0)
62:(7,0,false,4,6,true,true,1,3,2,6,0,0,true,false,false,1,1,7,5,3,2,0)
63:(7,0,false,4,6,true,true,1,3,2,6,0,0,true,false,false,2,2,7,3,1,11,0)
64:(7,0,false,4,6,true,true,1,3,2,6,0,0,true,false,false,2,2,7,3,1,14,0)
65:(7,0,false,4,6,true,true,1,3,2,6,0,2,false,false,false,1,1,7,5,3,2,0)
66:(7,0,false,4,6,true,true,1,3,2,6,0,2,false,false,false,2,2,7,3,1,10,0)
67:(7,0,false,4,6,true,true,1,3,2,6,0,2,false,false,false,2,2,7,3,1,14,0)
68:(7,0,false,4,6,true,true,1,3,2,6,0,2,true,false,false,1,1,7,5,3,2,0)
69:(7,0,false,4,6,true,true,1,3,2,6,0,2,true,false,false,2,2,7,3,1,10,0)
70:(7,0,false,4,6,true,true,1,3,2,6,0,2,true,false,false,2,2,7,3,1,14,0)
71:(7,0,false,4,6,true,true,1,3,2,6,2,0,true,false,false,1,1,7,5,3,2,0)
72:(7,0,false,4,6,true,true,1,3,2,6,2,0,true,false,false,2,2,7,3,1,14,0)
73:(7,0,false,4,6,true,true,1,3,2,6,2,2,false,false,false,1,1,7,5,3,2,0)
74:(7,0,false,4,6,true,true,1,3,2,6,2,2,false,false,false,2,2,7,3,1,14,0)
75:(7,0,false,4,6,true,true,1,3,2,6,2,2,true,false,false,1,1,7,5,3,2,0)
76:(7,0,false,4,6,true,true,1,3,2,6,2,2,true,false,false,2,2,7,3,1,14,0)
77:(7,0,false,4,7,true,true,1,4,2,8,0,0,true,false,false,1,1,7,6,4,2,0)
78:(7,0,false,4,7,true,true,1,4,2,8,0,0,true,false,false,2,2,7,3,1,11,0)
79:(7,0,false,4,7,true,true,1,4,2,8,0,0,true,false,false,2,2,7,3,1,14,0)
80:(7,0,false,4,7,true,true,1,4,2,8,0,2,false,false,false,1,1,7,6,4,2,0)
81:(7,0,false,4,7,true,true,1,4,2,8,0,2,false,false,false,2,2,7,3,1,10,0)
82:(7,0,false,4,7,true,true,1,4,2,8,0,2,false,false,false,2,2,7,3,1,14,0)
83:(7,0,false,4,7,true,true,1,4,2,8,0,2,true,false,false,1,1,7,6,4,2,0)
84:(7,0,false,4,7,true,true,1,4,2,8,0,2,true,false,false,2,2,7,3,1,10,0)
85:(7,0,false,4,7,true,true,1,4,2,8,0,2,true,false,false,2,2,7,3,1,14,0)
86:(7,0,false,4,7,true,true,1,4,2,8,2,0,true,false,false,1,1,7,6,4,2,0)
87:(7,0,false,4,7,true,true,1,4,2,8,2,0,true,false,false,2,2,7,3,1,14,0)
88:(7,0,false,4,7,true,true,1,4,2,8,2,2,false,false,false,1,1,7,6,4,2,0)
89:(7,0,false,4,7,true,true,1,4,2,8,2,2,false,false,false,2,2,7,3,1,14,0)
90:(7,0,false,4,7,true,true,1,4,2,8,2,2,true,false,false,1,1,7,6,4,2,0)
91:(7,0,false,4,7,true,true,1,4,2,8,2,2,true,false,false,2,2,7,3,1,14,0)
92:(7,0,false,5,5,true,true,2,2,4,4,0,0,true,false,false,2,2,7,4,2,11,0)
93:(7,0,false,5,5,true,true,2,2,4,4,0,0,true,false,false,2,2,7,4,2,14,0)
94:(7,0,false,5,5,true,true,2,2,4,4,0,2,true,false,false,2,2,7,4,2,10,0)
95:(7,0,false,5,5,true,true,2,2,4,4,0,2,true,false,false,2,2,7,4,2,11,0)
96:(7,0,false,5,5,true,true,2,2,4,4,0,2,true,false,false,2,2,7,4,2,14,0)
97:(7,0,false,5,5,true,true,2,2,4,4,0,4,false,false,false,2,2,7,4,2,10,0)
98:(7,0,false,5,5,true,true,2,2,4,4,0,4,false,false,false,2,2,7,4,2,14,0)
99:(7,0,false,5,5,true,true,2,2,4,4,0,4,true,false,false,2,2,7,4,2,10,0)
100:(7,0,false,5,5,true,true,2,2,4,4,0,4,true,false,false,2,2,7,4,2,14,0)
101:(7,0,false,5,5,true,true,2,2,4,4,2,0,true,false,false,2,2,7,4,2,11,0)
102:(7,0,false,5,5,true,true,2,2,4,4,2,0,true,false,false,2,2,7,4,2,14,0)
103:(7,0,false,5,5,true,true,2,2,4,4,2,2,true,false,false,2,2,7,4,2,10,0)
104:(7,0,false,5,5,true,true,2,2,4,4,2,2,true,false,false,2,2,7,4,2,11,0)
105:(7,0,false,5,5,true,true,2,2,4,4,2,2,true,false,false,2,2,7,4,2,14,0)
106:(7,0,false,5,5,true,true,2,2,4,4,2,4,false,false,false,2,2,7,4,2,10,0)
107:(7,0,false,5,5,true,true,2,2,4,4,2,4,false,false,false,2,2,7,4,2,14,0)
108:(7,0,false,5,5,true,true,2,2,4,4,2,4,true,false,false,2,2,7,4,2,10,0)
109:(7,0,false,5,5,true,true,2,2,4,4,2,4,true,false,false,2,2,7,4,2,14,0)
110:(7,0,false,5,6,true,true,2,3,4,6,0,0,true,false,false,1,1,7,5,3,2,0)
111:(7,0,false,5,6,true,true,2,3,4,6,0,0,true,false,false,2,2,7,4,2,11,0)
112:(7,0,false,5,6,true,true,2,3,4,6,0,0,true,false,false,2,2,7,4,2,14,0)
113:(7,0,false,5,6,true,true,2,3,4,6,0,2,true,false,false,1,1,7,5,3,2,0)
114:(7,0,false,5,6,true,true,2,3,4,6,0,2,true,false,false,2,2,7,4,2,10,0)
115:(7,0,false,5,6,true,true,2,3,4,6,0,2,true,false,false,2,2,7,4,2,11,0)
116:(7,0,false,5,6,true,true,2,3,4,6,0,2,true,false,false,2,2,7,4,2,14,0)
117:(7,0,false,5,6,true,true,2,3,4,6,0,4,false,false,false,1,1,7,5,3,2,0)
118:(7,0,false,5,6,true,true,2,3,4,6,0,4,false,false,false,2,2,7,4,2,10,0)
119:(7,0,false,5,6,true,true,2,3,4,6,0,4,false,false,false,2,2,7,4,2,14,0)
120:(7,0,false,5,6,true,true,2,3,4,6,0,4,true,false,false,1,1,7,5,3,2,0)
121:(7,0,false,5,6,true,true,2,3,4,6,0,4,true,false,false,2,2,7,4,2,10,0)
122:(7,0,false,5,6,true,true,2,3,4,6,0,4,true,false,false,2,2,7,4,2,14,0)
123:(7,0,false,5,6,true,true,2,3,4,6,2,0,true,false,false,1,1,7,5,3,2,0)
124:(7,0,false,5,6,true,true,2,3,4,6,2,0,true,false,false,2,2,7,4,2,11,0)
125:(7,0,false,5,6,true,true,2,3,4,6,2,0,true,false,false,2,2,7,4,2,14,0)
126:(7,0,false,5,6,true,true,2,3,4,6,2,2,true,false,false,1,1,7,5,3,2,0)
127:(7,0,false,5,6,true,true,2,3,4,6,2,2,true,false,false,2,2,7,4,2,10,0)
128:(7,0,false,5,6,true,true,2,3,4,6,2,2,true,false,false,2,2,7,4,2,11,0)
129:(7,0,false,5,6,true,true,2,3,4,6,2,2,true,false,false,2,2,7,4,2,14,0)
130:(7,0,false,5,6,true,true,2,3,4,6,2,4,false,false,false,1,1,7,5,3,2,0)
131:(7,0,false,5,6,true,true,2,3,4,6,2,4,false,false,false,2,2,7,4,2,10,0)
132:(7,0,false,5,6,true,true,2,3,4,6,2,4,false,false,false,2,2,7,4,2,14,0)
133:(7,0,false,5,6,true,true,2,3,4,6,2,4,true,false,false,1,1,7,5,3,2,0)
134:(7,0,false,5,6,true,true,2,3,4,6,2,4,true,false,false,2,2,7,4,2,10,0)
135:(7,0,false,5,6,true,true,2,3,4,6,2,4,true,false,false,2,2,7,4,2,14,0)
136:(7,0,false,5,7,true,true,2,4,4,8,0,0,true,false,false,1,1,7,6,4,2,0)
137:(7,0,false,5,7,true,true,2,4,4,8,0,0,true,false,false,2,2,7,4,2,11,0)
138:(7,0,false,5,7,true,true,2,4,4,8,0,0,true,false,false,2,2,7,4,2,14,0)
139:(7,0,false,5,7,true,true,2,4,4,8,0,2,true,false,false,1,1,7,6,4,2,0)
140:(7,0,false,5,7,true,true,2,4,4,8,0,2,true,false,false,2,2,7,4,2,10,0)
141:(7,0,false,5,7,true,true,2,4,4,8,0,2,true,false,false,2,2,7,4,2,11,0)
142:(7,0,false,5,7,true,true,2,4,4,8,0,2,true,false,false,2,2,7,4,2,14,0)
143:(7,0,false,5,7,true,true,2,4,4,8,0,4,false,false,false,1,1,7,6,4,2,0)
144:(7,0,false,5,7,true,true,2,4,4,8,0,4,false,false,false,2,2,7,4,2,10,0)
145:(7,0,false,5,7,true,true,2,4,4,8,0,4,false,false,false,2,2,7,4,2,14,0)
146:(7,0,false,5,7,true,true,2,4,4,8,0,4,true,false,false,1,1,7,6,4,2,0)
147:(7,0,false,5,7,true,true,2,4,4,8,0,4,true,false,false,2,2,7,4,2,10,0)
148:(7,0,false,5,7,true,true,2,4,4,8,0,4,true,false,false,2,2,7,4,2,14,0)
149:(7,0,false,5,7,true,true,2,4,4,8,2,0,true,false,false,1,1,7,6,4,2,0)
150:(7,0,false,5,7,true,true,2,4,4,8,2,0,true,false,false,2,2,7,4,2,11,0)
151:(7,0,false,5,7,true,true,2,4,4,8,2,0,true,false,false,2,2,7,4,2,14,0)
152:(7,0,false,5,7,true,true,2,4,4,8,2,2,true,false,false,1,1,7,6,4,2,0)
153:(7,0,false,5,7,true,true,2,4,4,8,2,2,true,false,false,2,2,7,4,2,10,0)
154:(7,0,false,5,7,true,true,2,4,4,8,2,2,true,false,false,2,2,7,4,2,11,0)
155:(7,0,false,5,7,true,true,2,4,4,8,2,2,true,false,false,2,2,7,4,2,14,0)
156:(7,0,false,5,7,true,true,2,4,4,8,2,4,false,false,false,1,1,7,6,4,2,0)
157:(7,0,false,5,7,true,true,2,4,4,8,2,4,false,false,false,2,2,7,4,2,10,0)
158:(7,0,false,5,7,true,true,2,4,4,8,2,4,false,false,false,2,2,7,4,2,14,0)
159:(7,0,false,5,7,true,true,2,4,4,8,2,4,true,false,false,1,1,7,6,4,2,0)
160:(7,0,false,5,7,true,true,2,4,4,8,2,4,true,false,false,2,2,7,4,2,10,0)
161:(7,0,false,5,7,true,true,2,4,4,8,2,4,true,false,false,2,2,7,4,2,14,0)
162:(7,0,false,6,5,true,true,3,2,6,4,2,0,true,false,false,2,2,7,5,3,11,0)
163:(7,0,false,6,5,true,true,3,2,6,4,2,0,true,false,false,2,2,7,5,3,14,0)
164:(7,0,false,6,5,true,true,3,2,6,4,2,2,true,false,false,2,2,7,5,3,10,0)
165:(7,0,false,6,5,true,true,3,2,6,4,2,2,true,false,false,2,2,7,5,3,11,0)
166:(7,0,false,6,5,true,true,3,2,6,4,2,2,true,false,false,2,2,7,5,3,14,0)
167:(7,0,false,6,5,true,true,3,2,6,4,2,4,true,false,false,2,2,7,5,3,10,0)
168:(7,0,false,6,5,true,true,3,2,6,4,2,4,true,false,false,2,2,7,5,3,11,0)
169:(7,0,false,6,5,true,true,3,2,6,4,2,4,true,false,false,2,2,7,5,3,14,0)
170:(7,0,false,6,5,true,true,3,2,6,4,2,6,false,false,false,2,2,7,5,3,10,0)
171:(7,0,false,6,5,true,true,3,2,6,4,2,6,false,false,false,2,2,7,5,3,14,0)
172:(7,0,false,6,5,true,true,3,2,6,4,2,6,true,false,false,2,2,7,5,3,10,0)
173:(7,0,false,6,5,true,true,3,2,6,4,2,6,true,false,false,2,2,7,5,3,14,0)
174:(7,0,false,6,6,true,true,3,3,6,6,0,0,true,false,false,2,2,7,5,3,11,0)
175:(7,0,false,6,6,true,true,3,3,6,6,0,0,true,false,false,2,2,7,5,3,14,0)
176:(7,0,false,6,6,true,true,3,3,6,6,0,2,true,false,false,2,2,7,5,3,10,0)
177:(7,0,false,6,6,true,true,3,3,6,6,0,2,true,false,false,2,2,7,5,3,11,0)
178:(7,0,false,6,6,true,true,3,3,6,6,0,2,true,false,false,2,2,7,5,3,14,0)
179:(7,0,false,6,6,true,true,3,3,6,6,0,4,true,false,false,2,2,7,5,3,10,0)
180:(7,0,false,6,6,true,true,3,3,6,6,0,4,true,false,false,2,2,7,5,3,11,0)
181:(7,0,false,6,6,true,true,3,3,6,6,0,4,true,false,false,2,2,7,5,3,14,0)
182:(7,0,false,6,6,true,true,3,3,6,6,0,6,false,false,false,2,2,7,5,3,10,0)
183:(7,0,false,6,6,true,true,3,3,6,6,0,6,false,false,false,2,2,7,5,3,14,0)
184:(7,0,false,6,6,true,true,3,3,6,6,0,6,true,false,false,2,2,7,5,3,10,0)
185:(7,0,false,6,6,true,true,3,3,6,6,0,6,true,false,false,2,2,7,5,3,14,0)
186:(7,0,false,6,6,true,true,3,3,6,6,2,0,true,false,false,1,1,7,5,3,2,0)
187:(7,0,false,6,6,true,true,3,3,6,6,2,0,true,false,false,2,2,7,5,3,11,0)
188:(7,0,false,6,6,true,true,3,3,6,6,2,0,true,false,false,2,2,7,5,3,14,0)
189:(7,0,false,6,6,true,true,3,3,6,6,2,2,true,false,false,1,1,7,5,3,2,0)
190:(7,0,false,6,6,true,true,3,3,6,6,2,2,true,false,false,2,2,7,5,3,10,0)
191:(7,0,false,6,6,true,true,3,3,6,6,2,2,true,false,false,2,2,7,5,3,11,0)
192:(7,0,false,6,6,true,true,3,3,6,6,2,2,true,false,false,2,2,7,5,3,14,0)
193:(7,0,false,6,6,true,true,3,3,6,6,2,4,true,false,false,1,1,7,5,3,2,0)
194:(7,0,false,6,6,true,true,3,3,6,6,2,4,true,false,false,2,2,7,5,3,10,0)
195:(7,0,false,6,6,true,true,3,3,6,6,2,4,true,false,false,2,2,7,5,3,11,0)
196:(7,0,false,6,6,true,true,3,3,6,6,2,4,true,false,false,2,2,7,5,3,14,0)
197:(7,0,false,6,6,true,true,3,3,6,6,2,6,false,false,false,1,1,7,5,3,2,0)
198:(7,0,false,6,6,true,true,3,3,6,6,2,6,false,false,false,2,2,7,5,3,10,0)
199:(7,0,false,6,6,true,true,3,3,6,6,2,6,false,false,false,2,2,7,5,3,14,0)
200:(7,0,false,6,6,true,true,3,3,6,6,2,6,true,false,false,1,1,7,5,3,2,0)
201:(7,0,false,6,6,true,true,3,3,6,6,2,6,true,false,false,2,2,7,5,3,10,0)
202:(7,0,false,6,6,true,true,3,3,6,6,2,6,true,false,false,2,2,7,5,3,14,0)
203:(7,0,false,6,7,true,true,3,4,6,8,0,0,true,false,false,1,1,7,6,4,2,0)
204:(7,0,false,6,7,true,true,3,4,6,8,0,0,true,false,false,2,2,7,5,3,11,0)
205:(7,0,false,6,7,true,true,3,4,6,8,0,0,true,false,false,2,2,7,5,3,14,0)
206:(7,0,false,6,7,true,true,3,4,6,8,0,2,true,false,false,1,1,7,6,4,2,0)
207:(7,0,false,6,7,true,true,3,4,6,8,0,2,true,false,false,2,2,7,5,3,10,0)
208:(7,0,false,6,7,true,true,3,4,6,8,0,2,true,false,false,2,2,7,5,3,11,0)
209:(7,0,false,6,7,true,true,3,4,6,8,0,2,true,false,false,2,2,7,5,3,14,0)
210:(7,0,false,6,7,true,true,3,4,6,8,0,4,true,false,false,1,1,7,6,4,2,0)
211:(7,0,false,6,7,true,true,3,4,6,8,0,4,true,false,false,2,2,7,5,3,10,0)
212:(7,0,false,6,7,true,true,3,4,6,8,0,4,true,false,false,2,2,7,5,3,11,0)
213:(7,0,false,6,7,true,true,3,4,6,8,0,4,true,false,false,2,2,7,5,3,14,0)
214:(7,0,false,6,7,true,true,3,4,6,8,0,6,false,false,false,1,1,7,6,4,2,0)
215:(7,0,false,6,7,true,true,3,4,6,8,0,6,false,false,false,2,2,7,5,3,10,0)
216:(7,0,false,6,7,true,true,3,4,6,8,0,6,false,false,false,2,2,7,5,3,14,0)
217:(7,0,false,6,7,true,true,3,4,6,8,0,6,true,false,false,1,1,7,6,4,2,0)
218:(7,0,false,6,7,true,true,3,4,6,8,0,6,true,false,false,2,2,7,5,3,10,0)
219:(7,0,false,6,7,true,true,3,4,6,8,0,6,true,false,false,2,2,7,5,3,14,0)
220:(7,0,false,6,7,true,true,3,4,6,8,2,0,true,false,false,1,1,7,6,4,2,0)
221:(7,0,false,6,7,true,true,3,4,6,8,2,0,true,false,false,2,2,7,5,3,11,0)
222:(7,0,false,6,7,true,true,3,4,6,8,2,0,true,false,false,2,2,7,5,3,14,0)
223:(7,0,false,6,7,true,true,3,4,6,8,2,2,true,false,false,1,1,7,6,4,2,0)
224:(7,0,false,6,7,true,true,3,4,6,8,2,2,true,false,false,2,2,7,5,3,10,0)
225:(7,0,false,6,7,true,true,3,4,6,8,2,2,true,false,false,2,2,7,5,3,11,0)
226:(7,0,false,6,7,true,true,3,4,6,8,2,2,true,false,false,2,2,7,5,3,14,0)
227:(7,0,false,6,7,true,true,3,4,6,8,2,4,true,false,false,1,1,7,6,4,2,0)
228:(7,0,false,6,7,true,true,3,4,6,8,2,4,true,false,false,2,2,7,5,3,10,0)
229:(7,0,false,6,7,true,true,3,4,6,8,2,4,true,false,false,2,2,7,5,3,11,0)
230:(7,0,false,6,7,true,true,3,4,6,8,2,4,true,false,false,2,2,7,5,3,14,0)
231:(7,0,false,6,7,true,true,3,4,6,8,2,6,false,false,false,1,1,7,6,4,2,0)
232:(7,0,false,6,7,true,true,3,4,6,8,2,6,false,false,false,2,2,7,5,3,10,0)
233:(7,0,false,6,7,true,true,3,4,6,8,2,6,false,false,false,2,2,7,5,3,14,0)
234:(7,0,false,6,7,true,true,3,4,6,8,2,6,true,false,false,1,1,7,6,4,2,0)
235:(7,0,false,6,7,true,true,3,4,6,8,2,6,true,false,false,2,2,7,5,3,10,0)
236:(7,0,false,6,7,true,true,3,4,6,8,2,6,true,false,false,2,2,7,5,3,14,0)
237:(7,0,false,7,7,true,true,4,4,8,8,0,0,true,false,false,2,2,7,6,4,11,0)
238:(7,0,false,7,7,true,true,4,4,8,8,0,0,true,false,false,2,2,7,6,4,14,0)
239:(7,0,false,7,7,true,true,4,4,8,8,0,2,true,false,false,2,2,7,6,4,10,0)
240:(7,0,false,7,7,true,true,4,4,8,8,0,2,true,false,false,2,2,7,6,4,11,0)
241:(7,0,false,7,7,true,true,4,4,8,8,0,2,true,false,false,2,2,7,6,4,14,0)
242:(7,0,false,7,7,true,true,4,4,8,8,0,4,true,false,false,2,2,7,6,4,10,0)
243:(7,0,false,7,7,true,true,4,4,8,8,0,4,true,false,false,2,2,7,6,4,11,0)
244:(7,0,false,7,7,true,true,4,4,8,8,0,4,true,false,false,2,2,7,6,4,14,0)
245:(7,0,false,7,7,true,true,4,4,8,8,0,6,true,false,false,2,2,7,6,4,10,0)
246:(7,0,false,7,7,true,true,4,4,8,8,0,6,true,false,false,2,2,7,6,4,11,0)
247:(7,0,false,7,7,true,true,4,4,8,8,0,6,true,false,false,2,2,7,6,4,14,0)
248:(7,0,false,7,7,true,true,4,4,8,8,0,8,false,false,false,2,2,7,6,4,10,0)
249:(7,0,false,7,7,true,true,4,4,8,8,0,8,false,false,false,2,2,7,6,4,14,0)
250:(7,0,false,7,7,true,true,4,4,8,8,0,8,true,false,false,2,2,7,6,4,10,0)
251:(7,0,false,7,7,true,true,4,4,8,8,0,8,true,false,false,2,2,7,6,4,14,0)
252:(7,0,false,7,7,true,true,4,4,8,8,2,0,true,false,false,2,2,7,6,4,11,0)
253:(7,0,false,7,7,true,true,4,4,8,8,2,0,true,false,false,2,2,7,6,4,14,0)
254:(7,0,false,7,7,true,true,4,4,8,8,2,2,true,false,false,2,2,7,6,4,10,0)
255:(7,0,false,7,7,true,true,4,4,8,8,2,2,true,false,false,2,2,7,6,4,11,0)
256:(7,0,false,7,7,true,true,4,4,8,8,2,2,true,false,false,2,2,7,6,4,14,0)
257:(7,0,false,7,7,true,true,4,4,8,8,2,4,true,false,false,2,2,7,6,4,10,0)
258:(7,0,false,7,7,true,true,4,4,8,8,2,4,true,false,false,2,2,7,6,4,11,0)
259:(7,0,false,7,7,true,true,4,4,8,8,2,4,true,false,false,2,2,7,6,4,14,0)
260:(7,0,false,7,7,true,true,4,4,8,8,2,6,true,false,false,2,2,7,6,4,10,0)
261:(7,0,false,7,7,true,true,4,4,8,8,2,6,true,false,false,2,2,7,6,4,11,0)
262:(7,0,false,7,7,true,true,4,4,8,8,2,6,true,false,false,2,2,7,6,4,14,0)
263:(7,0,false,7,7,true,true,4,4,8,8,2,8,false,false,false,2,2,7,6,4,10,0)
264:(7,0,false,7,7,true,true,4,4,8,8,2,8,false,false,false,2,2,7,6,4,14,0)
265:(7,0,false,7,7,true,true,4,4,8,8,2,8,true,false,false,2,2,7,6,4,10,0)
266:(7,0,false,7,7,true,true,4,4,8,8,2,8,true,false,false,2,2,7,6,4,14,0)
267:(7,0,true,4,3,true,true,1,0,2,0,2,0,true,false,false,1,1,7,3,1,6,0)
268:(7,0,true,4,3,true,true,1,0,2,0,2,2,false,false,false,1,1,7,3,1,6,0)
269:(7,0,true,4,3,true,true,1,0,2,0,2,2,true,false,false,1,1,7,3,1,6,0)
270:(7,0,true,4,4,true,true,1,1,2,2,0,0,true,false,false,1,1,7,4,2,6,0)
271:(7,0,true,4,4,true,true,1,1,2,2,0,2,false,false,false,1,1,7,4,2,6,0)
272:(7,0,true,4,4,true,true,1,1,2,2,0,2,true,false,false,1,1,7,4,2,6,0)
273:(7,0,true,4,4,true,true,1,1,2,2,2,0,true,false,false,1,1,7,4,2,6,0)
274:(7,0,true,4,4,true,true,1,1,2,2,2,2,false,false,false,1,1,7,4,2,6,0)
275:(7,0,true,4,4,true,true,1,1,2,2,2,2,true,false,false,1,1,7,4,2,6,0)
276:(7,0,true,6,5,true,true,3,2,6,4,2,0,true,false,false,1,1,7,5,3,6,0)
277:(7,0,true,6,5,true,true,3,2,6,4,2,2,true,false,false,1,1,7,5,3,6,0)
278:(7,0,true,6,5,true,true,3,2,6,4,2,4,true,false,false,1,1,7,5,3,6,0)
279:(7,0,true,6,5,true,true,3,2,6,4,2,6,false,false,false,1,1,7,5,3,6,0)
280:(7,0,true,6,5,true,true,3,2,6,4,2,6,true,false,false,1,1,7,5,3,6,0)
281:(7,0,true,6,6,true,true,3,3,6,6,0,0,true,false,false,1,1,7,6,4,6,0)
282:(7,0,true,6,6,true,true,3,3,6,6,0,2,true,false,false,1,1,7,6,4,6,0)
283:(7,0,true,6,6,true,true,3,3,6,6,0,4,true,false,false,1,1,7,6,4,6,0)
284:(7,0,true,6,6,true,true,3,3,6,6,0,6,false,false,false,1,1,7,6,4,6,0)
285:(7,0,true,6,6,true,true,3,3,6,6,0,6,true,false,false,1,1,7,6,4,6,0)
286:(7,0,true,6,6,true,true,3,3,6,6,2,0,true,false,false,1,1,7,6,4,6,0)
287:(7,0,true,6,6,true,true,3,3,6,6,2,2,true,false,false,1,1,7,6,4,6,0)
288:(7,0,true,6,6,true,true,3,3,6,6,2,4,true,false,false,1,1,7,6,4,6,0)
289:(7,0,true,6,6,true,true,3,3,6,6,2,6,false,false,false,1,1,7,6,4,6,0)
290:(7,0,true,6,6,true,true,3,3,6,6,2,6,true,false,false,1,1,7,6,4,6,0)
291:(8,0,false,7,7,true,true,4,4,8,8,0,0,true,false,false,0,0,0,0,0,2,0)
292:(8,0,false,7,7,true,true,4,4,8,8,0,2,true,false,false,0,0,0,0,0,2,0)
293:(8,0,false,7,7,true,true,4,4,8,8,0,4,true,false,false,0,0,0,0,0,2,0)
294:(8,0,false,7,7,true,true,4,4,8,8,0,6,true,false,false,0,0,0,0,0,2,0)
295:(8,0,false,7,7,true,true,4,4,8,8,0,8,false,false,false,0,0,0,0,0,2,0)
296:(8,0,false,7,7,true,true,4,4,8,8,0,8,true,false,false,0,0,0,0,0,2,0)
297:(8,0,false,7,7,true,true,4,4,8,8,2,0,true,false,false,0,0,0,0,0,2,0)
298:(8,0,false,7,7,true,true,4,4,8,8,2,2,true,false,false,0,0,0,0,0,2,0)
299:(8,0,false,7,7,true,true,4,4,8,8,2,4,true,false,false,0,0,0,0,0,2,0)
300:(8,0,false,7,7,true,true,4,4,8,8,2,6,true,false,false,0,0,0,0,0,2,0)
301:(8,0,false,7,7,true,true,4,4,8,8,2,8,false,false,false,0,0,0,0,0,2,0)
302:(8,0,false,7,7,true,true,4,4,8,8,2,8,true,false,false,0,0,0,0,0,2,0)
303:(8,0,false,7,8,true,true,4,4,8,8,0,0,true,false,true,1,1,8,7,0,2,0)
304:(8,0,false,7,8,true,true,4,4,8,8,0,2,true,false,true,1,1,8,7,0,2,0)
305:(8,0,false,7,8,true,true,4,4,8,8,0,4,true,false,true,1,1,8,7,0,2,0)
306:(8,0,false,7,8,true,true,4,4,8,8,0,6,true,false,true,1,1,8,7,0,2,0)
307:(8,0,false,7,8,true,true,4,4,8,8,0,8,false,false,true,1,1,8,7,0,2,0)
308:(8,0,false,7,8,true,true,4,4,8,8,0,8,true,false,true,1,1,8,7,0,2,0)
309:(8,0,false,7,8,true,true,4,4,8,8,2,0,true,false,true,1,1,8,7,0,2,0)
310:(8,0,false,7,8,true,true,4,4,8,8,2,2,true,false,true,1,1,8,7,0,2,0)
311:(8,0,false,7,8,true,true,4,4,8,8,2,4,true,false,true,1,1,8,7,0,2,0)
312:(8,0,false,7,8,true,true,4,4,8,8,2,6,true,false,true,1,1,8,7,0,2,0)
313:(8,0,false,7,8,true,true,4,4,8,8,2,8,false,false,true,1,1,8,7,0,2,0)
314:(8,0,false,7,8,true,true,4,4,8,8,2,8,true,false,true,1,1,8,7,0,2,0)
315:(8,0,false,8,7,true,true,4,4,8,8,0,0,true,true,false,2,2,8,7,0,1,0)
316:(8,0,false,8,7,true,true,4,4,8,8,0,2,true,true,false,2,2,8,7,0,1,0)
317:(8,0,false,8,7,true,true,4,4,8,8,0,4,true,true,false,2,2,8,7,0,1,0)
318:(8,0,false,8,7,true,true,4,4,8,8,0,6,true,true,false,2,2,8,7,0,1,0)
319:(8,0,false,8,7,true,true,4,4,8,8,0,8,false,true,false,2,2,8,7,0,1,0)
320:(8,0,false,8,7,true,true,4,4,8,8,0,8,true,true,false,2,2,8,7,0,1,0)
321:(8,0,false,8,7,true,true,4,4,8,8,2,0,true,true,false,2,2,8,7,0,1,0)
322:(8,0,false,8,7,true,true,4,4,8,8,2,2,true,true,false,2,2,8,7,0,1,0)
323:(8,0,false,8,7,true,true,4,4,8,8,2,4,true,true,false,2,2,8,7,0,1,0)
324:(8,0,false,8,7,true,true,4,4,8,8,2,6,true,true,false,2,2,8,7,0,1,0)
325:(8,0,false,8,7,true,true,4,4,8,8,2,8,false,true,false,2,2,8,7,0,1,0)
326:(8,0,false,8,7,true,true,4,4,8,8,2,8,true,true,false,2,2,8,7,0,1,0)
327:(8,0,false,8,8,true,true,4,4,8,8,0,0,true,true,true,1,1,8,7,0,2,0)
328:(8,0,false,8,8,true,true,4,4,8,8,0,0,true,true,true,2,2,8,7,0,1,0)
329:(8,0,false,8,8,true,true,4,4,8,8,0,2,true,true,true,1,1,8,7,0,2,0)
330:(8,0,false,8,8,true,true,4,4,8,8,0,2,true,true,true,2,2,8,7,0,1,0)
331:(8,0,false,8,8,true,true,4,4,8,8,0,4,true,true,true,1,1,8,7,0,2,0)
332:(8,0,false,8,8,true,true,4,4,8,8,0,4,true,true,true,2,2,8,7,0,1,0)
333:(8,0,false,8,8,true,true,4,4,8,8,0,6,true,true,true,1,1,8,7,0,2,0)
334:(8,0,false,8,8,true,true,4,4,8,8,0,6,true,true,true,2,2,8,7,0,1,0)
335:(8,0,false,8,8,true,true,4,4,8,8,0,8,false,true,true,1,1,8,7,0,2,0)
336:(8,0,false,8,8,true,true,4,4,8,8,0,8,false,true,true,2,2,8,7,0,1,0)
337:(8,0,false,8,8,true,true,4,4,8,8,0,8,true,true,true,1,1,8,7,0,2,0)
338:(8,0,false,8,8,true,true,4,4,8,8,0,8,true,true,true,2,2,8,7,0,1,0)
339:(8,0,false,8,8,true,true,4,4,8,8,2,0,true,true,true,1,1,8,7,0,2,0)
340:(8,0,false,8,8,true,true,4,4,8,8,2,0,true,true,true,2,2,8,7,0,1,0)
341:(8,0,false,8,8,true,true,4,4,8,8,2,2,true,true,true,1,1,8,7,0,2,0)
342:(8,0,false,8,8,true,true,4,4,8,8,2,2,true,true,true,2,2,8,7,0,1,0)
343:(8,0,false,8,8,true,true,4,4,8,8,2,4,true,true,true,1,1,8,7,0,2,0)
344:(8,0,false,8,8,true,true,4,4,8,8,2,4,true,true,true,2,2,8,7,0,1,0)
345:(8,0,false,8,8,true,true,4,4,8,8,2,6,true,true,true,1,1,8,7,0,2,0)
346:(8,0,false,8,8,true,true,4,4,8,8,2,6,true,true,true,2,2,8,7,0,1,0)
347:(8,0,false,8,8,true,true,4,4,8,8,2,8,false,true,true,1,1,8,7,0,2,0)
348:(8,0,false,8,8,true,true,4,4,8,8,2,8,false,true,true,2,2,8,7,0,1,0)
349:(8,0,false,8,8,true,true,4,4,8,8,2,8,true,true,true,1,1,8,7,0,2,0)
350:(8,0,false,8,8,true,true,4,4,8,8,2,8,true,true,true,2,2,8,7,0,1,0)
351:(8,0,true,8,7,true,true,4,4,8,8,0,0,true,true,false,1,1,8,7,0,6,0)
352:(8,0,true,8,7,true,true,4,4,8,8,0,2,true,true,false,1,1,8,7,0,6,0)
353:(8,0,true,8,7,true,true,4,4,8,8,0,4,true,true,false,1,1,8,7,0,6,0)
354:(8,0,true,8,7,true,true,4,4,8,8,0,6,true,true,false,1,1,8,7,0,6,0)
355:(8,0,true,8,7,true,true,4,4,8,8,0,8,false,true,false,1,1,8,7,0,6,0)
356:(8,0,true,8,7,true,true,4,4,8,8,0,8,true,true,false,1,1,8,7,0,6,0)
357:(8,0,true,8,7,true,true,4,4,8,8,2,0,true,true,false,1,1,8,7,0,6,0)
358:(8,0,true,8,7,true,true,4,4,8,8,2,2,true,true,false,1,1,8,7,0,6,0)
359:(8,0,true,8,7,true,true,4,4,8,8,2,4,true,true,false,1,1,8,7,0,6,0)
360:(8,0,true,8,7,true,true,4,4,8,8,2,6,true,true,false,1,1,8,7,0,6,0)
361:(8,0,true,8,7,true,true,4,4,8,8,2,8,false,true,false,1,1,8,7,0,6,0)
362:(8,0,true,8,7,true,true,4,4,8,8,2,8,true,true,false,1,1,8,7,0,6,0)
363:(9,1,false,8,8,true,true,4,4,8,8,0,0,true,true,true,0,0,0,0,0,12,0)
364:(9,1,false,8,8,true,true,4,4,8,8,0,2,true,true,true,0,0,0,0,0,12,0)
365:(9,1,false,8,8,true,true,4,4,8,8,0,4,true,true,true,0,0,0,0,0,12,0)
366:(9,1,false,8,8,true,true,4,4,8,8,0,6,true,true,true,0,0,0,0,0,12,0)
367:(9,1,false,8,8,true,true,4,4,8,8,0,8,false,true,true,0,0,0,0,0,12,0)
368:(9,1,false,8,8,true,true,4,4,8,8,0,8,true,true,true,0,0,0,0,0,12,0)
369:(9,1,false,8,8,true,true,4,4,8,8,2,0,true,true,true,0,0,0,0,0,12,0)
370:(9,1,false,8,8,true,true,4,4,8,8,2,2,true,true,true,0,0,0,0,0,12,0)
371:(9,1,false,8,8,true,true,4,4,8,8,2,4,true,true,true,0,0,0,0,0,12,0)
372:(9,1,false,8,8,true,true,4,4,8,8,2,6,true,true,true,0,0,0,0,0,12,0)
373:(9,1,false,8,8,true,true,4,4,8,8,2,8,false,true,true,0,0,0,0,0,12,0)
374:(9,1,false,8,8,true,true,4,4,8,8,2,8,true,true,true,0,0,0,0,0,12,0)
375:(9,2,false,0,0,false,false,0,0,0,0,0,0,false,false,false,1,1,1,0,0,3,1)
376:(9,2,false,1,0,false,false,0,0,0,0,0,0,false,false,false,1,1,3,0,0,3,1)
377:(9,2,false,1,0,false,false,0,0,0,0,0,0,false,false,false,1,1,3,0,0,4,3)
378:(9,2,false,1,0,false,false,0,0,0,0,0,0,false,false,false,1,1,3,1,0,5,2)
379:(9,2,false,1,0,false,false,0,0,0,0,0,0,false,false,false,1,2,3,0,0,15,4)
380:(9,2,false,1,1,false,false,0,0,0,0,0,0,false,false,false,2,0,0,0,0,8,6)
381:(9,2,false,2,1,false,false,0,0,0,0,0,0,false,false,false,1,1,5,0,0,4,3)
382:(9,2,false,2,1,false,false,0,0,0,0,0,0,false,false,false,1,1,5,1,0,3,1)
383:(9,2,false,2,1,false,false,0,0,0,0,0,0,false,false,false,1,1,5,2,0,5,2)
384:(9,2,false,2,1,false,false,0,0,0,0,0,0,false,false,false,1,2,5,1,0,15,4)
385:(9,2,false,2,2,false,false,0,0,0,0,0,0,false,false,false,1,1,6,2,0,3,5)
386:(9,2,false,2,2,false,false,0,0,0,0,0,0,false,false,false,1,1,6,3,0,5,2)
387:(9,2,false,3,2,true,false,0,0,0,0,0,0,false,false,false,1,1,6,2,0,3,5)
388:(9,2,false,3,2,true,false,0,0,0,0,0,0,false,false,false,1,1,6,3,0,5,2)
389:(9,2,false,3,2,true,false,0,0,0,0,0,0,true,false,false,1,1,6,2,0,3,5)
390:(9,2,false,3,2,true,false,0,0,0,0,0,0,true,false,false,1,1,6,3,0,5,2)
391:(9,2,false,3,3,true,true,0,0,0,0,0,0,false,false,false,1,1,7,3,1,3,5)
392:(9,2,false,3,3,true,true,0,0,0,0,0,0,false,false,false,1,1,7,4,2,5,2)
393:(9,2,false,3,3,true,true,0,0,0,0,0,0,false,false,false,1,2,7,3,1,15,4)
394:(9,2,false,3,3,true,true,0,0,0,0,0,0,true,false,false,1,1,7,3,1,3,5)
395:(9,2,false,3,3,true,true,0,0,0,0,0,0,true,false,false,1,1,7,4,2,5,2)
396:(9,2,false,3,3,true,true,0,0,0,0,0,0,true,false,false,1,2,7,3,1,15,4)
397:(9,2,false,3,4,true,true,0,1,0,2,0,0,false,false,false,1,1,7,3,1,4,3)
398:(9,2,false,3,4,true,true,0,1,0,2,0,0,false,false,false,1,1,7,4,2,3,5)
399:(9,2,false,3,4,true,true,0,1,0,2,0,0,false,false,false,1,1,7,5,3,5,2)
400:(9,2,false,3,4,true,true,0,1,0,2,0,0,false,false,false,1,2,7,4,2,15,4)
401:(9,2,false,3,4,true,true,0,1,0,2,0,0,true,false,false,1,1,7,3,1,4,3)
402:(9,2,false,3,4,true,true,0,1,0,2,0,0,true,false,false,1,1,7,4,2,3,5)
403:(9,2,false,3,4,true,true,0,1,0,2,0,0,true,false,false,1,1,7,5,3,5,2)
404:(9,2,false,3,4,true,true,0,1,0,2,0,0,true,false,false,1,2,7,4,2,15,4)
405:(9,2,false,3,5,true,true,0,2,0,4,0,0,false,false,false,1,1,7,4,2,4,3)
406:(9,2,false,3,5,true,true,0,2,0,4,0,0,false,false,false,1,1,7,5,3,3,5)
407:(9,2,false,3,5,true,true,0,2,0,4,0,0,false,false,false,1,1,7,6,4,5,2)
408:(9,2,false,3,5,true,true,0,2,0,4,0,0,false,false,false,1,2,7,5,3,15,4)
409:(9,2,false,3,5,true,true,0,2,0,4,0,0,true,false,false,1,1,7,4,2,4,3)
410:(9,2,false,3,5,true,true,0,2,0,4,0,0,true,false,false,1,1,7,5,3,3,5)
411:(9,2,false,3,5,true,true,0,2,0,4,0,0,true,false,false,1,1,7,6,4,5,2)
412:(9,2,false,3,5,true,true,0,2,0,4,0,0,true,false,false,1,2,7,5,3,15,4)
413:(9,2,false,3,6,true,true,0,3,0,6,0,0,false,false,false,1,1,7,5,3,4,3)
414:(9,2,false,3,6,true,true,0,3,0,6,0,0,false,false,false,1,1,7,6,4,3,5)
415:(9,2,false,3,6,true,true,0,3,0,6,0,0,false,false,false,1,1,7,7,5,5,2)
416:(9,2,false,3,6,true,true,0,3,0,6,0,0,false,false,false,1,2,7,6,4,15,4)
417:(9,2,false,3,6,true,true,0,3,0,6,0,0,true,false,false,1,1,7,5,3,4,3)
418:(9,2,false,3,6,true,true,0,3,0,6,0,0,true,false,false,1,1,7,6,4,3,5)
419:(9,2,false,3,6,true,true,0,3,0,6,0,0,true,false,false,1,1,7,7,5,5,2)
420:(9,2,false,3,6,true,true,0,3,0,6,0,0,true,false,false,1,2,7,6,4,15,4)
421:(9,2,false,3,7,true,true,0,4,0,8,0,0,false,false,false,1,1,7,6,4,4,3)
422:(9,2,false,3,7,true,true,0,4,0,8,0,0,true,false,false,1,1,7,6,4,4,3)
423:(9,2,false,4,3,true,true,1,0,2,0,2,0,true,false,false,1,1,7,3,1,3,5)
424:(9,2,false,4,3,true,true,1,0,2,0,2,0,true,false,false,1,1,7,4,2,5,2)
425:(9,2,false,4,3,true,true,1,0,2,0,2,0,true,false,false,1,2,7,3,1,15,4)
426:(9,2,false,4,3,true,true,1,0,2,0,2,2,false,false,false,1,1,7,3,1,3,5)
427:(9,2,false,4,3,true,true,1,0,2,0,2,2,false,false,false,1,1,7,4,2,5,2)
428:(9,2,false,4,3,true,true,1,0,2,0,2,2,false,false,false,1,2,7,3,1,15,4)
429:(9,2,false,4,3,true,true,1,0,2,0,2,2,true,false,false,1,1,7,3,1,3,5)
430:(9,2,false,4,3,true,true,1,0,2,0,2,2,true,false,false,1,1,7,4,2,5,2)
431:(9,2,false,4,3,true,true,1,0,2,0,2,2,true,false,false,1,2,7,3,1,15,4)
432:(9,2,false,4,4,true,true,1,1,2,2,0,0,true,false,false,1,1,7,3,1,4,3)
433:(9,2,false,4,4,true,true,1,1,2,2,0,0,true,false,false,1,1,7,4,2,3,5)
434:(9,2,false,4,4,true,true,1,1,2,2,0,0,true,false,false,1,1,7,5,3,5,2)
435:(9,2,false,4,4,true,true,1,1,2,2,0,0,true,false,false,1,2,7,4,2,15,4)
436:(9,2,false,4,4,true,true,1,1,2,2,0,2,false,false,false,1,1,7,3,1,4,3)
437:(9,2,false,4,4,true,true,1,1,2,2,0,2,false,false,false,1,1,7,4,2,3,5)
438:(9,2,false,4,4,true,true,1,1,2,2,0,2,false,false,false,1,1,7,5,3,5,2)
439:(9,2,false,4,4,true,true,1,1,2,2,0,2,false,false,false,1,2,7,4,2,15,4)
440:(9,2,false,4,4,true,true,1,1,2,2,0,2,true,false,false,1,1,7,3,1,4,3)
441:(9,2,false,4,4,true,true,1,1,2,2,0,2,true,false,false,1,1,7,4,2,3,5)
442:(9,2,false,4,4,true,true,1,1,2,2,0,2,true,false,false,1,1,7,5,3,5,2)
443:(9,2,false,4,4,true,true,1,1,2,2,0,2,true,false,false,1,2,7,4,2,15,4)
444:(9,2,false,4,4,true,true,1,1,2,2,2,0,true,false,false,1,1,7,3,1,4,3)
445:(9,2,false,4,4,true,true,1,1,2,2,2,0,true,false,false,1,1,7,4,2,3,5)
446:(9,2,false,4,4,true,true,1,1,2,2,2,0,true,false,false,1,1,7,5,3,5,2)
447:(9,2,false,4,4,true,true,1,1,2,2,2,0,true,false,false,1,2,7,4,2,15,4)
448:(9,2,false,4,4,true,true,1,1,2,2,2,2,false,false,false,1,1,7,3,1,4,3)
449:(9,2,false,4,4,true,true,1,1,2,2,2,2,false,false,false,1,1,7,4,2,3,5)
450:(9,2,false,4,4,true,true,1,1,2,2,2,2,false,false,false,1,1,7,5,3,5,2)
451:(9,2,false,4,4,true,true,1,1,2,2,2,2,false,false,false,1,2,7,4,2,15,4)
452:(9,2,false,4,4,true,true,1,1,2,2,2,2,true,false,false,1,1,7,3,1,4,3)
453:(9,2,false,4,4,true,true,1,1,2,2,2,2,true,false,false,1,1,7,4,2,3,5)
454:(9,2,false,4,4,true,true,1,1,2,2,2,2,true,false,false,1,1,7,5,3,5,2)
455:(9,2,false,4,4,true,true,1,1,2,2,2,2,true,false,false,1,2,7,4,2,15,4)
456:(9,2,false,4,5,true,true,1,2,2,4,0,0,true,false,false,1,1,7,4,2,4,3)
457:(9,2,false,4,5,true,true,1,2,2,4,0,0,true,false,false,1,1,7,5,3,3,5)
458:(9,2,false,4,5,true,true,1,2,2,4,0,0,true,false,false,1,1,7,6,4,5,2)
459:(9,2,false,4,5,true,true,1,2,2,4,0,0,true,false,false,1,2,7,5,3,15,4)
460:(9,2,false,4,5,true,true,1,2,2,4,0,2,false,false,false,1,1,7,4,2,4,3)
461:(9,2,false,4,5,true,true,1,2,2,4,0,2,false,false,false,1,1,7,5,3,3,5)
462:(9,2,false,4,5,true,true,1,2,2,4,0,2,false,false,false,1,1,7,6,4,5,2)
463:(9,2,false,4,5,true,true,1,2,2,4,0,2,false,false,false,1,2,7,5,3,15,4)
464:(9,2,false,4,5,true,true,1,2,2,4,0,2,true,false,false,1,1,7,4,2,4,3)
465:(9,2,false,4,5,true,true,1,2,2,4,0,2,true,false,false,1,1,7,5,3,3,5)
466:(9,2,false,4,5,true,true,1,2,2,4,0,2,true,false,false,1,1,7,6,4,5,2)
467:(9,2,false,4,5,true,true,1,2,2,4,0,2,true,false,false,1,2,7,5,3,15,4)
468:(9,2,false,4,5,true,true,1,2,2,4,2,0,true,false,false,1,1,7,4,2,4,3)
469:(9,2,false,4,5,true,true,1,2,2,4,2,0,true,false,false,1,1,7,5,3,3,5)
470:(9,2,false,4,5,true,true,1,2,2,4,2,0,true,false,false,1,1,7,6,4,5,2)
471:(9,2,false,4,5,true,true,1,2,2,4,2,0,true,false,false,1,2,7,5,3,15,4)
472:(9,2,false,4,5,true,true,1,2,2,4,2,2,false,false,false,1,1,7,4,2,4,3)
473:(9,2,false,4,5,true,true,1,2,2,4,2,2,false,false,false,1,1,7,5,3,3,5)
474:(9,2,false,4,5,true,true,1,2,2,4,2,2,false,false,false,1,1,7,6,4,5,2)
475:(9,2,false,4,5,true,true,1,2,2,4,2,2,false,false,false,1,2,7,5,3,15,4)
476:(9,2,false,4,5,true,true,1,2,2,4,2,2,true,false,false,1,1,7,4,2,4,3)
477:(9,2,false,4,5,true,true,1,2,2,4,2,2,true,false,false,1,1,7,5,3,3,5)
478:(9,2,false,4,5,true,true,1,2,2,4,2,2,true,false,false,1,1,7,6,4,5,2)
479:(9,2,false,4,5,true,true,1,2,2,4,2,2,true,false,false,1,2,7,5,3,15,4)
480:(9,2,false,4,6,true,true,1,3,2,6,0,0,true,false,false,1,1,7,5,3,4,3)
481:(9,2,false,4,6,true,true,1,3,2,6,0,0,true,false,false,1,1,7,6,4,3,5)
482:(9,2,false,4,6,true,true,1,3,2,6,0,0,true,false,false,1,1,7,7,5,5,2)
483:(9,2,false,4,6,true,true,1,3,2,6,0,0,true,false,false,1,2,7,6,4,15,4)
484:(9,2,false,4,6,true,true,1,3,2,6,0,2,false,false,false,1,1,7,5,3,4,3)
485:(9,2,false,4,6,true,true,1,3,2,6,0,2,false,false,false,1,1,7,6,4,3,5)
486:(9,2,false,4,6,true,true,1,3,2,6,0,2,false,false,false,1,1,7,7,5,5,2)
487:(9,2,false,4,6,true,true,1,3,2,6,0,2,false,false,false,1,2,7,6,4,15,4)
488:(9,2,false,4,6,true,true,1,3,2,6,0,2,true,false,false,1,1,7,5,3,4,3)
489:(9,2,false,4,6,true,true,1,3,2,6,0,2,true,false,false,1,1,7,6,4,3,5)
490:(9,2,false,4,6,true,true,1,3,2,6,0,2,true,false,false,1,1,7,7,5,5,2)
491:(9,2,false,4,6,true,true,1,3,2,6,0,2,true,false,false,1,2,7,6,4,15,4)
492:(9,2,false,4,6,true,true,1,3,2,6,2,0,true,false,false,1,1,7,5,3,4,3)
493:(9,2,false,4,6,true,true,1,3,2,6,2,0,true,false,false,1,1,7,6,4,3,5)
494:(9,2,false,4,6,true,true,1,3,2,6,2,0,true,false,false,1,1,7,7,5,5,2)
495:(9,2,false,4,6,true,true,1,3,2,6,2,0,true,false,false,1,2,7,6,4,15,4)
496:(9,2,false,4,6,true,true,1,3,2,6,2,2,false,false,false,1,1,7,5,3,4,3)
497:(9,2,false,4,6,true,true,1,3,2,6,2,2,false,false,false,1,1,7,6,4,3,5)
498:(9,2,false,4,6,true,true,1,3,2,6,2,2,false,false,false,1,1,7,7,5,5,2)
499:(9,2,false,4,6,true,true,1,3,2,6,2,2,false,false,false,1,2,7,6,4,15,4)
500:(9,2,false,4,6,true,true,1,3,2,6,2,2,true,false,false,1,1,7,5,3,4,3)
501:(9,2,false,4,6,true,true,1,3,2,6,2,2,true,false,false,1,1,7,6,4,3,5)
502:(9,2,false,4,6,true,true,1,3,2,6,2,2,true,false,false,1,1,7,7,5,5,2)
503:(9,2,false,4,6,true,true,1,3,2,6,2,2,true,false,false,1,2,7,6,4,15,4)
504:(9,2,false,4,7,true,true,1,4,2,8,0,0,true,false,false,1,1,7,6,4,4,3)
505:(9,2,false,4,7,true,true,1,4,2,8,0,2,false,false,false,1,1,7,6,4,4,3)
506:(9,2,false,4,7,true,true,1,4,2,8,0,2,true,false,false,1,1,7,6,4,4,3)
507:(9,2,false,4,7,true,true,1,4,2,8,2,0,true,false,false,1,1,7,6,4,4,3)
508:(9,2,false,4,7,true,true,1,4,2,8,2,2,false,false,false,1,1,7,6,4,4,3)
509:(9,2,false,4,7,true,true,1,4,2,8,2,2,true,false,false,1,1,7,6,4,4,3)
510:(9,2,false,5,5,true,true,2,2,4,4,0,0,true,false,false,1,1,7,4,2,4,3)
511:(9,2,false,5,5,true,true,2,2,4,4,0,0,true,false,false,1,1,7,5,3,3,5)
512:(9,2,false,5,5,true,true,2,2,4,4,0,0,true,false,false,1,1,7,6,4,5,2)
513:(9,2,false,5,5,true,true,2,2,4,4,0,0,true,false,false,1,2,7,5,3,15,4)
514:(9,2,false,5,5,true,true,2,2,4,4,0,2,true,false,false,1,1,7,4,2,4,3)
515:(9,2,false,5,5,true,true,2,2,4,4,0,2,true,false,false,1,1,7,5,3,3,5)
516:(9,2,false,5,5,true,true,2,2,4,4,0,2,true,false,false,1,1,7,6,4,5,2)
517:(9,2,false,5,5,true,true,2,2,4,4,0,2,true,false,false,1,2,7,5,3,15,4)
518:(9,2,false,5,5,true,true,2,2,4,4,0,4,false,false,false,1,1,7,4,2,4,3)
519:(9,2,false,5,5,true,true,2,2,4,4,0,4,false,false,false,1,1,7,5,3,3,5)
520:(9,2,false,5,5,true,true,2,2,4,4,0,4,false,false,false,1,1,7,6,4,5,2)
521:(9,2,false,5,5,true,true,2,2,4,4,0,4,false,false,false,1,2,7,5,3,15,4)
522:(9,2,false,5,5,true,true,2,2,4,4,0,4,true,false,false,1,1,7,4,2,4,3)
523:(9,2,false,5,5,true,true,2,2,4,4,0,4,true,false,false,1,1,7,5,3,3,5)
524:(9,2,false,5,5,true,true,2,2,4,4,0,4,true,false,false,1,1,7,6,4,5,2)
525:(9,2,false,5,5,true,true,2,2,4,4,0,4,true,false,false,1,2,7,5,3,15,4)
526:(9,2,false,5,5,true,true,2,2,4,4,2,0,true,false,false,1,1,7,4,2,4,3)
527:(9,2,false,5,5,true,true,2,2,4,4,2,0,true,false,false,1,1,7,5,3,3,5)
528:(9,2,false,5,5,true,true,2,2,4,4,2,0,true,false,false,1,1,7,6,4,5,2)
529:(9,2,false,5,5,true,true,2,2,4,4,2,0,true,false,false,1,2,7,5,3,15,4)
530:(9,2,false,5,5,true,true,2,2,4,4,2,2,true,false,false,1,1,7,4,2,4,3)
531:(9,2,false,5,5,true,true,2,2,4,4,2,2,true,false,false,1,1,7,5,3,3,5)
532:(9,2,false,5,5,true,true,2,2,4,4,2,2,true,false,false,1,1,7,6,4,5,2)
533:(9,2,false,5,5,true,true,2,2,4,4,2,2,true,false,false,1,2,7,5,3,15,4)
534:(9,2,false,5,5,true,true,2,2,4,4,2,4,false,false,false,1,1,7,4,2,4,3)
535:(9,2,false,5,5,true,true,2,2,4,4,2,4,false,false,false,1,1,7,5,3,3,5)
536:(9,2,false,5,5,true,true,2,2,4,4,2,4,false,false,false,1,1,7,6,4,5,2)
537:(9,2,false,5,5,true,true,2,2,4,4,2,4,false,false,false,1,2,7,5,3,15,4)
538:(9,2,false,5,5,true,true,2,2,4,4,2,4,true,false,false,1,1,7,4,2,4,3)
539:(9,2,false,5,5,true,true,2,2,4,4,2,4,true,false,false,1,1,7,5,3,3,5)
540:(9,2,false,5,5,true,true,2,2,4,4,2,4,true,false,false,1,1,7,6,4,5,2)
541:(9,2,false,5,5,true,true,2,2,4,4,2,4,true,false,false,1,2,7,5,3,15,4)
542:(9,2,false,5,6,true,true,2,3,4,6,0,0,true,false,false,1,1,7,5,3,4,3)
543:(9,2,false,5,6,true,true,2,3,4,6,0,0,true,false,false,1,1,7,6,4,3,5)
544:(9,2,false,5,6,true,true,2,3,4,6,0,0,true,false,false,1,1,7,7,5,5,2)
545:(9,2,false,5,6,true,true,2,3,4,6,0,0,true,false,false,1,2,7,6,4,15,4)
546:(9,2,false,5,6,true,true,2,3,4,6,0,2,true,false,false,1,1,7,5,3,4,3)
547:(9,2,false,5,6,true,true,2,3,4,6,0,2,true,false,false,1,1,7,6,4,3,5)
548:(9,2,false,5,6,true,true,2,3,4,6,0,2,true,false,false,1,1,7,7,5,5,2)
549:(9,2,false,5,6,true,true,2,3,4,6,0,2,true,false,false,1,2,7,6,4,15,4)
550:(9,2,false,5,6,true,true,2,3,4,6,0,4,false,false,false,1,1,7,5,3,4,3)
551:(9,2,false,5,6,true,true,2,3,4,6,0,4,false,false,false,1,1,7,6,4,3,5)
552:(9,2,false,5,6,true,true,2,3,4,6,0,4,false,false,false,1,1,7,7,5,5,2)
553:(9,2,false,5,6,true,true,2,3,4,6,0,4,false,false,false,1,2,7,6,4,15,4)
554:(9,2,false,5,6,true,true,2,3,4,6,0,4,true,false,false,1,1,7,5,3,4,3)
555:(9,2,false,5,6,true,true,2,3,4,6,0,4,true,false,false,1,1,7,6,4,3,5)
556:(9,2,false,5,6,true,true,2,3,4,6,0,4,true,false,false,1,1,7,7,5,5,2)
557:(9,2,false,5,6,true,true,2,3,4,6,0,4,true,false,false,1,2,7,6,4,15,4)
558:(9,2,false,5,6,true,true,2,3,4,6,2,0,true,false,false,1,1,7,5,3,4,3)
559:(9,2,false,5,6,true,true,2,3,4,6,2,0,true,false,false,1,1,7,6,4,3,5)
560:(9,2,false,5,6,true,true,2,3,4,6,2,0,true,false,false,1,1,7,7,5,5,2)
561:(9,2,false,5,6,true,true,2,3,4,6,2,0,true,false,false,1,2,7,6,4,15,4)
562:(9,2,false,5,6,true,true,2,3,4,6,2,2,true,false,false,1,1,7,5,3,4,3)
563:(9,2,false,5,6,true,true,2,3,4,6,2,2,true,false,false,1,1,7,6,4,3,5)
564:(9,2,false,5,6,true,true,2,3,4,6,2,2,true,false,false,1,1,7,7,5,5,2)
565:(9,2,false,5,6,true,true,2,3,4,6,2,2,true,false,false,1,2,7,6,4,15,4)
566:(9,2,false,5,6,true,true,2,3,4,6,2,4,false,false,false,1,1,7,5,3,4,3)
567:(9,2,false,5,6,true,true,2,3,4,6,2,4,false,false,false,1,1,7,6,4,3,5)
568:(9,2,false,5,6,true,true,2,3,4,6,2,4,false,false,false,1,1,7,7,5,5,2)
569:(9,2,false,5,6,true,true,2,3,4,6,2,4,false,false,false,1,2,7,6,4,15,4)
570:(9,2,false,5,6,true,true,2,3,4,6,2,4,true,false,false,1,1,7,5,3,4,3)
571:(9,2,false,5,6,true,true,2,3,4,6,2,4,true,false,false,1,1,7,6,4,3,5)
572:(9,2,false,5,6,true,true,2,3,4,6,2,4,true,false,false,1,1,7,7,5,5,2)
573:(9,2,false,5,6,true,true,2,3,4,6,2,4,true,false,false,1,2,7,6,4,15,4)
574:(9,2,false,5,7,true,true,2,4,4,8,0,0,true,false,false,1,1,7,6,4,4,3)
575:(9,2,false,5,7,true,true,2,4,4,8,0,2,true,false,false,1,1,7,6,4,4,3)
576:(9,2,false,5,7,true,true,2,4,4,8,0,4,false,false,false,1,1,7,6,4,4,3)
577:(9,2,false,5,7,true,true,2,4,4,8,0,4,true,false,false,1,1,7,6,4,4,3)
578:(9,2,false,5,7,true,true,2,4,4,8,2,0,true,false,false,1,1,7,6,4,4,3)
579:(9,2,false,5,7,true,true,2,4,4,8,2,2,true,false,false,1,1,7,6,4,4,3)
580:(9,2,false,5,7,true,true,2,4,4,8,2,4,false,false,false,1,1,7,6,4,4,3)
581:(9,2,false,5,7,true,true,2,4,4,8,2,4,true,false,false,1,1,7,6,4,4,3)
582:(9,2,false,6,5,true,true,3,2,6,4,2,0,true,false,false,1,1,7,4,2,4,3)
583:(9,2,false,6,5,true,true,3,2,6,4,2,0,true,false,false,1,1,7,5,3,3,5)
584:(9,2,false,6,5,true,true,3,2,6,4,2,0,true,false,false,1,1,7,6,4,5,2)
585:(9,2,false,6,5,true,true,3,2,6,4,2,0,true,false,false,1,2,7,5,3,15,4)
586:(9,2,false,6,5,true,true,3,2,6,4,2,2,true,false,false,1,1,7,4,2,4,3)
587:(9,2,false,6,5,true,true,3,2,6,4,2,2,true,false,false,1,1,7,5,3,3,5)
588:(9,2,false,6,5,true,true,3,2,6,4,2,2,true,false,false,1,1,7,6,4,5,2)
589:(9,2,false,6,5,true,true,3,2,6,4,2,2,true,false,false,1,2,7,5,3,15,4)
590:(9,2,false,6,5,true,true,3,2,6,4,2,4,true,false,false,1,1,7,4,2,4,3)
591:(9,2,false,6,5,true,true,3,2,6,4,2,4,true,false,false,1,1,7,5,3,3,5)
592:(9,2,false,6,5,true,true,3,2,6,4,2,4,true,false,false,1,1,7,6,4,5,2)
593:(9,2,false,6,5,true,true,3,2,6,4,2,4,true,false,false,1,2,7,5,3,15,4)
594:(9,2,false,6,5,true,true,3,2,6,4,2,6,false,false,false,1,1,7,4,2,4,3)
595:(9,2,false,6,5,true,true,3,2,6,4,2,6,false,false,false,1,1,7,5,3,3,5)
596:(9,2,false,6,5,true,true,3,2,6,4,2,6,false,false,false,1,1,7,6,4,5,2)
597:(9,2,false,6,5,true,true,3,2,6,4,2,6,false,false,false,1,2,7,5,3,15,4)
598:(9,2,false,6,5,true,true,3,2,6,4,2,6,true,false,false,1,1,7,4,2,4,3)
599:(9,2,false,6,5,true,true,3,2,6,4,2,6,true,false,false,1,1,7,5,3,3,5)
600:(9,2,false,6,5,true,true,3,2,6,4,2,6,true,false,false,1,1,7,6,4,5,2)
601:(9,2,false,6,5,true,true,3,2,6,4,2,6,true,false,false,1,2,7,5,3,15,4)
602:(9,2,false,6,6,true,true,3,3,6,6,0,0,true,false,false,1,1,7,5,3,4,3)
603:(9,2,false,6,6,true,true,3,3,6,6,0,0,true,false,false,1,1,7,6,4,3,5)
604:(9,2,false,6,6,true,true,3,3,6,6,0,0,true,false,false,1,1,7,7,5,5,2)
605:(9,2,false,6,6,true,true,3,3,6,6,0,0,true,false,false,1,2,7,6,4,15,4)
606:(9,2,false,6,6,true,true,3,3,6,6,0,2,true,false,false,1,1,7,5,3,4,3)
607:(9,2,false,6,6,true,true,3,3,6,6,0,2,true,false,false,1,1,7,6,4,3,5)
608:(9,2,false,6,6,true,true,3,3,6,6,0,2,true,false,false,1,1,7,7,5,5,2)
609:(9,2,false,6,6,true,true,3,3,6,6,0,2,true,false,false,1,2,7,6,4,15,4)
610:(9,2,false,6,6,true,true,3,3,6,6,0,4,true,false,false,1,1,7,5,3,4,3)
611:(9,2,false,6,6,true,true,3,3,6,6,0,4,true,false,false,1,1,7,6,4,3,5)
612:(9,2,false,6,6,true,true,3,3,6,6,0,4,true,false,false,1,1,7,7,5,5,2)
613:(9,2,false,6,6,true,true,3,3,6,6,0,4,true,false,false,1,2,7,6,4,15,4)
614:(9,2,false,6,6,true,true,3,3,6,6,0,6,false,false,false,1,1,7,5,3,4,3)
615:(9,2,false,6,6,true,true,3,3,6,6,0,6,false,false,false,1,1,7,6,4,3,5)
616:(9,2,false,6,6,true,true,3,3,6,6,0,6,false,false,false,1,1,7,7,5,5,2)
617:(9,2,false,6,6,true,true,3,3,6,6,0,6,false,false,false,1,2,7,6,4,15,4)
618:(9,2,false,6,6,true,true,3,3,6,6,0,6,true,false,false,1,1,7,5,3,4,3)
619:(9,2,false,6,6,true,true,3,3,6,6,0,6,true,false,false,1,1,7,6,4,3,5)
620:(9,2,false,6,6,true,true,3,3,6,6,0,6,true,false,false,1,1,7,7,5,5,2)
621:(9,2,false,6,6,true,true,3,3,6,6,0,6,true,false,false,1,2,7,6,4,15,4)
622:(9,2,false,6,6,true,true,3,3,6,6,2,0,true,false,false,1,1,7,5,3,4,3)
623:(9,2,false,6,6,true,true,3,3,6,6,2,0,true,false,false,1,1,7,6,4,3,5)
624:(9,2,false,6,6,true,true,3,3,6,6,2,0,true,false,false,1,1,7,7,5,5,2)
625:(9,2,false,6,6,true,true,3,3,6,6,2,0,true,false,false,1,2,7,6,4,15,4)
626:(9,2,false,6,6,true,true,3,3,6,6,2,2,true,false,false,1,1,7,5,3,4,3)
627:(9,2,false,6,6,true,true,3,3,6,6,2,2,true,false,false,1,1,7,6,4,3,5)
628:(9,2,false,6,6,true,true,3,3,6,6,2,2,true,false,false,1,1,7,7,5,5,2)
629:(9,2,false,6,6,true,true,3,3,6,6,2,2,true,false,false,1,2,7,6,4,15,4)
630:(9,2,false,6,6,true,true,3,3,6,6,2,4,true,false,false,1,1,7,5,3,4,3)
631:(9,2,false,6,6,true,true,3,3,6,6,2,4,true,false,false,1,1,7,6,4,3,5)
632:(9,2,false,6,6,true,true,3,3,6,6,2,4,true,false,false,1,1,7,7,5,5,2)
633:(9,2,false,6,6,true,true,3,3,6,6,2,4,true,false,false,1,2,7,6,4,15,4)
634:(9,2,false,6,6,true,true,3,3,6,6,2,6,false,false,false,1,1,7,5,3,4,3)
635:(9,2,false,6,6,true,true,3,3,6,6,2,6,false,false,false,1,1,7,6,4,3,5)
636:(9,2,false,6,6,true,true,3,3,6,6,2,6,false,false,false,1,1,7,7,5,5,2)
637:(9,2,false,6,6,true,true,3,3,6,6,2,6,false,false,false,1,2,7,6,4,15,4)
638:(9,2,false,6,6,true,true,3,3,6,6,2,6,true,false,false,1,1,7,5,3,4,3)
639:(9,2,false,6,6,true,true,3,3,6,6,2,6,true,false,false,1,1,7,6,4,3,5)
640:(9,2,false,6,6,true,true,3,3,6,6,2,6,true,false,false,1,1,7,7,5,5,2)
641:(9,2,false,6,6,true,true,3,3,6,6,2,6,true,false,false,1,2,7,6,4,15,4)
642:(9,2,false,6,7,true,true,3,4,6,8,0,0,true,false,false,1,1,7,6,4,4,3)
643:(9,2,false,6,7,true,true,3,4,6,8,0,2,true,false,false,1,1,7,6,4,4,3)
644:(9,2,false,6,7,true,true,3,4,6,8,0,4,true,false,false,1,1,7,6,4,4,3)
645:(9,2,false,6,7,true,true,3,4,6,8,0,6,false,false,false,1,1,7,6,4,4,3)
646:(9,2,false,6,7,true,true,3,4,6,8,0,6,true,false,false,1,1,7,6,4,4,3)
647:(9,2,false,6,7,true,true,3,4,6,8,2,0,true,false,false,1,1,7,6,4,4,3)
648:(9,2,false,6,7,true,true,3,4,6,8,2,2,true,false,false,1,1,7,6,4,4,3)
649:(9,2,false,6,7,true,true,3,4,6,8,2,4,true,false,false,1,1,7,6,4,4,3)
650:(9,2,false,6,7,true,true,3,4,6,8,2,6,false,false,false,1,1,7,6,4,4,3)
651:(9,2,false,6,7,true,true,3,4,6,8,2,6,true,false,false,1,1,7,6,4,4,3)
652:(9,2,false,7,7,true,true,4,4,8,8,0,0,true,false,false,1,1,7,6,4,4,3)
653:(9,2,false,7,7,true,true,4,4,8,8,0,0,true,false,false,1,1,8,6,0,4,3)
654:(9,2,false,7,7,true,true,4,4,8,8,0,0,true,false,false,1,1,8,7,0,3,1)
655:(9,2,false,7,7,true,true,4,4,8,8,0,2,true,false,false,1,1,7,6,4,4,3)
656:(9,2,false,7,7,true,true,4,4,8,8,0,2,true,false,false,1,1,8,6,0,4,3)
657:(9,2,false,7,7,true,true,4,4,8,8,0,2,true,false,false,1,1,8,7,0,3,1)
658:(9,2,false,7,7,true,true,4,4,8,8,0,4,true,false,false,1,1,7,6,4,4,3)
659:(9,2,false,7,7,true,true,4,4,8,8,0,4,true,false,false,1,1,8,6,0,4,3)
660:(9,2,false,7,7,true,true,4,4,8,8,0,4,true,false,false,1,1,8,7,0,3,1)
661:(9,2,false,7,7,true,true,4,4,8,8,0,6,true,false,false,1,1,7,6,4,4,3)
662:(9,2,false,7,7,true,true,4,4,8,8,0,6,true,false,false,1,1,8,6,0,4,3)
663:(9,2,false,7,7,true,true,4,4,8,8,0,6,true,false,false,1,1,8,7,0,3,1)
664:(9,2,false,7,7,true,true,4,4,8,8,0,8,false,false,false,1,1,7,6,4,4,3)
665:(9,2,false,7,7,true,true,4,4,8,8,0,8,false,false,false,1,1,8,6,0,4,3)
666:(9,2,false,7,7,true,true,4,4,8,8,0,8,false,false,false,1,1,8,7,0,3,1)
667:(9,2,false,7,7,true,true,4,4,8,8,0,8,true,false,false,1,1,7,6,4,4,3)
668:(9,2,false,7,7,true,true,4,4,8,8,0,8,true,false,false,1,1,8,6,0,4,3)
669:(9,2,false,7,7,true,true,4,4,8,8,0,8,true,false,false,1,1,8,7,0,3,1)
670:(9,2,false,7,7,true,true,4,4,8,8,2,0,true,false,false,1,1,7,6,4,4,3)
671:(9,2,false,7,7,true,true,4,4,8,8,2,0,true,false,false,1,1,8,6,0,4,3)
672:(9,2,false,7,7,true,true,4,4,8,8,2,0,true,false,false,1,1,8,7,0,3,1)
673:(9,2,false,7,7,true,true,4,4,8,8,2,2,true,false,false,1,1,7,6,4,4,3)
674:(9,2,false,7,7,true,true,4,4,8,8,2,2,true,false,false,1,1,8,6,0,4,3)
675:(9,2,false,7,7,true,true,4,4,8,8,2,2,true,false,false,1,1,8,7,0,3,1)
676:(9,2,false,7,7,true,true,4,4,8,8,2,4,true,false,false,1,1,7,6,4,4,3)
677:(9,2,false,7,7,true,true,4,4,8,8,2,4,true,false,false,1,1,8,6,0,4,3)
678:(9,2,false,7,7,true,true,4,4,8,8,2,4,true,false,false,1,1,8,7,0,3,1)
679:(9,2,false,7,7,true,true,4,4,8,8,2,6,true,false,false,1,1,7,6,4,4,3)
680:(9,2,false,7,7,true,true,4,4,8,8,2,6,true,false,false,1,1,8,6,0,4,3)
681:(9,2,false,7,7,true,true,4,4,8,8,2,6,true,false,false,1,1,8,7,0,3,1)
682:(9,2,false,7,7,true,true,4,4,8,8,2,8,false,false,false,1,1,7,6,4,4,3)
683:(9,2,false,7,7,true,true,4,4,8,8,2,8,false,false,false,1,1,8,6,0,4,3)
684:(9,2,false,7,7,true,true,4,4,8,8,2,8,false,false,false,1,1,8,7,0,3,1)
685:(9,2,false,7,7,true,true,4,4,8,8,2,8,true,false,false,1,1,7,6,4,4,3)
686:(9,2,false,7,7,true,true,4,4,8,8,2,8,true,false,false,1,1,8,6,0,4,3)
687:(9,2,false,7,7,true,true,4,4,8,8,2,8,true,false,false,1,1,8,7,0,3,1)
688:(9,2,false,8,7,true,true,4,4,8,8,0,0,true,true,false,1,1,8,6,0,4,3)
689:(9,2,false,8,7,true,true,4,4,8,8,0,0,true,true,false,1,1,8,7,0,3,1)
690:(9,2,false,8,7,true,true,4,4,8,8,0,2,true,true,false,1,1,8,6,0,4,3)
691:(9,2,false,8,7,true,true,4,4,8,8,0,2,true,true,false,1,1,8,7,0,3,1)
692:(9,2,false,8,7,true,true,4,4,8,8,0,4,true,true,false,1,1,8,6,0,4,3)
693:(9,2,false,8,7,true,true,4,4,8,8,0,4,true,true,false,1,1,8,7,0,3,1)
694:(9,2,false,8,7,true,true,4,4,8,8,0,6,true,true,false,1,1,8,6,0,4,3)
695:(9,2,false,8,7,true,true,4,4,8,8,0,6,true,true,false,1,1,8,7,0,3,1)
696:(9,2,false,8,7,true,true,4,4,8,8,0,8,false,true,false,1,1,8,6,0,4,3)
697:(9,2,false,8,7,true,true,4,4,8,8,0,8,false,true,false,1,1,8,7,0,3,1)
698:(9,2,false,8,7,true,true,4,4,8,8,0,8,true,true,false,1,1,8,6,0,4,3)
699:(9,2,false,8,7,true,true,4,4,8,8,0,8,true,true,false,1,1,8,7,0,3,1)
700:(9,2,false,8,7,true,true,4,4,8,8,2,0,true,true,false,1,1,8,6,0,4,3)
701:(9,2,false,8,7,true,true,4,4,8,8,2,0,true,true,false,1,1,8,7,0,3,1)
702:(9,2,false,8,7,true,true,4,4,8,8,2,2,true,true,false,1,1,8,6,0,4,3)
703:(9,2,false,8,7,true,true,4,4,8,8,2,2,true,true,false,1,1,8,7,0,3,1)
704:(9,2,false,8,7,true,true,4,4,8,8,2,4,true,true,false,1,1,8,6,0,4,3)
705:(9,2,false,8,7,true,true,4,4,8,8,2,4,true,true,false,1,1,8,7,0,3,1)
706:(9,2,false,8,7,true,true,4,4,8,8,2,6,true,true,false,1,1,8,6,0,4,3)
707:(9,2,false,8,7,true,true,4,4,8,8,2,6,true,true,false,1,1,8,7,0,3,1)
708:(9,2,false,8,7,true,true,4,4,8,8,2,8,false,true,false,1,1,8,6,0,4,3)
709:(9,2,false,8,7,true,true,4,4,8,8,2,8,false,true,false,1,1,8,7,0,3,1)
710:(9,2,false,8,7,true,true,4,4,8,8,2,8,true,true,false,1,1,8,6,0,4,3)
711:(9,2,false,8,7,true,true,4,4,8,8,2,8,true,true,false,1,1,8,7,0,3,1)
712:(9,3,false,0,0,false,false,0,0,0,0,0,0,false,false,false,2,0,0,0,0,7,0)
713:(9,3,false,1,0,false,false,0,0,0,0,0,0,false,false,false,2,0,0,0,0,7,0)
714:(9,3,false,2,1,false,false,0,0,0,0,0,0,false,false,false,2,0,0,0,0,7,0)
715:(9,3,false,3,2,true,false,0,0,0,0,0,0,false,false,false,2,0,0,0,0,7,0)
716:(9,3,false,3,2,true,false,0,0,0,0,0,0,true,false,false,2,0,0,0,0,7,0)
717:(9,3,false,4,3,true,true,1,0,2,0,2,0,true,false,false,2,0,0,0,0,7,0)
718:(9,3,false,4,3,true,true,1,0,2,0,2,2,false,false,false,2,0,0,0,0,7,0)
719:(9,3,false,4,3,true,true,1,0,2,0,2,2,true,false,false,2,0,0,0,0,7,0)
720:(9,3,false,4,4,true,true,1,1,2,2,0,0,true,false,false,2,0,0,0,0,7,0)
721:(9,3,false,4,4,true,true,1,1,2,2,0,2,false,false,false,2,0,0,0,0,7,0)
722:(9,3,false,4,4,true,true,1,1,2,2,0,2,true,false,false,2,0,0,0,0,7,0)
723:(9,3,false,4,4,true,true,1,1,2,2,2,0,true,false,false,2,0,0,0,0,7,0)
724:(9,3,false,4,4,true,true,1,1,2,2,2,2,false,false,false,2,0,0,0,0,7,0)
725:(9,3,false,4,4,true,true,1,1,2,2,2,2,true,false,false,2,0,0,0,0,7,0)
726:(9,3,false,6,5,true,true,3,2,6,4,2,0,true,false,false,2,0,0,0,0,7,0)
727:(9,3,false,6,5,true,true,3,2,6,4,2,2,true,false,false,2,0,0,0,0,7,0)
728:(9,3,false,6,5,true,true,3,2,6,4,2,4,true,false,false,2,0,0,0,0,7,0)
729:(9,3,false,6,5,true,true,3,2,6,4,2,6,false,false,false,2,0,0,0,0,7,0)
730:(9,3,false,6,5,true,true,3,2,6,4,2,6,true,false,false,2,0,0,0,0,7,0)
731:(9,3,false,6,6,true,true,3,3,6,6,0,0,true,false,false,2,0,0,0,0,7,0)
732:(9,3,false,6,6,true,true,3,3,6,6,0,2,true,false,false,2,0,0,0,0,7,0)
733:(9,3,false,6,6,true,true,3,3,6,6,0,4,true,false,false,2,0,0,0,0,7,0)
734:(9,3,false,6,6,true,true,3,3,6,6,0,6,false,false,false,2,0,0,0,0,7,0)
735:(9,3,false,6,6,true,true,3,3,6,6,0,6,true,false,false,2,0,0,0,0,7,0)
736:(9,3,false,6,6,true,true,3,3,6,6,2,0,true,false,false,2,0,0,0,0,7,0)
737:(9,3,false,6,6,true,true,3,3,6,6,2,2,true,false,false,2,0,0,0,0,7,0)
738:(9,3,false,6,6,true,true,3,3,6,6,2,4,true,false,false,2,0,0,0,0,7,0)
739:(9,3,false,6,6,true,true,3,3,6,6,2,6,false,false,false,2,0,0,0,0,7,0)
740:(9,3,false,6,6,true,true,3,3,6,6,2,6,true,false,false,2,0,0,0,0,7,0)
741:(9,3,false,8,7,true,true,4,4,8,8,0,0,true,true,false,2,0,0,0,0,7,0)
742:(9,3,false,8,7,true,true,4,4,8,8,0,2,true,true,false,2,0,0,0,0,7,0)
743:(9,3,false,8,7,true,true,4,4,8,8,0,4,true,true,false,2,0,0,0,0,7,0)
744:(9,3,false,8,7,true,true,4,4,8,8,0,6,true,true,false,2,0,0,0,0,7,0)
745:(9,3,false,8,7,true,true,4,4,8,8,0,8,false,true,false,2,0,0,0,0,7,0)
746:(9,3,false,8,7,true,true,4,4,8,8,0,8,true,true,false,2,0,0,0,0,7,0)
747:(9,3,false,8,7,true,true,4,4,8,8,2,0,true,true,false,2,0,0,0,0,7,0)
748:(9,3,false,8,7,true,true,4,4,8,8,2,2,true,true,false,2,0,0,0,0,7,0)
749:(9,3,false,8,7,true,true,4,4,8,8,2,4,true,true,false,2,0,0,0,0,7,0)
750:(9,3,false,8,7,true,true,4,4,8,8,2,6,true,true,false,2,0,0,0,0,7,0)
751:(9,3,false,8,7,true,true,4,4,8,8,2,8,false,true,false,2,0,0,0,0,7,0)
752:(9,3,false,8,7,true,true,4,4,8,8,2,8,true,true,false,2,0,0,0,0,7,0)
