(phase,outcome,waiting,next_send_seq_h,next_recv_seq_h,honest_commit_sent,peer_commit_verified,sent_blocks_h,verified_blocks_peer,sent_honest,verified_peer,max_gap,adversary_verified_honest,adversary_skipped_verification,honest_confirm_sent,peer_confirm_verified,last_actor,last_direction,last_type,last_seq,last_block,last_event,reject_reason)
0:(0,0,false,0,0,false,false,0,0,0,0,0,0,false,false,false,0,0,0,0,0,0,0)
1:(1,0,false,0,0,false,false,0,0,0,0,0,0,false,false,false,1,1,1,0,0,1,0)
2:(1,0,true,0,0,false,false,0,0,0,0,0,0,false,false,false,2,2,2,0,0,6,0)
3:(2,0,false,0,1,false,false,0,0,0,0,0,0,false,false,false,2,2,2,0,0,2,0)
4:(3,0,false,1,1,false,false,0,0,0,0,0,0,false,false,false,1,1,3,0,0,1,0)
5:(3,0,true,1,1,false,false,0,0,0,0,0,0,false,false,false,2,0,0,0,0,6,0)
6:(4,0,false,1,1,false,false,0,0,0,0,0,0,false,false,false,2,0,0,0,0,2,0)
7:(4,0,true,1,1,false,false,0,0,0,0,0,0,false,false,false,2,2,4,1,0,6,0)
8:(5,0,false,1,2,false,false,0,0,0,0,0,0,false,false,false,2,2,4,1,0,2,0)
9:(6,0,false,2,2,false,false,0,0,0,0,0,0,false,false,false,1,1,5,1,0,1,0)
10:(6,0,false,2,3,false,true,0,0,0,0,0,0,false,false,false,2,2,6,2,0,2,0)
11:(6,0,false,3,2,true,false,0,0,0,0,0,0,false,false,false,1,1,6,2,0,1,0)
12:(6,0,false,3,2,true,false,0,0,0,0,0,0,true,false,false,1,1,6,2,0,1,0)
13:(6,0,false,3,3,true,true,0,0,0,0,0,0,false,false,false,1,1,6,2,0,1,0)
14:(6,0,false,3,3,true,true,0,0,0,0,0,0,false,false,false,2,2,6,2,0,2,0)
15:(6,0,false,3,3,true,true,0,0,0,0,0,0,true,false,false,1,1,6,2,0,1,0)
16:(6,0,false,3,3,true,true,0,0,0,0,0,0,true,false,false,2,2,6,2,0,2,0)
17:(6,0,true,3,2,true,false,0,0,0,0,0,0,false,false,false,2,2,6,2,0,6,0)
18:(6,0,true,3,2,true,false,0,0,0,0,0,0,true,false,false,2,2,6,2,0,6,0)
19:(7,0,false,3,3,true,true,0,0,0,0,0,0,false,false,false,0,0,0,0,0,9,0)
20:(7,0,false,3,3,true,true,0,0,0,0,0,0,true,false,false,0,0,0,0,0,9,0)
21:(7,0,false,3,4,true,true,0,1,0,2,0,0,false,false,false,2,2,7,3,1,2,0)
22:(7,0,false,3,4,true,true,0,1,0,2,0,0,true,false,false,2,2,7,3,1,2,0)
23:(7,0,false,3,5,true,true,0,2,0,4,0,0,false,false,false,2,2,7,4,2,2,0)
24:(7,0,false,3,5,true,true,0,2,0,4,0,0,true,false,false,2,2,7,4,2,2,0)
25:(7,0,false,3,6,true,true,0,3,0,6,0,0,false,false,false,2,2,7,5,3,2,0)
26:(7,0,false,3,6,true,true,0,3,0,6,0,0,true,false,false,2,2,7,5,3,2,0)
27:(7,0,false,3,7,true,true,0,4,0,8,0,0,false,false,false,2,2,7,6,4,2,0)
28:(7,0,false,3,7,true,true,0,4,0,8,0,0,true,false,false,2,2,7,6,4,2,0)
29:(7,0,false,4,4,true,true,1,1,2,2,0,0,true,false,false,1,1,7,3,1,11,0)
30:(7,0,false,4,4,true,true,1,1,2,2,0,0,true,false,false,1,1,7,3,1,14,0)
31:(7,0,false,4,4,true,true,1,1,2,2,0,2,false,false,false,1,1,7,3,1,10,0)
32:(7,0,false,4,4,true,true,1,1,2,2,0,2,false,false,false,1,1,7,3,1,14,0)
33:(7,0,false,4,4,true,true,1,1,2,2,0,2,true,false,false,1,1,7,3,1,10,0)
34:(7,0,false,4,4,true,true,1,1,2,2,0,2,true,false,false,1,1,7,3,1,14,0)
35:(7,0,false,4,5,true,true,1,2,2,4,0,0,true,false,false,1,1,7,3,1,11,0)
36:(7,0,false,4,5,true,true,1,2,2,4,0,0,true,false,false,1,1,7,3,1,14,0)
37:(7,0,false,4,5,true,true,1,2,2,4,0,0,true,false,false,2,2,7,4,2,2,0)
38:(7,0,false,4,5,true,true,1,2,2,4,0,2,false,false,false,1,1,7,3,1,10,0)
39:(7,0,false,4,5,true,true,1,2,2,4,0,2,false,false,false,1,1,7,3,1,14,0)
40:(7,0,false,4,5,true,true,1,2,2,4,0,2,false,false,false,2,2,7,4,2,2,0)
41:(7,0,false,4,5,true,true,1,2,2,4,0,2,true,false,false,1,1,7,3,1,10,0)
42:(7,0,false,4,5,true,true,1,2,2,4,0,2,true,false,false,1,1,7,3,1,14,0)
43:(7,0,false,4,5,true,true,1,2,2,4,0,2,true,false,false,2,2,7,4,2,2,0)
44:(7,0,false,4,6,true,true,1,3,2,6,0,0,true,false,false,1,1,7,3,1,11,0)
45:(7,0,false,4,6,true,true,1,3,2,6,0,0,true,false,false,1,1,7,3,1,14,0)
46:(7,0,false,4,6,true,true,1,3,2,6,0,0,true,false,false,2,2,7,5,3,2,0)
47:(7,0,false,4,6,true,true,1,3,2,6,0,2,false,false,false,1,1,7,3,1,10,0)
48:(7,0,false,4,6,true,true,1,3,2,6,0,2,false,false,false,1,1,7,3,1,14,0)
49:(7,0,false,4,6,true,true,1,3,2,6,0,2,false,false,false,2,2,7,5,3,2,0)
50:(7,0,false,4,6,true,true,1,3,2,6,0,2,true,false,false,1,1,7,3,1,10,0)
51:(7,0,false,4,6,true,true,1,3,2,6,0,2,true,false,false,1,1,7,3,1,14,0)
52:(7,0,false,4,6,true,true,1,3,2,6,0,2,true,false,false,2,2,7,5,3,2,0)
53:(7,0,false,4,7,true,true,1,4,2,8,0,0,true,false,false,1,1,7,3,1,11,0)
54:(7,0,false,4,7,true,true,1,4,2,8,0,0,true,false,false,1,1,7,3,1,14,0)
55:(7,0,false,4,7,true,true,1,4,2,8,0,0,true,false,false,2,2,7,6,4,2,0)
56:(7,0,false,4,7,true,true,1,4,2,8,0,2,false,false,false,1,1,7,3,1,10,0)
57:(7,0,false,4,7,true,true,1,4,2,8,0,2,false,false,false,1,1,7,3,1,14,0)
58:(7,0,false,4,7,true,true,1,4,2,8,0,2,false,false,false,2,2,7,6,4,2,0)
59:(7,0,false,4,7,true,true,1,4,2,8,0,2,true,false,false,1,1,7,3,1,10,0)
60:(7,0,false,4,7,true,true,1,4,2,8,0,2,true,false,false,1,1,7,3,1,14,0)
61:(7,0,false,4,7,true,true,1,4,2,8,0,2,true,false,false,2,2,7,6,4,2,0)
62:(7,0,false,5,4,true,true,2,1,4,2,2,0,true,false,false,1,1,7,4,2,11,0)
63:(7,0,false,5,4,true,true,2,1,4,2,2,0,true,false,false,1,1,7,4,2,14,0)
64:(7,0,false,5,4,true,true,2,1,4,2,2,2,true,false,false,1,1,7,4,2,10,0)
65:(7,0,false,5,4,true,true,2,1,4,2,2,2,true,false,false,1,1,7,4,2,11,0)
66:(7,0,false,5,4,true,true,2,1,4,2,2,2,true,false,false,1,1,7,4,2,14,0)
67:(7,0,false,5,4,true,true,2,1,4,2,2,4,false,false,false,1,1,7,4,2,10,0)
68:(7,0,false,5,4,true,true,2,1,4,2,2,4,false,false,false,1,1,7,4,2,14,0)
69:(7,0,false,5,4,true,true,2,1,4,2,2,4,true,false,false,1,1,7,4,2,10,0)
70:(7,0,false,5,4,true,true,2,1,4,2,2,4,true,false,false,1,1,7,4,2,14,0)
71:(7,0,false,5,5,true,true,2,2,4,4,0,0,true,false,false,1,1,7,4,2,11,0)
72:(7,0,false,5,5,true,true,2,2,4,4,0,0,true,false,false,1,1,7,4,2,14,0)
73:(7,0,false,5,5,true,true,2,2,4,4,0,2,true,false,false,1,1,7,4,2,10,0)
74:(7,0,false,5,5,true,true,2,2,4,4,0,2,true,false,false,1,1,7,4,2,11,0)
75:(7,0,false,5,5,true,true,2,2,4,4,0,2,true,false,false,1,1,7,4,2,14,0)
76:(7,0,false,5,5,true,true,2,2,4,4,0,4,false,false,false,1,1,7,4,2,10,0)
77:(7,0,false,5,5,true,true,2,2,4,4,0,4,false,false,false,1,1,7,4,2,14,0)
78:(7,0,false,5,5,true,true,2,2,4,4,0,4,true,false,false,1,1,7,4,2,10,0)
79:(7,0,false,5,5,true,true,2,2,4,4,0,4,true,false,false,1,1,7,4,2,14,0)
80:(7,0,false,5,5,true,true,2,2,4,4,2,0,true,false,false,1,1,7,4,2,14,0)
81:(7,0,false,5,5,true,true,2,2,4,4,2,0,true,false,false,2,2,7,4,2,2,0)
82:(7,0,false,5,5,true,true,2,2,4,4,2,2,true,false,false,1,1,7,4,2,14,0)
83:(7,0,false,5,5,true,true,2,2,4,4,2,2,true,false,false,2,2,7,4,2,2,0)
84:(7,0,false,5,5,true,true,2,2,4,4,2,4,false,false,false,1,1,7,4,2,14,0)
85:(7,0,false,5,5,true,true,2,2,4,4,2,4,false,false,false,2,2,7,4,2,2,0)
86:(7,0,false,5,5,true,true,2,2,4,4,2,4,true,false,false,1,1,7,4,2,14,0)
87:(7,0,false,5,5,true,true,2,2,4,4,2,4,true,false,false,2,2,7,4,2,2,0)
88:(7,0,false,5,6,true,true,2,3,4,6,0,0,true,false,false,1,1,7,4,2,11,0)
89:(7,0,false,5,6,true,true,2,3,4,6,0,0,true,false,false,1,1,7,4,2,14,0)
90:(7,0,false,5,6,true,true,2,3,4,6,0,0,true,false,false,2,2,7,5,3,2,0)
91:(7,0,false,5,6,true,true,2,3,4,6,0,2,true,false,false,1,1,7,4,2,10,0)
92:(7,0,false,5,6,true,true,2,3,4,6,0,2,true,false,false,1,1,7,4,2,11,0)
93:(7,0,false,5,6,true,true,2,3,4,6,0,2,true,false,false,1,1,7,4,2,14,0)
94:(7,0,false,5,6,true,true,2,3,4,6,0,2,true,false,false,2,2,7,5,3,2,0)
95:(7,0,false,5,6,true,true,2,3,4,6,0,4,false,false,false,1,1,7,4,2,10,0)
96:(7,0,false,5,6,true,true,2,3,4,6,0,4,false,false,false,1,1,7,4,2,14,0)
97:(7,0,false,5,6,true,true,2,3,4,6,0,4,false,false,false,2,2,7,5,3,2,0)
98:(7,0,false,5,6,true,true,2,3,4,6,0,4,true,false,false,1,1,7,4,2,10,0)
99:(7,0,false,5,6,true,true,2,3,4,6,0,4,true,false,false,1,1,7,4,2,14,0)
100:(7,0,false,5,6,true,true,2,3,4,6,0,4,true,false,false,2,2,7,5,3,2,0)
101:(7,0,false,5,6,true,true,2,3,4,6,2,0,true,false,false,1,1,7,4,2,14,0)
102:(7,0,false,5,6,true,true,2,3,4,6,2,0,true,false,false,2,2,7,5,3,2,0)
103:(7,0,false,5,6,true,true,2,3,4,6,2,2,true,false,false,1,1,7,4,2,14,0)
104:(7,0,false,5,6,true,true,2,3,4,6,2,2,true,false,false,2,2,7,5,3,2,0)
105:(7,0,false,5,6,true,true,2,3,4,6,2,4,false,false,false,1,1,7,4,2,14,0)
106:(7,0,false,5,6,true,true,2,3,4,6,2,4,false,false,false,2,2,7,5,3,2,0)
107:(7,0,false,5,6,true,true,2,3,4,6,2,4,true,false,false,1,1,7,4,2,14,0)
108:(7,0,false,5,6,true,true,2,3,4,6,2,4,true,false,false,2,2,7,5,3,2,0)
109:(7,0,false,5,7,true,true,2,4,4,8,0,0,true,false,false,1,1,7,4,2,11,0)
110:(7,0,false,5,7,true,true,2,4,4,8,0,0,true,false,false,1,1,7,4,2,14,0)
111:(7,0,false,5,7,true,true,2,4,4,8,0,0,true,false,false,2,2,7,6,4,2,0)
112:(7,0,false,5,7,true,true,2,4,4,8,0,2,true,false,false,1,1,7,4,2,10,0)
113:(7,0,false,5,7,true,true,2,4,4,8,0,2,true,false,false,1,1,7,4,2,11,0)
114:(7,0,false,5,7,true,true,2,4,4,8,0,2,true,false,false,1,1,7,4,2,14,0)
115:(7,0,false,5,7,true,true,2,4,4,8,0,2,true,false,false,2,2,7,6,4,2,0)
116:(7,0,false,5,7,true,true,2,4,4,8,0,4,false,false,false,1,1,7,4,2,10,0)
117:(7,0,false,5,7,true,true,2,4,4,8,0,4,false,false,false,1,1,7,4,2,14,0)
118:(7,0,false,5,7,true,true,2,4,4,8,0,4,false,false,false,2,2,7,6,4,2,0)
119:(7,0,false,5,7,true,true,2,4,4,8,0,4,true,false,false,1,1,7,4,2,10,0)
120:(7,0,false,5,7,true,true,2,4,4,8,0,4,true,false,false,1,1,7,4,2,14,0)
121:(7,0,false,5,7,true,true,2,4,4,8,0,4,true,false,false,2,2,7,6,4,2,0)
122:(7,0,false,5,7,true,true,2,4,4,8,2,0,true,false,false,1,1,7,4,2,14,0)
123:(7,0,false,5,7,true,true,2,4,4,8,2,0,true,false,false,2,2,7,6,4,2,0)
124:(7,0,false,5,7,true,true,2,4,4,8,2,2,true,false,false,1,1,7,4,2,14,0)
125:(7,0,false,5,7,true,true,2,4,4,8,2,2,true,false,false,2,2,7,6,4,2,0)
126:(7,0,false,5,7,true,true,2,4,4,8,2,4,false,false,false,1,1,7,4,2,14,0)
127:(7,0,false,5,7,true,true,2,4,4,8,2,4,false,false,false,2,2,7,6,4,2,0)
128:(7,0,false,5,7,true,true,2,4,4,8,2,4,true,false,false,1,1,7,4,2,14,0)
129:(7,0,false,5,7,true,true,2,4,4,8,2,4,true,false,false,2,2,7,6,4,2,0)
130:(7,0,false,6,6,true,true,3,3,6,6,0,0,true,false,false,1,1,7,5,3,11,0)
131:(7,0,false,6,6,true,true,3,3,6,6,0,0,true,false,false,1,1,7,5,3,14,0)
132:(7,0,false,6,6,true,true,3,3,6,6,0,2,true,false,false,1,1,7,5,3,10,0)
133:(7,0,false,6,6,true,true,3,3,6,6,0,2,true,false,false,1,1,7,5,3,11,0)
134:(7,0,false,6,6,true,true,3,3,6,6,0,2,true,false,false,1,1,7,5,3,14,0)
135:(7,0,false,6,6,true,true,3,3,6,6,0,4,true,false,false,1,1,7,5,3,10,0)
136:(7,0,false,6,6,true,true,3,3,6,6,0,4,true,false,false,1,1,7,5,3,11,0)
137:(7,0,false,6,6,true,true,3,3,6,6,0,4,true,false,false,1,1,7,5,3,14,0)
138:(7,0,false,6,6,true,true,3,3,6,6,0,6,false,false,false,1,1,7,5,3,10,0)
139:(7,0,false,6,6,true,true,3,3,6,6,0,6,false,false,false,1,1,7,5,3,14,0)
140:(7,0,false,6,6,true,true,3,3,6,6,0,6,true,false,false,1,1,7,5,3,10,0)
141:(7,0,false,6,6,true,true,3,3,6,6,0,6,true,false,false,1,1,7,5,3,14,0)
142:(7,0,false,6,6,true,true,3,3,6,6,2,0,true,false,false,1,1,7,5,3,11,0)
143:(7,0,false,6,6,true,true,3,3,6,6,2,0,true,false,false,1,1,7,5,3,14,0)
144:(7,0,false,6,6,true,true,3,3,6,6,2,2,true,false,false,1,1,7,5,3,10,0)
145:(7,0,false,6,6,true,true,3,3,6,6,2,2,true,false,false,1,1,7,5,3,11,0)
146:(7,0,false,6,6,true,true,3,3,6,6,2,2,true,false,false,1,1,7,5,3,14,0)
147:(7,0,false,6,6,true,true,3,3,6,6,2,4,true,false,false,1,1,7,5,3,10,0)
148:(7,0,false,6,6,true,true,3,3,6,6,2,4,true,false,false,1,1,7,5,3,11,0)
149:(7,0,false,6,6,true,true,3,3,6,6,2,4,true,false,false,1,1,7,5,3,14,0)
150:(7,0,false,6,6,true,true,3,3,6,6,2,6,false,false,false,1,1,7,5,3,10,0)
151:(7,0,false,6,6,true,true,3,3,6,6,2,6,false,false,false,1,1,7,5,3,14,0)
152:(7,0,false,6,6,true,true,3,3,6,6,2,6,true,false,false,1,1,7,5,3,10,0)
153:(7,0,false,6,6,true,true,3,3,6,6,2,6,true,false,false,1,1,7,5,3,14,0)
154:(7,0,false,6,7,true,true,3,4,6,8,0,0,true,false,false,1,1,7,5,3,11,0)
155:(7,0,false,6,7,true,true,3,4,6,8,0,0,true,false,false,1,1,7,5,3,14,0)
156:(7,0,false,6,7,true,true,3,4,6,8,0,0,true,false,false,2,2,7,6,4,2,0)
157:(7,0,false,6,7,true,true,3,4,6,8,0,2,true,false,false,1,1,7,5,3,10,0)
158:(7,0,false,6,7,true,true,3,4,6,8,0,2,true,false,false,1,1,7,5,3,11,0)
159:(7,0,false,6,7,true,true,3,4,6,8,0,2,true,false,false,1,1,7,5,3,14,0)
160:(7,0,false,6,7,true,true,3,4,6,8,0,2,true,false,false,2,2,7,6,4,2,0)
161:(7,0,false,6,7,true,true,3,4,6,8,0,4,true,false,false,1,1,7,5,3,10,0)
162:(7,0,false,6,7,true,true,3,4,6,8,0,4,true,false,false,1,1,7,5,3,11,0)
163:(7,0,false,6,7,true,true,3,4,6,8,0,4,true,false,false,1,1,7,5,3,14,0)
164:(7,0,false,6,7,true,true,3,4,6,8,0,4,true,false,false,2,2,7,6,4,2,0)
165:(7,0,false,6,7,true,true,3,4,6,8,0,6,false,false,false,1,1,7,5,3,10,0)
166:(7,0,false,6,7,true,true,3,4,6,8,0,6,false,false,false,1,1,7,5,3,14,0)
167:(7,0,false,6,7,true,true,3,4,6,8,0,6,false,false,false,2,2,7,6,4,2,0)
168:(7,0,false,6,7,true,true,3,4,6,8,0,6,true,false,false,1,1,7,5,3,10,0)
169:(7,0,false,6,7,true,true,3,4,6,8,0,6,true,false,false,1,1,7,5,3,14,0)
170:(7,0,false,6,7,true,true,3,4,6,8,0,6,true,false,false,2,2,7,6,4,2,0)
171:(7,0,false,6,7,true,true,3,4,6,8,2,0,true,false,false,1,1,7,5,3,11,0)
172:(7,0,false,6,7,true,true,3,4,6,8,2,0,true,false,false,1,1,7,5,3,14,0)
173:(7,0,false,6,7,true,true,3,4,6,8,2,0,true,false,false,2,2,7,6,4,2,0)
174:(7,0,false,6,7,true,true,3,4,6,8,2,2,true,false,false,1,1,7,5,3,10,0)
175:(7,0,false,6,7,true,true,3,4,6,8,2,2,true,false,false,1,1,7,5,3,11,0)
176:(7,0,false,6,7,true,true,3,4,6,8,2,2,true,false,false,1,1,7,5,3,14,0)
177:(7,0,false,6,7,true,true,3,4,6,8,2,2,true,false,false,2,2,7,6,4,2,0)
178:(7,0,false,6,7,true,true,3,4,6,8,2,4,true,false,false,1,1,7,5,3,10,0)
179:(7,0,false,6,7,true,true,3,4,6,8,2,4,true,false,false,1,1,7,5,3,11,0)
180:(7,0,false,6,7,true,true,3,4,6,8,2,4,true,false,false,1,1,7,5,3,14,0)
181:(7,0,false,6,7,true,true,3,4,6,8,2,4,true,false,false,2,2,7,6,4,2,0)
182:(7,0,false,6,7,true,true,3,4,6,8,2,6,false,false,false,1,1,7,5,3,10,0)
183:(7,0,false,6,7,true,true,3,4,6,8,2,6,false,false,false,1,1,7,5,3,14,0)
184:(7,0,false,6,7,true,true,3,4,6,8,2,6,false,false,false,2,2,7,6,4,2,0)
185:(7,0,false,6,7,true,true,3,4,6,8,2,6,true,false,false,1,1,7,5,3,10,0)
186:(7,0,false,6,7,true,true,3,4,6,8,2,6,true,false,false,1,1,7,5,3,14,0)
187:(7,0,false,6,7,true,true,3,4,6,8,2,6,true,false,false,2,2,7,6,4,2,0)
188:(7,0,false,7,6,true,true,4,3,8,6,2,0,true,false,false,1,1,7,6,4,11,0)
189:(7,0,false,7,6,true,true,4,3,8,6,2,0,true,false,false,1,1,7,6,4,14,0)
190:(7,0,false,7,6,true,true,4,3,8,6,2,2,true,false,false,1,1,7,6,4,10,0)
191:(7,0,false,7,6,true,true,4,3,8,6,2,2,true,false,false,1,1,7,6,4,11,0)
192:(7,0,false,7,6,true,true,4,3,8,6,2,2,true,false,false,1,1,7,6,4,14,0)
193:(7,0,false,7,6,true,true,4,3,8,6,2,4,true,false,false,1,1,7,6,4,10,0)
194:(7,0,false,7,6,true,true,4,3,8,6,2,4,true,false,false,1,1,7,6,4,11,0)
195:(7,0,false,7,6,true,true,4,3,8,6,2,4,true,false,false,1,1,7,6,4,14,0)
196:(7,0,false,7,6,true,true,4,3,8,6,2,6,true,false,false,1,1,7,6,4,10,0)
197:(7,0,false,7,6,true,true,4,3,8,6,2,6,true,false,false,1,1,7,6,4,11,0)
198:(7,0,false,7,6,true,true,4,3,8,6,2,6,true,false,false,1,1,7,6,4,14,0)
199:(7,0,false,7,6,true,true,4,3,8,6,2,8,false,false,false,1,1,7,6,4,10,0)
200:(7,0,false,7,6,true,true,4,3,8,6,2,8,false,false,false,1,1,7,6,4,14,0)
201:(7,0,false,7,6,true,true,4,3,8,6,2,8,true,false,false,1,1,7,6,4,10,0)
202:(7,0,false,7,6,true,true,4,3,8,6,2,8,true,false,false,1,1,7,6,4,14,0)
203:(7,0,false,7,7,true,true,4,4,8,8,0,0,true,false,false,1,1,7,6,4,11,0)
204:(7,0,false,7,7,true,true,4,4,8,8,0,0,true,false,false,1,1,7,6,4,14,0)
205:(7,0,false,7,7,true,true,4,4,8,8,0,2,true,false,false,1,1,7,6,4,10,0)
206:(7,0,false,7,7,true,true,4,4,8,8,0,2,true,false,false,1,1,7,6,4,11,0)
207:(7,0,false,7,7,true,true,4,4,8,8,0,2,true,false,false,1,1,7,6,4,14,0)
208:(7,0,false,7,7,true,true,4,4,8,8,0,4,true,false,false,1,1,7,6,4,10,0)
209:(7,0,false,7,7,true,true,4,4,8,8,0,4,true,false,false,1,1,7,6,4,11,0)
210:(7,0,false,7,7,true,true,4,4,8,8,0,4,true,false,false,1,1,7,6,4,14,0)
211:(7,0,false,7,7,true,true,4,4,8,8,0,6,true,false,false,1,1,7,6,4,10,0)
212:(7,0,false,7,7,true,true,4,4,8,8,0,6,true,false,false,1,1,7,6,4,11,0)
213:(7,0,false,7,7,true,true,4,4,8,8,0,6,true,false,false,1,1,7,6,4,14,0)
214:(7,0,false,7,7,true,true,4,4,8,8,0,8,false,false,false,1,1,7,6,4,10,0)
215:(7,0,false,7,7,true,true,4,4,8,8,0,8,false,false,false,1,1,7,6,4,14,0)
216:(7,0,false,7,7,true,true,4,4,8,8,0,8,true,false,false,1,1,7,6,4,10,0)
217:(7,0,false,7,7,true,true,4,4,8,8,0,8,true,false,false,1,1,7,6,4,14,0)
218:(7,0,false,7,7,true,true,4,4,8,8,2,0,true,false,false,1,1,7,6,4,11,0)
219:(7,0,false,7,7,true,true,4,4,8,8,2,0,true,false,false,1,1,7,6,4,14,0)
220:(7,0,false,7,7,true,true,4,4,8,8,2,0,true,false,false,2,2,7,6,4,2,0)
221:(7,0,false,7,7,true,true,4,4,8,8,2,2,true,false,false,1,1,7,6,4,10,0)
222:(7,0,false,7,7,true,true,4,4,8,8,2,2,true,false,false,1,1,7,6,4,11,0)
223:(7,0,false,7,7,true,true,4,4,8,8,2,2,true,false,false,1,1,7,6,4,14,0)
224:(7,0,false,7,7,true,true,4,4,8,8,2,2,true,false,false,2,2,7,6,4,2,0)
225:(7,0,false,7,7,true,true,4,4,8,8,2,4,true,false,false,1,1,7,6,4,10,0)
226:(7,0,false,7,7,true,true,4,4,8,8,2,4,true,false,false,1,1,7,6,4,11,0)
227:(7,0,false,7,7,true,true,4,4,8,8,2,4,true,false,false,1,1,7,6,4,14,0)
228:(7,0,false,7,7,true,true,4,4,8,8,2,4,true,false,false,2,2,7,6,4,2,0)
229:(7,0,false,7,7,true,true,4,4,8,8,2,6,true,false,false,1,1,7,6,4,10,0)
230:(7,0,false,7,7,true,true,4,4,8,8,2,6,true,false,false,1,1,7,6,4,11,0)
231:(7,0,false,7,7,true,true,4,4,8,8,2,6,true,false,false,1,1,7,6,4,14,0)
232:(7,0,false,7,7,true,true,4,4,8,8,2,6,true,false,false,2,2,7,6,4,2,0)
233:(7,0,false,7,7,true,true,4,4,8,8,2,8,false,false,false,1,1,7,6,4,10,0)
234:(7,0,false,7,7,true,true,4,4,8,8,2,8,false,false,false,1,1,7,6,4,14,0)
235:(7,0,false,7,7,true,true,4,4,8,8,2,8,false,false,false,2,2,7,6,4,2,0)
236:(7,0,false,7,7,true,true,4,4,8,8,2,8,true,false,false,1,1,7,6,4,10,0)
237:(7,0,false,7,7,true,true,4,4,8,8,2,8,true,false,false,1,1,7,6,4,14,0)
238:(7,0,false,7,7,true,true,4,4,8,8,2,8,true,false,false,2,2,7,6,4,2,0)
239:(7,0,true,3,3,true,true,0,0,0,0,0,0,false,false,false,2,2,7,3,1,6,0)
240:(7,0,true,3,3,true,true,0,0,0,0,0,0,true,false,false,2,2,7,3,1,6,0)
241:(7,0,true,5,4,true,true,2,1,4,2,2,0,true,false,false,2,2,7,4,2,6,0)
242:(7,0,true,5,4,true,true,2,1,4,2,2,2,true,false,false,2,2,7,4,2,6,0)
243:(7,0,true,5,4,true,true,2,1,4,2,2,4,false,false,false,2,2,7,4,2,6,0)
244:(7,0,true,5,4,true,true,2,1,4,2,2,4,true,false,false,2,2,7,4,2,6,0)
245:(7,0,true,5,5,true,true,2,2,4,4,0,0,true,false,false,2,2,7,5,3,6,0)
246:(7,0,true,5,5,true,true,2,2,4,4,0,2,true,false,false,2,2,7,5,3,6,0)
247:(7,0,true,5,5,true,true,2,2,4,4,0,4,false,false,false,2,2,7,5,3,6,0)
248:(7,0,true,5,5,true,true,2,2,4,4,0,4,true,false,false,2,2,7,5,3,6,0)
249:(7,0,true,5,5,true,true,2,2,4,4,2,0,true,false,false,2,2,7,5,3,6,0)
250:(7,0,true,5,5,true,true,2,2,4,4,2,2,true,false,false,2,2,7,5,3,6,0)
251:(7,0,true,5,5,true,true,2,2,4,4,2,4,false,false,false,2,2,7,5,3,6,0)
252:(7,0,true,5,5,true,true,2,2,4,4,2,4,true,false,false,2,2,7,5,3,6,0)
253:(7,0,true,7,6,true,true,4,3,8,6,2,0,true,false,false,2,2,7,6,4,6,0)
254:(7,0,true,7,6,true,true,4,3,8,6,2,2,true,false,false,2,2,7,6,4,6,0)
255:(7,0,true,7,6,true,true,4,3,8,6,2,4,true,false,false,2,2,7,6,4,6,0)
256:(7,0,true,7,6,true,true,4,3,8,6,2,6,true,false,false,2,2,7,6,4,6,0)
257:(7,0,true,7,6,true,true,4,3,8,6,2,8,false,false,false,2,2,7,6,4,6,0)
258:(7,0,true,7,6,true,true,4,3,8,6,2,8,true,false,false,2,2,7,6,4,6,0)
259:(8,0,false,7,7,true,true,4,4,8,8,0,0,true,false,false,0,0,0,0,0,2,0)
260:(8,0,false,7,7,true,true,4,4,8,8,0,2,true,false,false,0,0,0,0,0,2,0)
261:(8,0,false,7,7,true,true,4,4,8,8,0,4,true,false,false,0,0,0,0,0,2,0)
262:(8,0,false,7,7,true,true,4,4,8,8,0,6,true,false,false,0,0,0,0,0,2,0)
263:(8,0,false,7,7,true,true,4,4,8,8,0,8,false,false,false,0,0,0,0,0,2,0)
264:(8,0,false,7,7,true,true,4,4,8,8,0,8,true,false,false,0,0,0,0,0,2,0)
265:(8,0,false,7,7,true,true,4,4,8,8,2,0,true,false,false,0,0,0,0,0,2,0)
266:(8,0,false,7,7,true,true,4,4,8,8,2,2,true,false,false,0,0,0,0,0,2,0)
267:(8,0,false,7,7,true,true,4,4,8,8,2,4,true,false,false,0,0,0,0,0,2,0)
268:(8,0,false,7,7,true,true,4,4,8,8,2,6,true,false,false,0,0,0,0,0,2,0)
269:(8,0,false,7,7,true,true,4,4,8,8,2,8,false,false,false,0,0,0,0,0,2,0)
270:(8,0,false,7,7,true,true,4,4,8,8,2,8,true,false,false,0,0,0,0,0,2,0)
271:(8,0,false,7,8,true,true,4,4,8,8,0,0,true,false,true,2,2,8,7,0,2,0)
272:(8,0,false,7,8,true,true,4,4,8,8,0,2,true,false,true,2,2,8,7,0,2,0)
273:(8,0,false,7,8,true,true,4,4,8,8,0,4,true,false,true,2,2,8,7,0,2,0)
274:(8,0,false,7,8,true,true,4,4,8,8,0,6,true,false,true,2,2,8,7,0,2,0)
275:(8,0,false,7,8,true,true,4,4,8,8,0,8,false,false,true,2,2,8,7,0,2,0)
276:(8,0,false,7,8,true,true,4,4,8,8,0,8,true,false,true,2,2,8,7,0,2,0)
277:(8,0,false,7,8,true,true,4,4,8,8,2,0,true,false,true,2,2,8,7,0,2,0)
278:(8,0,false,7,8,true,true,4,4,8,8,2,2,true,false,true,2,2,8,7,0,2,0)
279:(8,0,false,7,8,true,true,4,4,8,8,2,4,true,false,true,2,2,8,7,0,2,0)
280:(8,0,false,7,8,true,true,4,4,8,8,2,6,true,false,true,2,2,8,7,0,2,0)
281:(8,0,false,7,8,true,true,4,4,8,8,2,8,false,false,true,2,2,8,7,0,2,0)
282:(8,0,false,7,8,true,true,4,4,8,8,2,8,true,false,true,2,2,8,7,0,2,0)
283:(8,0,false,8,7,true,true,4,4,8,8,0,0,true,true,false,1,1,8,7,0,1,0)
284:(8,0,false,8,7,true,true,4,4,8,8,0,2,true,true,false,1,1,8,7,0,1,0)
285:(8,0,false,8,7,true,true,4,4,8,8,0,4,true,true,false,1,1,8,7,0,1,0)
286:(8,0,false,8,7,true,true,4,4,8,8,0,6,true,true,false,1,1,8,7,0,1,0)
287:(8,0,false,8,7,true,true,4,4,8,8,0,8,false,true,false,1,1,8,7,0,1,0)
288:(8,0,false,8,7,true,true,4,4,8,8,0,8,true,true,false,1,1,8,7,0,1,0)
289:(8,0,false,8,7,true,true,4,4,8,8,2,0,true,true,false,1,1,8,7,0,1,0)
290:(8,0,false,8,7,true,true,4,4,8,8,2,2,true,true,false,1,1,8,7,0,1,0)
291:(8,0,false,8,7,true,true,4,4,8,8,2,4,true,true,false,1,1,8,7,0,1,0)
292:(8,0,false,8,7,true,true,4,4,8,8,2,6,true,true,false,1,1,8,7,0,1,0)
293:(8,0,false,8,7,true,true,4,4,8,8,2,8,false,true,false,1,1,8,7,0,1,0)
294:(8,0,false,8,7,true,true,4,4,8,8,2,8,true,true,false,1,1,8,7,0,1,0)
295:(8,0,false,8,8,true,true,4,4,8,8,0,0,true,true,true,1,1,8,7,0,1,0)
296:(8,0,false,8,8,true,true,4,4,8,8,0,0,true,true,true,2,2,8,7,0,2,0)
297:(8,0,false,8,8,true,true,4,4,8,8,0,2,true,true,true,1,1,8,7,0,1,0)
298:(8,0,false,8,8,true,true,4,4,8,8,0,2,true,true,true,2,2,8,7,0,2,0)
299:(8,0,false,8,8,true,true,4,4,8,8,0,4,true,true,true,1,1,8,7,0,1,0)
300:(8,0,false,8,8,true,true,4,4,8,8,0,4,true,true,true,2,2,8,7,0,2,0)
301:(8,0,false,8,8,true,true,4,4,8,8,0,6,true,true,true,1,1,8,7,0,1,0)
302:(8,0,false,8,8,true,true,4,4,8,8,0,6,true,true,true,2,2,8,7,0,2,0)
303:(8,0,false,8,8,true,true,4,4,8,8,0,8,false,true,true,1,1,8,7,0,1,0)
304:(8,0,false,8,8,true,true,4,4,8,8,0,8,false,true,true,2,2,8,7,0,2,0)
305:(8,0,false,8,8,true,true,4,4,8,8,0,8,true,true,true,1,1,8,7,0,1,0)
306:(8,0,false,8,8,true,true,4,4,8,8,0,8,true,true,true,2,2,8,7,0,2,0)
307:(8,0,false,8,8,true,true,4,4,8,8,2,0,true,true,true,1,1,8,7,0,1,0)
308:(8,0,false,8,8,true,true,4,4,8,8,2,0,true,true,true,2,2,8,7,0,2,0)
309:(8,0,false,8,8,true,true,4,4,8,8,2,2,true,true,true,1,1,8,7,0,1,0)
310:(8,0,false,8,8,true,true,4,4,8,8,2,2,true,true,true,2,2,8,7,0,2,0)
311:(8,0,false,8,8,true,true,4,4,8,8,2,4,true,true,true,1,1,8,7,0,1,0)
312:(8,0,false,8,8,true,true,4,4,8,8,2,4,true,true,true,2,2,8,7,0,2,0)
313:(8,0,false,8,8,true,true,4,4,8,8,2,6,true,true,true,1,1,8,7,0,1,0)
314:(8,0,false,8,8,true,true,4,4,8,8,2,6,true,true,true,2,2,8,7,0,2,0)
315:(8,0,false,8,8,true,true,4,4,8,8,2,8,false,true,true,1,1,8,7,0,1,0)
316:(8,0,false,8,8,true,true,4,4,8,8,2,8,false,true,true,2,2,8,7,0,2,0)
317:(8,0,false,8,8,true,true,4,4,8,8,2,8,true,true,true,1,1,8,7,0,1,0)
318:(8,0,false,8,8,true,true,4,4,8,8,2,8,true,true,true,2,2,8,7,0,2,0)
319:(8,0,true,8,7,true,true,4,4,8,8,0,0,true,true,false,2,2,8,7,0,6,0)
320:(8,0,true,8,7,true,true,4,4,8,8,0,2,true,true,false,2,2,8,7,0,6,0)
321:(8,0,true,8,7,true,true,4,4,8,8,0,4,true,true,false,2,2,8,7,0,6,0)
322:(8,0,true,8,7,true,true,4,4,8,8,0,6,true,true,false,2,2,8,7,0,6,0)
323:(8,0,true,8,7,true,true,4,4,8,8,0,8,false,true,false,2,2,8,7,0,6,0)
324:(8,0,true,8,7,true,true,4,4,8,8,0,8,true,true,false,2,2,8,7,0,6,0)
325:(8,0,true,8,7,true,true,4,4,8,8,2,0,true,true,false,2,2,8,7,0,6,0)
326:(8,0,true,8,7,true,true,4,4,8,8,2,2,true,true,false,2,2,8,7,0,6,0)
327:(8,0,true,8,7,true,true,4,4,8,8,2,4,true,true,false,2,2,8,7,0,6,0)
328:(8,0,true,8,7,true,true,4,4,8,8,2,6,true,true,false,2,2,8,7,0,6,0)
329:(8,0,true,8,7,true,true,4,4,8,8,2,8,false,true,false,2,2,8,7,0,6,0)
330:(8,0,true,8,7,true,true,4,4,8,8,2,8,true,true,false,2,2,8,7,0,6,0)
331:(9,1,false,8,8,true,true,4,4,8,8,0,0,true,true,true,0,0,0,0,0,12,0)
332:(9,1,false,8,8,true,true,4,4,8,8,0,2,true,true,true,0,0,0,0,0,12,0)
333:(9,1,false,8,8,true,true,4,4,8,8,0,4,true,true,true,0,0,0,0,0,12,0)
334:(9,1,false,8,8,true,true,4,4,8,8,0,6,true,true,true,0,0,0,0,0,12,0)
335:(9,1,false,8,8,true,true,4,4,8,8,0,8,false,true,true,0,0,0,0,0,12,0)
336:(9,1,false,8,8,true,true,4,4,8,8,0,8,true,true,true,0,0,0,0,0,12,0)
337:(9,1,false,8,8,true,true,4,4,8,8,2,0,true,true,true,0,0,0,0,0,12,0)
338:(9,1,false,8,8,true,true,4,4,8,8,2,2,true,true,true,0,0,0,0,0,12,0)
339:(9,1,false,8,8,true,true,4,4,8,8,2,4,true,true,true,0,0,0,0,0,12,0)
340:(9,1,false,8,8,true,true,4,4,8,8,2,6,true,true,true,0,0,0,0,0,12,0)
341:(9,1,false,8,8,true,true,4,4,8,8,2,8,false,true,true,0,0,0,0,0,12,0)
342:(9,1,false,8,8,true,true,4,4,8,8,2,8,true,true,true,0,0,0,0,0,12,0)
343:(9,2,false,0,0,false,false,0,0,0,0,0,0,false,false,false,2,1,2,0,0,15,4)
344:(9,2,false,0,0,false,false,0,0,0,0,0,0,false,false,false,2,2,2,0,0,3,1)
345:(9,2,false,0,0,false,false,0,0,0,0,0,0,false,false,false,2,2,2,0,0,4,3)
346:(9,2,false,0,0,false,false,0,0,0,0,0,0,false,false,false,2,2,2,1,0,5,2)
347:(9,2,false,1,1,false,false,0,0,0,0,0,0,false,false,false,2,1,4,1,0,15,4)
348:(9,2,false,1,1,false,false,0,0,0,0,0,0,false,false,false,2,2,4,0,0,4,3)
349:(9,2,false,1,1,false,false,0,0,0,0,0,0,false,false,false,2,2,4,1,0,3,1)
350:(9,2,false,1,1,false,false,0,0,0,0,0,0,false,false,false,2,2,4,2,0,5,2)
351:(9,2,false,2,2,false,false,0,0,0,0,0,0,false,false,false,2,2,6,2,0,3,5)
352:(9,2,false,2,2,false,false,0,0,0,0,0,0,false,false,false,2,2,6,3,0,5,2)
353:(9,2,false,3,2,true,false,0,0,0,0,0,0,false,false,false,2,2,6,2,0,3,5)
354:(9,2,false,3,2,true,false,0,0,0,0,0,0,false,false,false,2,2,6,3,0,5,2)
355:(9,2,false,3,2,true,false,0,0,0,0,0,0,true,false,false,2,2,6,2,0,3,5)
356:(9,2,false,3,2,true,false,0,0,0,0,0,0,true,false,false,2,2,6,3,0,5,2)
357:(9,2,false,3,3,true,true,0,0,0,0,0,0,false,false,false,2,1,7,3,1,15,4)
358:(9,2,false,3,3,true,true,0,0,0,0,0,0,false,false,false,2,2,7,3,1,3,5)
359:(9,2,false,3,3,true,true,0,0,0,0,0,0,false,false,false,2,2,7,4,2,5,2)
360:(9,2,false,3,3,true,true,0,0,0,0,0,0,true,false,false,2,1,7,3,1,15,4)
361:(9,2,false,3,3,true,true,0,0,0,0,0,0,true,false,false,2,2,7,3,1,3,5)
362:(9,2,false,3,3,true,true,0,0,0,0,0,0,true,false,false,2,2,7,4,2,5,2)
363:(9,2,false,3,4,true,true,0,1,0,2,0,0,false,false,false,2,1,7,4,2,15,4)
364:(9,2,false,3,4,true,true,0,1,0,2,0,0,false,false,false,2,2,7,3,1,4,3)
365:(9,2,false,3,4,true,true,0,1,0,2,0,0,false,false,false,2,2,7,4,2,3,5)
366:(9,2,false,3,4,true,true,0,1,0,2,0,0,false,false,false,2,2,7,5,3,5,2)
367:(9,2,false,3,4,true,true,0,1,0,2,0,0,true,false,false,2,1,7,4,2,15,4)
368:(9,2,false,3,4,true,true,0,1,0,2,0,0,true,false,false,2,2,7,3,1,4,3)
369:(9,2,false,3,4,true,true,0,1,0,2,0,0,true,false,false,2,2,7,4,2,3,5)
370:(9,2,false,3,4,true,true,0,1,0,2,0,0,true,false,false,2,2,7,5,3,5,2)
371:(9,2,false,3,5,true,true,0,2,0,4,0,0,false,false,false,2,1,7,5,3,15,4)
372:(9,2,false,3,5,true,true,0,2,0,4,0,0,false,false,false,2,2,7,4,2,4,3)
373:(9,2,false,3,5,true,true,0,2,0,4,0,0,false,false,false,2,2,7,5,3,3,5)
374:(9,2,false,3,5,true,true,0,2,0,4,0,0,false,false,false,2,2,7,6,4,5,2)
375:(9,2,false,3,5,true,true,0,2,0,4,0,0,true,false,false,2,1,7,5,3,15,4)
376:(9,2,false,3,5,true,true,0,2,0,4,0,0,true,false,false,2,2,7,4,2,4,3)
377:(9,2,false,3,5,true,true,0,2,0,4,0,0,true,false,false,2,2,7,5,3,3,5)
378:(9,2,false,3,5,true,true,0,2,0,4,0,0,true,false,false,2,2,7,6,4,5,2)
379:(9,2,false,3,6,true,true,0,3,0,6,0,0,false,false,false,2,1,7,6,4,15,4)
380:(9,2,false,3,6,true,true,0,3,0,6,0,0,false,false,false,2,2,7,5,3,4,3)
381:(9,2,false,3,6,true,true,0,3,0,6,0,0,false,false,false,2,2,7,6,4,3,5)
382:(9,2,false,3,6,true,true,0,3,0,6,0,0,false,false,false,2,2,7,7,5,5,2)
383:(9,2,false,3,6,true,true,0,3,0,6,0,0,true,false,false,2,1,7,6,4,15,4)
384:(9,2,false,3,6,true,true,0,3,0,6,0,0,true,false,false,2,2,7,5,3,4,3)
385:(9,2,false,3,6,true,true,0,3,0,6,0,0,true,false,false,2,2,7,6,4,3,5)
386:(9,2,false,3,6,true,true,0,3,0,6,0,0,true,false,false,2,2,7,7,5,5,2)
387:(9,2,false,3,7,true,true,0,4,0,8,0,0,false,false,false,2,2,7,6,4,4,3)
388:(9,2,false,3,7,true,true,0,4,0,8,0,0,true,false,false,2,2,7,6,4,4,3)
389:(9,2,false,4,4,true,true,1,1,2,2,0,0,true,false,false,2,1,7,4,2,15,4)
390:(9,2,false,4,4,true,true,1,1,2,2,0,0,true,false,false,2,2,7,3,1,4,3)
391:(9,2,false,4,4,true,true,1,1,2,2,0,0,true,false,false,2,2,7,4,2,3,5)
392:(9,2,false,4,4,true,true,1,1,2,2,0,0,true,false,false,2,2,7,5,3,5,2)
393:(9,2,false,4,4,true,true,1,1,2,2,0,2,false,false,false,2,1,7,4,2,15,4)
394:(9,2,false,4,4,true,true,1,1,2,2,0,2,false,false,false,2,2,7,3,1,4,3)
395:(9,2,false,4,4,true,true,1,1,2,2,0,2,false,false,false,2,2,7,4,2,3,5)
396:(9,2,false,4,4,true,true,1,1,2,2,0,2,false,false,false,2,2,7,5,3,5,2)
397:(9,2,false,4,4,true,true,1,1,2,2,0,2,true,false,false,2,1,7,4,2,15,4)
398:(9,2,false,4,4,true,true,1,1,2,2,0,2,true,false,false,2,2,7,3,1,4,3)
399:(9,2,false,4,4,true,true,1,1,2,2,0,2,true,false,false,2,2,7,4,2,3,5)
400:(9,2,false,4,4,true,true,1,1,2,2,0,2,true,false,false,2,2,7,5,3,5,2)
401:(9,2,false,4,5,true,true,1,2,2,4,0,0,true,false,false,2,1,7,5,3,15,4)
402:(9,2,false,4,5,true,true,1,2,2,4,0,0,true,false,false,2,2,7,4,2,4,3)
403:(9,2,false,4,5,true,true,1,2,2,4,0,0,true,false,false,2,2,7,5,3,3,5)
404:(9,2,false,4,5,true,true,1,2,2,4,0,0,true,false,false,2,2,7,6,4,5,2)
405:(9,2,false,4,5,true,true,1,2,2,4,0,2,false,false,false,2,1,7,5,3,15,4)
406:(9,2,false,4,5,true,true,1,2,2,4,0,2,false,false,false,2,2,7,4,2,4,3)
407:(9,2,false,4,5,true,true,1,2,2,4,0,2,false,false,false,2,2,7,5,3,3,5)
408:(9,2,false,4,5,true,true,1,2,2,4,0,2,false,false,false,2,2,7,6,4,5,2)
409:(9,2,false,4,5,true,true,1,2,2,4,0,2,true,false,false,2,1,7,5,3,15,4)
410:(9,2,false,4,5,true,true,1,2,2,4,0,2,true,false,false,2,2,7,4,2,4,3)
411:(9,2,false,4,5,true,true,1,2,2,4,0,2,true,false,false,2,2,7,5,3,3,5)
412:(9,2,false,4,5,true,true,1,2,2,4,0,2,true,false,false,2,2,7,6,4,5,2)
413:(9,2,false,4,6,true,true,1,3,2,6,0,0,true,false,false,2,1,7,6,4,15,4)
414:(9,2,false,4,6,true,true,1,3,2,6,0,0,true,false,false,2,2,7,5,3,4,3)
415:(9,2,false,4,6,true,true,1,3,2,6,0,0,true,false,false,2,2,7,6,4,3,5)
416:(9,2,false,4,6,true,true,1,3,2,6,0,0,true,false,false,2,2,7,7,5,5,2)
417:(9,2,false,4,6,true,true,1,3,2,6,0,2,false,false,false,2,1,7,6,4,15,4)
418:(9,2,false,4,6,true,true,1,3,2,6,0,2,false,false,false,2,2,7,5,3,4,3)
419:(9,2,false,4,6,true,true,1,3,2,6,0,2,false,false,false,2,2,7,6,4,3,5)
420:(9,2,false,4,6,true,true,1,3,2,6,0,2,false,false,false,2,2,7,7,5,5,2)
421:(9,2,false,4,6,true,true,1,3,2,6,0,2,true,false,false,2,1,7,6,4,15,4)
422:(9,2,false,4,6,true,true,1,3,2,6,0,2,true,false,false,2,2,7,5,3,4,3)
423:(9,2,false,4,6,true,true,1,3,2,6,0,2,true,false,false,2,2,7,6,4,3,5)
424:(9,2,false,4,6,true,true,1,3,2,6,0,2,true,false,false,2,2,7,7,5,5,2)
425:(9,2,false,4,7,true,true,1,4,2,8,0,0,true,false,false,2,2,7,6,4,4,3)
426:(9,2,false,4,7,true,true,1,4,2,8,0,2,false,false,false,2,2,7,6,4,4,3)
427:(9,2,false,4,7,true,true,1,4,2,8,0,2,true,false,false,2,2,7,6,4,4,3)
428:(9,2,false,5,4,true,true,2,1,4,2,2,0,true,false,false,2,1,7,4,2,15,4)
429:(9,2,false,5,4,true,true,2,1,4,2,2,0,true,false,false,2,2,7,3,1,4,3)
430:(9,2,false,5,4,true,true,2,1,4,2,2,0,true,false,false,2,2,7,4,2,3,5)
431:(9,2,false,5,4,true,true,2,1,4,2,2,0,true,false,false,2,2,7,5,3,5,2)
432:(9,2,false,5,4,true,true,2,1,4,2,2,2,true,false,false,2,1,7,4,2,15,4)
433:(9,2,false,5,4,true,true,2,1,4,2,2,2,true,false,false,2,2,7,3,1,4,3)
434:(9,2,false,5,4,true,true,2,1,4,2,2,2,true,false,false,2,2,7,4,2,3,5)
435:(9,2,false,5,4,true,true,2,1,4,2,2,2,true,false,false,2,2,7,5,3,5,2)
436:(9,2,false,5,4,true,true,2,1,4,2,2,4,false,false,false,2,1,7,4,2,15,4)
437:(9,2,false,5,4,true,true,2,1,4,2,2,4,false,false,false,2,2,7,3,1,4,3)
438:(9,2,false,5,4,true,true,2,1,4,2,2,4,false,false,false,2,2,7,4,2,3,5)
439:(9,2,false,5,4,true,true,2,1,4,2,2,4,false,false,false,2,2,7,5,3,5,2)
440:(9,2,false,5,4,true,true,2,1,4,2,2,4,true,false,false,2,1,7,4,2,15,4)
441:(9,2,false,5,4,true,true,2,1,4,2,2,4,true,false,false,2,2,7,3,1,4,3)
442:(9,2,false,5,4,true,true,2,1,4,2,2,4,true,false,false,2,2,7,4,2,3,5)
443:(9,2,false,5,4,true,true,2,1,4,2,2,4,true,false,false,2,2,7,5,3,5,2)
444:(9,2,false,5,5,true,true,2,2,4,4,0,0,true,false,false,2,1,7,5,3,15,4)
445:(9,2,false,5,5,true,true,2,2,4,4,0,0,true,false,false,2,2,7,4,2,4,3)
446:(9,2,false,5,5,true,true,2,2,4,4,0,0,true,false,false,2,2,7,5,3,3,5)
447:(9,2,false,5,5,true,true,2,2,4,4,0,0,true,false,false,2,2,7,6,4,5,2)
448:(9,2,false,5,5,true,true,2,2,4,4,0,2,true,false,false,2,1,7,5,3,15,4)
449:(9,2,false,5,5,true,true,2,2,4,4,0,2,true,false,false,2,2,7,4,2,4,3)
450:(9,2,false,5,5,true,true,2,2,4,4,0,2,true,false,false,2,2,7,5,3,3,5)
451:(9,2,false,5,5,true,true,2,2,4,4,0,2,true,false,false,2,2,7,6,4,5,2)
452:(9,2,false,5,5,true,true,2,2,4,4,0,4,false,false,false,2,1,7,5,3,15,4)
453:(9,2,false,5,5,true,true,2,2,4,4,0,4,false,false,false,2,2,7,4,2,4,3)
454:(9,2,false,5,5,true,true,2,2,4,4,0,4,false,false,false,2,2,7,5,3,3,5)
455:(9,2,false,5,5,true,true,2,2,4,4,0,4,false,false,false,2,2,7,6,4,5,2)
456:(9,2,false,5,5,true,true,2,2,4,4,0,4,true,false,false,2,1,7,5,3,15,4)
457:(9,2,false,5,5,true,true,2,2,4,4,0,4,true,false,false,2,2,7,4,2,4,3)
458:(9,2,false,5,5,true,true,2,2,4,4,0,4,true,false,false,2,2,7,5,3,3,5)
459:(9,2,false,5,5,true,true,2,2,4,4,0,4,true,false,false,2,2,7,6,4,5,2)
460:(9,2,false,5,5,true,true,2,2,4,4,2,0,true,false,false,2,1,7,5,3,15,4)
461:(9,2,false,5,5,true,true,2,2,4,4,2,0,true,false,false,2,2,7,4,2,4,3)
462:(9,2,false,5,5,true,true,2,2,4,4,2,0,true,false,false,2,2,7,5,3,3,5)
463:(9,2,false,5,5,true,true,2,2,4,4,2,0,true,false,false,2,2,7,6,4,5,2)
464:(9,2,false,5,5,true,true,2,2,4,4,2,2,true,false,false,2,1,7,5,3,15,4)
465:(9,2,false,5,5,true,true,2,2,4,4,2,2,true,false,false,2,2,7,4,2,4,3)
466:(9,2,false,5,5,true,true,2,2,4,4,2,2,true,false,false,2,2,7,5,3,3,5)
467:(9,2,false,5,5,true,true,2,2,4,4,2,2,true,false,false,2,2,7,6,4,5,2)
468:(9,2,false,5,5,true,true,2,2,4,4,2,4,false,false,false,2,1,7,5,3,15,4)
469:(9,2,false,5,5,true,true,2,2,4,4,2,4,false,false,false,2,2,7,4,2,4,3)
470:(9,2,false,5,5,true,true,2,2,4,4,2,4,false,false,false,2,2,7,5,3,3,5)
471:(9,2,false,5,5,true,true,2,2,4,4,2,4,false,false,false,2,2,7,6,4,5,2)
472:(9,2,false,5,5,true,true,2,2,4,4,2,4,true,false,false,2,1,7,5,3,15,4)
473:(9,2,false,5,5,true,true,2,2,4,4,2,4,true,false,false,2,2,7,4,2,4,3)
474:(9,2,false,5,5,true,true,2,2,4,4,2,4,true,false,false,2,2,7,5,3,3,5)
475:(9,2,false,5,5,true,true,2,2,4,4,2,4,true,false,false,2,2,7,6,4,5,2)
476:(9,2,false,5,6,true,true,2,3,4,6,0,0,true,false,false,2,1,7,6,4,15,4)
477:(9,2,false,5,6,true,true,2,3,4,6,0,0,true,false,false,2,2,7,5,3,4,3)
478:(9,2,false,5,6,true,true,2,3,4,6,0,0,true,false,false,2,2,7,6,4,3,5)
479:(9,2,false,5,6,true,true,2,3,4,6,0,0,true,false,false,2,2,7,7,5,5,2)
480:(9,2,false,5,6,true,true,2,3,4,6,0,2,true,false,false,2,1,7,6,4,15,4)
481:(9,2,false,5,6,true,true,2,3,4,6,0,2,true,false,false,2,2,7,5,3,4,3)
482:(9,2,false,5,6,true,true,2,3,4,6,0,2,true,false,false,2,2,7,6,4,3,5)
483:(9,2,false,5,6,true,true,2,3,4,6,0,2,true,false,false,2,2,7,7,5,5,2)
484:(9,2,false,5,6,true,true,2,3,4,6,0,4,false,false,false,2,1,7,6,4,15,4)
485:(9,2,false,5,6,true,true,2,3,4,6,0,4,false,false,false,2,2,7,5,3,4,3)
486:(9,2,false,5,6,true,true,2,3,4,6,0,4,false,false,false,2,2,7,6,4,3,5)
487:(9,2,false,5,6,true,true,2,3,4,6,0,4,false,false,false,2,2,7,7,5,5,2)
488:(9,2,false,5,6,true,true,2,3,4,6,0,4,true,false,false,2,1,7,6,4,15,4)
489:(9,2,false,5,6,true,true,2,3,4,6,0,4,true,false,false,2,2,7,5,3,4,3)
490:(9,2,false,5,6,true,true,2,3,4,6,0,4,true,false,false,2,2,7,6,4,3,5)
491:(9,2,false,5,6,true,true,2,3,4,6,0,4,true,false,false,2,2,7,7,5,5,2)
492:(9,2,false,5,6,true,true,2,3,4,6,2,0,true,false,false,2,1,7,6,4,15,4)
493:(9,2,false,5,6,true,true,2,3,4,6,2,0,true,false,false,2,2,7,5,3,4,3)
494:(9,2,false,5,6,true,true,2,3,4,6,2,0,true,false,false,2,2,7,6,4,3,5)
495:(9,2,false,5,6,true,true,2,3,4,6,2,0,true,false,false,2,2,7,7,5,5,2)
496:(9,2,false,5,6,true,true,2,3,4,6,2,2,true,false,false,2,1,7,6,4,15,4)
497:(9,2,false,5,6,true,true,2,3,4,6,2,2,true,false,false,2,2,7,5,3,4,3)
498:(9,2,false,5,6,true,true,2,3,4,6,2,2,true,false,false,2,2,7,6,4,3,5)
499:(9,2,false,5,6,true,true,2,3,4,6,2,2,true,false,false,2,2,7,7,5,5,2)
500:(9,2,false,5,6,true,true,2,3,4,6,2,4,false,false,false,2,1,7,6,4,15,4)
501:(9,2,false,5,6,true,true,2,3,4,6,2,4,false,false,false,2,2,7,5,3,4,3)
502:(9,2,false,5,6,true,true,2,3,4,6,2,4,false,false,false,2,2,7,6,4,3,5)
503:(9,2,false,5,6,true,true,2,3,4,6,2,4,false,false,false,2,2,7,7,5,5,2)
504:(9,2,false,5,6,true,true,2,3,4,6,2,4,true,false,false,2,1,7,6,4,15,4)
505:(9,2,false,5,6,true,true,2,3,4,6,2,4,true,false,false,2,2,7,5,3,4,3)
506:(9,2,false,5,6,true,true,2,3,4,6,2,4,true,false,false,2,2,7,6,4,3,5)
507:(9,2,false,5,6,true,true,2,3,4,6,2,4,true,false,false,2,2,7,7,5,5,2)
508:(9,2,false,5,7,true,true,2,4,4,8,0,0,true,false,false,2,2,7,6,4,4,3)
509:(9,2,false,5,7,true,true,2,4,4,8,0,2,true,false,false,2,2,7,6,4,4,3)
510:(9,2,false,5,7,true,true,2,4,4,8,0,4,false,false,false,2,2,7,6,4,4,3)
511:(9,2,false,5,7,true,true,2,4,4,8,0,4,true,false,false,2,2,7,6,4,4,3)
512:(9,2,false,5,7,true,true,2,4,4,8,2,0,true,false,false,2,2,7,6,4,4,3)
513:(9,2,false,5,7,true,true,2,4,4,8,2,2,true,false,false,2,2,7,6,4,4,3)
514:(9,2,false,5,7,true,true,2,4,4,8,2,4,false,false,false,2,2,7,6,4,4,3)
515:(9,2,false,5,7,true,true,2,4,4,8,2,4,true,false,false,2,2,7,6,4,4,3)
516:(9,2,false,6,6,true,true,3,3,6,6,0,0,true,false,false,2,1,7,6,4,15,4)
517:(9,2,false,6,6,true,true,3,3,6,6,0,0,true,false,false,2,2,7,5,3,4,3)
518:(9,2,false,6,6,true,true,3,3,6,6,0,0,true,false,false,2,2,7,6,4,3,5)
519:(9,2,false,6,6,true,true,3,3,6,6,0,0,true,false,false,2,2,7,7,5,5,2)
520:(9,2,false,6,6,true,true,3,3,6,6,0,2,true,false,false,2,1,7,6,4,15,4)
521:(9,2,false,6,6,true,true,3,3,6,6,0,2,true,false,false,2,2,7,5,3,4,3)
522:(9,2,false,6,6,true,true,3,3,6,6,0,2,true,false,false,2,2,7,6,4,3,5)
523:(9,2,false,6,6,true,true,3,3,6,6,0,2,true,false,false,2,2,7,7,5,5,2)
524:(9,2,false,6,6,true,true,3,3,6,6,0,4,true,false,false,2,1,7,6,4,15,4)
525:(9,2,false,6,6,true,true,3,3,6,6,0,4,true,false,false,2,2,7,5,3,4,3)
526:(9,2,false,6,6,true,true,3,3,6,6,0,4,true,false,false,2,2,7,6,4,3,5)
527:(9,2,false,6,6,true,true,3,3,6,6,0,4,true,false,false,2,2,7,7,5,5,2)
528:(9,2,false,6,6,true,true,3,3,6,6,0,6,false,false,false,2,1,7,6,4,15,4)
529:(9,2,false,6,6,true,true,3,3,6,6,0,6,false,false,false,2,2,7,5,3,4,3)
530:(9,2,false,6,6,true,true,3,3,6,6,0,6,false,false,false,2,2,7,6,4,3,5)
531:(9,2,false,6,6,true,true,3,3,6,6,0,6,false,false,false,2,2,7,7,5,5,2)
532:(9,2,false,6,6,true,true,3,3,6,6,0,6,true,false,false,2,1,7,6,4,15,4)
533:(9,2,false,6,6,true,true,3,3,6,6,0,6,true,false,false,2,2,7,5,3,4,3)
534:(9,2,false,6,6,true,true,3,3,6,6,0,6,true,false,false,2,2,7,6,4,3,5)
535:(9,2,false,6,6,true,true,3,3,6,6,0,6,true,false,false,2,2,7,7,5,5,2)
536:(9,2,false,6,6,true,true,3,3,6,6,2,0,true,false,false,2,1,7,6,4,15,4)
537:(9,2,false,6,6,true,true,3,3,6,6,2,0,true,false,false,2,2,7,5,3,4,3)
538:(9,2,false,6,6,true,true,3,3,6,6,2,0,true,false,false,2,2,7,6,4,3,5)
539:(9,2,false,6,6,true,true,3,3,6,6,2,0,true,false,false,2,2,7,7,5,5,2)
540:(9,2,false,6,6,true,true,3,3,6,6,2,2,true,false,false,2,1,7,6,4,15,4)
541:(9,2,false,6,6,true,true,3,3,6,6,2,2,true,false,false,2,2,7,5,3,4,3)
542:(9,2,false,6,6,true,true,3,3,6,6,2,2,true,false,false,2,2,7,6,4,3,5)
543:(9,2,false,6,6,true,true,3,3,6,6,2,2,true,false,false,2,2,7,7,5,5,2)
544:(9,2,false,6,6,true,true,3,3,6,6,2,4,true,false,false,2,1,7,6,4,15,4)
545:(9,2,false,6,6,true,true,3,3,6,6,2,4,true,false,false,2,2,7,5,3,4,3)
546:(9,2,false,6,6,true,true,3,3,6,6,2,4,true,false,false,2,2,7,6,4,3,5)
547:(9,2,false,6,6,true,true,3,3,6,6,2,4,true,false,false,2,2,7,7,5,5,2)
548:(9,2,false,6,6,true,true,3,3,6,6,2,6,false,false,false,2,1,7,6,4,15,4)
549:(9,2,false,6,6,true,true,3,3,6,6,2,6,false,false,false,2,2,7,5,3,4,3)
550:(9,2,false,6,6,true,true,3,3,6,6,2,6,false,false,false,2,2,7,6,4,3,5)
551:(9,2,false,6,6,true,true,3,3,6,6,2,6,false,false,false,2,2,7,7,5,5,2)
552:(9,2,false,6,6,true,true,3,3,6,6,2,6,true,false,false,2,1,7,6,4,15,4)
553:(9,2,false,6,6,true,true,3,3,6,6,2,6,true,false,false,2,2,7,5,3,4,3)
554:(9,2,false,6,6,true,true,3,3,6,6,2,6,true,false,false,2,2,7,6,4,3,5)
555:(9,2,false,6,6,true,true,3,3,6,6,2,6,true,false,false,2,2,7,7,5,5,2)
556:(9,2,false,6,7,true,true,3,4,6,8,0,0,true,false,false,2,2,7,6,4,4,3)
557:(9,2,false,6,7,true,true,3,4,6,8,0,2,true,false,false,2,2,7,6,4,4,3)
558:(9,2,false,6,7,true,true,3,4,6,8,0,4,true,false,false,2,2,7,6,4,4,3)
559:(9,2,false,6,7,true,true,3,4,6,8,0,6,false,false,false,2,2,7,6,4,4,3)
560:(9,2,false,6,7,true,true,3,4,6,8,0,6,true,false,false,2,2,7,6,4,4,3)
561:(9,2,false,6,7,true,true,3,4,6,8,2,0,true,false,false,2,2,7,6,4,4,3)
562:(9,2,false,6,7,true,true,3,4,6,8,2,2,true,false,false,2,2,7,6,4,4,3)
563:(9,2,false,6,7,true,true,3,4,6,8,2,4,true,false,false,2,2,7,6,4,4,3)
564:(9,2,false,6,7,true,true,3,4,6,8,2,6,false,false,false,2,2,7,6,4,4,3)
565:(9,2,false,6,7,true,true,3,4,6,8,2,6,true,false,false,2,2,7,6,4,4,3)
566:(9,2,false,7,6,true,true,4,3,8,6,2,0,true,false,false,2,1,7,6,4,15,4)
567:(9,2,false,7,6,true,true,4,3,8,6,2,0,true,false,false,2,2,7,5,3,4,3)
568:(9,2,false,7,6,true,true,4,3,8,6,2,0,true,false,false,2,2,7,6,4,3,5)
569:(9,2,false,7,6,true,true,4,3,8,6,2,0,true,false,false,2,2,7,7,5,5,2)
570:(9,2,false,7,6,true,true,4,3,8,6,2,2,true,false,false,2,1,7,6,4,15,4)
571:(9,2,false,7,6,true,true,4,3,8,6,2,2,true,false,false,2,2,7,5,3,4,3)
572:(9,2,false,7,6,true,true,4,3,8,6,2,2,true,false,false,2,2,7,6,4,3,5)
573:(9,2,false,7,6,true,true,4,3,8,6,2,2,true,false,false,2,2,7,7,5,5,2)
574:(9,2,false,7,6,true,true,4,3,8,6,2,4,true,false,false,2,1,7,6,4,15,4)
575:(9,2,false,7,6,true,true,4,3,8,6,2,4,true,false,false,2,2,7,5,3,4,3)
576:(9,2,false,7,6,true,true,4,3,8,6,2,4,true,false,false,2,2,7,6,4,3,5)
577:(9,2,false,7,6,true,true,4,3,8,6,2,4,true,false,false,2,2,7,7,5,5,2)
578:(9,2,false,7,6,true,true,4,3,8,6,2,6,true,false,false,2,1,7,6,4,15,4)
579:(9,2,false,7,6,true,true,4,3,8,6,2,6,true,false,false,2,2,7,5,3,4,3)
580:(9,2,false,7,6,true,true,4,3,8,6,2,6,true,false,false,2,2,7,6,4,3,5)
581:(9,2,false,7,6,true,true,4,3,8,6,2,6,true,false,false,2,2,7,7,5,5,2)
582:(9,2,false,7,6,true,true,4,3,8,6,2,8,false,false,false,2,1,7,6,4,15,4)
583:(9,2,false,7,6,true,true,4,3,8,6,2,8,false,false,false,2,2,7,5,3,4,3)
584:(9,2,false,7,6,true,true,4,3,8,6,2,8,false,false,false,2,2,7,6,4,3,5)
585:(9,2,false,7,6,true,true,4,3,8,6,2,8,false,false,false,2,2,7,7,5,5,2)
586:(9,2,false,7,6,true,true,4,3,8,6,2,8,true,false,false,2,1,7,6,4,15,4)
587:(9,2,false,7,6,true,true,4,3,8,6,2,8,true,false,false,2,2,7,5,3,4,3)
588:(9,2,false,7,6,true,true,4,3,8,6,2,8,true,false,false,2,2,7,6,4,3,5)
589:(9,2,false,7,6,true,true,4,3,8,6,2,8,true,false,false,2,2,7,7,5,5,2)
590:(9,2,false,7,7,true,true,4,4,8,8,0,0,true,false,false,2,2,7,6,4,4,3)
591:(9,2,false,7,7,true,true,4,4,8,8,0,0,true,false,false,2,2,8,6,0,4,3)
592:(9,2,false,7,7,true,true,4,4,8,8,0,0,true,false,false,2,2,8,7,0,3,1)
593:(9,2,false,7,7,true,true,4,4,8,8,0,2,true,false,false,2,2,7,6,4,4,3)
594:(9,2,false,7,7,true,true,4,4,8,8,0,2,true,false,false,2,2,8,6,0,4,3)
595:(9,2,false,7,7,true,true,4,4,8,8,0,2,true,false,false,2,2,8,7,0,3,1)
596:(9,2,false,7,7,true,true,4,4,8,8,0,4,true,false,false,2,2,7,6,4,4,3)
597:(9,2,false,7,7,true,true,4,4,8,8,0,4,true,false,false,2,2,8,6,0,4,3)
598:(9,2,false,7,7,true,true,4,4,8,8,0,4,true,false,false,2,2,8,7,0,3,1)
599:(9,2,false,7,7,true,true,4,4,8,8,0,6,true,false,false,2,2,7,6,4,4,3)
600:(9,2,false,7,7,true,true,4,4,8,8,0,6,true,false,false,2,2,8,6,0,4,3)
601:(9,2,false,7,7,true,true,4,4,8,8,0,6,true,false,false,2,2,8,7,0,3,1)
602:(9,2,false,7,7,true,true,4,4,8,8,0,8,false,false,false,2,2,7,6,4,4,3)
603:(9,2,false,7,7,true,true,4,4,8,8,0,8,false,false,false,2,2,8,6,0,4,3)
604:(9,2,false,7,7,true,true,4,4,8,8,0,8,false,false,false,2,2,8,7,0,3,1)
605:(9,2,false,7,7,true,true,4,4,8,8,0,8,true,false,false,2,2,7,6,4,4,3)
606:(9,2,false,7,7,true,true,4,4,8,8,0,8,true,false,false,2,2,8,6,0,4,3)
607:(9,2,false,7,7,true,true,4,4,8,8,0,8,true,false,false,2,2,8,7,0,3,1)
608:(9,2,false,7,7,true,true,4,4,8,8,2,0,true,false,false,2,2,7,6,4,4,3)
609:(9,2,false,7,7,true,true,4,4,8,8,2,0,true,false,false,2,2,8,6,0,4,3)
610:(9,2,false,7,7,true,true,4,4,8,8,2,0,true,false,false,2,2,8,7,0,3,1)
611:(9,2,false,7,7,true,true,4,4,8,8,2,2,true,false,false,2,2,7,6,4,4,3)
612:(9,2,false,7,7,true,true,4,4,8,8,2,2,true,false,false,2,2,8,6,0,4,3)
613:(9,2,false,7,7,true,true,4,4,8,8,2,2,true,false,false,2,2,8,7,0,3,1)
614:(9,2,false,7,7,true,true,4,4,8,8,2,4,true,false,false,2,2,7,6,4,4,3)
615:(9,2,false,7,7,true,true,4,4,8,8,2,4,true,false,false,2,2,8,6,0,4,3)
616:(9,2,false,7,7,true,true,4,4,8,8,2,4,true,false,false,2,2,8,7,0,3,1)
617:(9,2,false,7,7,true,true,4,4,8,8,2,6,true,false,false,2,2,7,6,4,4,3)
618:(9,2,false,7,7,true,true,4,4,8,8,2,6,true,false,false,2,2,8,6,0,4,3)
619:(9,2,false,7,7,true,true,4,4,8,8,2,6,true,false,false,2,2,8,7,0,3,1)
620:(9,2,false,7,7,true,true,4,4,8,8,2,8,false,false,false,2,2,7,6,4,4,3)
621:(9,2,false,7,7,true,true,4,4,8,8,2,8,false,false,false,2,2,8,6,0,4,3)
622:(9,2,false,7,7,true,true,4,4,8,8,2,8,false,false,false,2,2,8,7,0,3,1)
623:(9,2,false,7,7,true,true,4,4,8,8,2,8,true,false,false,2,2,7,6,4,4,3)
624:(9,2,false,7,7,true,true,4,4,8,8,2,8,true,false,false,2,2,8,6,0,4,3)
625:(9,2,false,7,7,true,true,4,4,8,8,2,8,true,false,false,2,2,8,7,0,3,1)
626:(9,2,false,8,7,true,true,4,4,8,8,0,0,true,true,false,2,2,8,6,0,4,3)
627:(9,2,false,8,7,true,true,4,4,8,8,0,0,true,true,false,2,2,8,7,0,3,1)
628:(9,2,false,8,7,true,true,4,4,8,8,0,2,true,true,false,2,2,8,6,0,4,3)
629:(9,2,false,8,7,true,true,4,4,8,8,0,2,true,true,false,2,2,8,7,0,3,1)
630:(9,2,false,8,7,true,true,4,4,8,8,0,4,true,true,false,2,2,8,6,0,4,3)
631:(9,2,false,8,7,true,true,4,4,8,8,0,4,true,true,false,2,2,8,7,0,3,1)
632:(9,2,false,8,7,true,true,4,4,8,8,0,6,true,true,false,2,2,8,6,0,4,3)
633:(9,2,false,8,7,true,true,4,4,8,8,0,6,true,true,false,2,2,8,7,0,3,1)
634:(9,2,false,8,7,true,true,4,4,8,8,0,8,false,true,false,2,2,8,6,0,4,3)
635:(9,2,false,8,7,true,true,4,4,8,8,0,8,false,true,false,2,2,8,7,0,3,1)
636:(9,2,false,8,7,true,true,4,4,8,8,0,8,true,true,false,2,2,8,6,0,4,3)
637:(9,2,false,8,7,true,true,4,4,8,8,0,8,true,true,false,2,2,8,7,0,3,1)
638:(9,2,false,8,7,true,true,4,4,8,8,2,0,true,true,false,2,2,8,6,0,4,3)
639:(9,2,false,8,7,true,true,4,4,8,8,2,0,true,true,false,2,2,8,7,0,3,1)
640:(9,2,false,8,7,true,true,4,4,8,8,2,2,true,true,false,2,2,8,6,0,4,3)
641:(9,2,false,8,7,true,true,4,4,8,8,2,2,true,true,false,2,2,8,7,0,3,1)
642:(9,2,false,8,7,true,true,4,4,8,8,2,4,true,true,false,2,2,8,6,0,4,3)
643:(9,2,false,8,7,true,true,4,4,8,8,2,4,true,true,false,2,2,8,7,0,3,1)
644:(9,2,false,8,7,true,true,4,4,8,8,2,6,true,true,false,2,2,8,6,0,4,3)
645:(9,2,false,8,7,true,true,4,4,8,8,2,6,true,true,false,2,2,8,7,0,3,1)
646:(9,2,false,8,7,true,true,4,4,8,8,2,8,false,true,false,2,2,8,6,0,4,3)
647:(9,2,false,8,7,true,true,4,4,8,8,2,8,false,true,false,2,2,8,7,0,3,1)
648:(9,2,false,8,7,true,true,4,4,8,8,2,8,true,true,false,2,2,8,6,0,4,3)
649:(9,2,false,8,7,true,true,4,4,8,8,2,8,true,true,false,2,2,8,7,0,3,1)
650:(9,3,false,0,0,false,false,0,0,0,0,0,0,false,false,false,1,0,0,0,0,7,0)
651:(9,3,false,1,1,false,false,0,0,0,0,0,0,false,false,false,1,0,0,0,0,7,0)
652:(9,3,false,3,2,true,false,0,0,0,0,0,0,false,false,false,1,0,0,0,0,7,0)
653:(9,3,false,3,2,true,false,0,0,0,0,0,0,true,false,false,1,0,0,0,0,7,0)
654:(9,3,false,3,3,true,true,0,0,0,0,0,0,false,false,false,1,0,0,0,0,7,0)
655:(9,3,false,3,3,true,true,0,0,0,0,0,0,true,false,false,1,0,0,0,0,7,0)
656:(9,3,false,5,4,true,true,2,1,4,2,2,0,true,false,false,1,0,0,0,0,7,0)
657:(9,3,false,5,4,true,true,2,1,4,2,2,2,true,false,false,1,0,0,0,0,7,0)
658:(9,3,false,5,4,true,true,2,1,4,2,2,4,false,false,false,1,0,0,0,0,7,0)
659:(9,3,false,5,4,true,true,2,1,4,2,2,4,true,false,false,1,0,0,0,0,7,0)
660:(9,3,false,5,5,true,true,2,2,4,4,0,0,true,false,false,1,0,0,0,0,7,0)
661:(9,3,false,5,5,true,true,2,2,4,4,0,2,true,false,false,1,0,0,0,0,7,0)
662:(9,3,false,5,5,true,true,2,2,4,4,0,4,false,false,false,1,0,0,0,0,7,0)
663:(9,3,false,5,5,true,true,2,2,4,4,0,4,true,false,false,1,0,0,0,0,7,0)
664:(9,3,false,5,5,true,true,2,2,4,4,2,0,true,false,false,1,0,0,0,0,7,0)
665:(9,3,false,5,5,true,true,2,2,4,4,2,2,true,false,false,1,0,0,0,0,7,0)
666:(9,3,false,5,5,true,true,2,2,4,4,2,4,false,false,false,1,0,0,0,0,7,0)
667:(9,3,false,5,5,true,true,2,2,4,4,2,4,true,false,false,1,0,0,0,0,7,0)
668:(9,3,false,7,6,true,true,4,3,8,6,2,0,true,false,false,1,0,0,0,0,7,0)
669:(9,3,false,7,6,true,true,4,3,8,6,2,2,true,false,false,1,0,0,0,0,7,0)
670:(9,3,false,7,6,true,true,4,3,8,6,2,4,true,false,false,1,0,0,0,0,7,0)
671:(9,3,false,7,6,true,true,4,3,8,6,2,6,true,false,false,1,0,0,0,0,7,0)
672:(9,3,false,7,6,true,true,4,3,8,6,2,8,false,false,false,1,0,0,0,0,7,0)
673:(9,3,false,7,6,true,true,4,3,8,6,2,8,true,false,false,1,0,0,0,0,7,0)
674:(9,3,false,8,7,true,true,4,4,8,8,0,0,true,true,false,1,0,0,0,0,7,0)
675:(9,3,false,8,7,true,true,4,4,8,8,0,2,true,true,false,1,0,0,0,0,7,0)
676:(9,3,false,8,7,true,true,4,4,8,8,0,4,true,true,false,1,0,0,0,0,7,0)
677:(9,3,false,8,7,true,true,4,4,8,8,0,6,true,true,false,1,0,0,0,0,7,0)
678:(9,3,false,8,7,true,true,4,4,8,8,0,8,false,true,false,1,0,0,0,0,7,0)
679:(9,3,false,8,7,true,true,4,4,8,8,0,8,true,true,false,1,0,0,0,0,7,0)
680:(9,3,false,8,7,true,true,4,4,8,8,2,0,true,true,false,1,0,0,0,0,7,0)
681:(9,3,false,8,7,true,true,4,4,8,8,2,2,true,true,false,1,0,0,0,0,7,0)
682:(9,3,false,8,7,true,true,4,4,8,8,2,4,true,true,false,1,0,0,0,0,7,0)
683:(9,3,false,8,7,true,true,4,4,8,8,2,6,true,true,false,1,0,0,0,0,7,0)
684:(9,3,false,8,7,true,true,4,4,8,8,2,8,false,true,false,1,0,0,0,0,7,0)
685:(9,3,false,8,7,true,true,4,4,8,8,2,8,true,true,false,1,0,0,0,0,7,0)
