(phase,outcome,waiting,next_send_seq_h,next_recv_seq_h,honest_commit_sent,peer_commit_verified,sent_blocks_h,verified_blocks_peer,sent_honest,verified_peer,max_gap,adversary_verified_honest,adversary_skipped_verification,honest_confirm_sent,peer_confirm_verified,last_actor,last_direction,last_type,last_seq,last_block,last_event,reject_reason)
0:(0,0,false,0,0,false,false,0,0,0,0,0,0,false,false,false,0,0,0,0,0,0,0)
1:(1,0,false,0,0,false,false,0,0,0,0,0,0,false,false,false,1,1,1,0,0,1,0)
2:(1,0,true,0,0,false,false,0,0,0,0,0,0,false,false,false,2,2,2,0,0,6,0)
3:(2,0,false,0,1,false,false,0,0,0,0,0,0,false,false,false,2,2,2,0,0,2,0)
4:(3,0,false,1,1,false,false,0,0,0,0,0,0,false,false,false,1,1,3,0,0,1,0)
5:(3,0,true,1,1,false,false,0,0,0,0,0,0,false,false,false,2,0,0,0,0,6,0)
6:(4,0,false,1,1,false,false,0,0,0,0,0,0,false,false,false,2,0,0,0,0,2,0)
7:(4,0,true,1,1,false,false,0,0,0,0,0,0,false,false,false,2,2,4,1,0,6,0)
8:(5,0,false,1,2,false,false,0,0,0,0,0,0,false,false,false,2,2,4,1,0,2,0)
9:(6,0,false,2,2,false,false,0,0,0,0,0,0,false,false,false,1,1,5,1,0,1,0)
10:(6,0,false,2,3,false,true,0,0,0,0,0,0,false,false,false,2,2,6,2,0,2,0)
11:(6,0,false,3,2,true,false,0,0,0,0,0,0,false,false,false,1,1,6,2,0,1,0)
12:(6,0,false,3,2,true,false,0,0,0,0,0,0,true,false,false,1,1,6,2,0,1,0)
13:(6,0,false,3,3,true,true,0,0,0,0,0,0,false,false,false,1,1,6,2,0,1,0)
14:(6,0,false,3,3,true,true,0,0,0,0,0,0,false,false,false,2,2,6,2,0,2,0)
15:(6,0,false,3,3,true,true,0,0,0,0,0,0,true,false,false,1,1,6,2,0,1,0)
16:(6,0,false,3,3,true,true,0,0,0,0,0,0,true,false,false,2,2,6,2,0,2,0)
17:(6,0,true,3,2,true,false,0,0,0,0,0,0,false,false,false,2,2,6,2,0,6,0)
18:(6,0,true,3,2,true,false,0,0,0,0,0,0,true,false,false,2,2,6,2,0,6,0)
19:(7,0,false,3,3,true,true,0,0,0,0,0,0,false,false,false,0,0,0,0,0,9,0)
20:(7,0,false,3,3,true,true,0,0,0,0,0,0,true,false,false,0,0,0,0,0,9,0)
21:(7,0,false,3,4,true,true,0,1,0,4,0,0,false,false,false,2,2,7,3,1,2,0)
22:(7,0,false,3,4,true,true,0,1,0,4,0,0,true,false,false,2,2,7,3,1,2,0)
23:(7,0,false,3,5,true,true,0,2,0,6,0,0,false,false,false,2,2,7,4,2,2,0)
24:(7,0,false,3,5,true,true,0,2,0,6,0,0,true,false,false,2,2,7,4,2,2,0)
25:(7,0,false,4,3,true,true,1,0,4,0,4,0,true,false,false,1,1,7,3,1,11,0)
26:(7,0,false,4,3,true,true,1,0,4,0,4,0,true,false,false,1,1,7,3,1,14,0)
27:(7,0,false,4,3,true,true,1,0,4,0,4,4,false,false,false,1,1,7,3,1,10,0)
28:(7,0,false,4,3,true,true,1,0,4,0,4,4,false,false,false,1,1,7,3,1,14,0)
29:(7,0,false,4,3,true,true,1,0,4,0,4,4,true,false,false,1,1,7,3,1,10,0)
30:(7,0,false,4,3,true,true,1,0,4,0,4,4,true,false,false,1,1,7,3,1,14,0)
31:(7,0,false,4,4,true,true,1,1,4,4,0,0,true,false,false,1,1,7,3,1,11,0)
32:(7,0,false,4,4,true,true,1,1,4,4,0,0,true,false,false,1,1,7,3,1,14,0)
33:(7,0,false,4,4,true,true,1,1,4,4,0,4,false,false,false,1,1,7,3,1,10,0)
34:(7,0,false,4,4,true,true,1,1,4,4,0,4,false,false,false,1,1,7,3,1,14,0)
35:(7,0,false,4,4,true,true,1,1,4,4,0,4,true,false,false,1,1,7,3,1,10,0)
36:(7,0,false,4,4,true,true,1,1,4,4,0,4,true,false,false,1,1,7,3,1,14,0)
37:(7,0,false,4,4,true,true,1,1,4,4,4,0,true,false,false,1,1,7,3,1,14,0)
38:(7,0,false,4,4,true,true,1,1,4,4,4,0,true,false,false,2,2,7,3,1,2,0)
39:(7,0,false,4,4,true,true,1,1,4,4,4,4,false,false,false,1,1,7,3,1,14,0)
40:(7,0,false,4,4,true,true,1,1,4,4,4,4,false,false,false,2,2,7,3,1,2,0)
41:(7,0,false,4,4,true,true,1,1,4,4,4,4,true,false,false,1,1,7,3,1,14,0)
42:(7,0,false,4,4,true,true,1,1,4,4,4,4,true,false,false,2,2,7,3,1,2,0)
43:(7,0,false,4,5,true,true,1,2,4,6,0,0,true,false,false,1,1,7,3,1,11,0)
44:(7,0,false,4,5,true,true,1,2,4,6,0,0,true,false,false,1,1,7,3,1,14,0)
45:(7,0,false,4,5,true,true,1,2,4,6,0,0,true,false,false,2,2,7,4,2,2,0)
46:(7,0,false,4,5,true,true,1,2,4,6,0,4,false,false,false,1,1,7,3,1,10,0)
47:(7,0,false,4,5,true,true,1,2,4,6,0,4,false,false,false,1,1,7,3,1,14,0)
48:(7,0,false,4,5,true,true,1,2,4,6,0,4,false,false,false,2,2,7,4,2,2,0)
49:(7,0,false,4,5,true,true,1,2,4,6,0,4,true,false,false,1,1,7,3,1,10,0)
50:(7,0,false,4,5,true,true,1,2,4,6,0,4,true,false,false,1,1,7,3,1,14,0)
51:(7,0,false,4,5,true,true,1,2,4,6,0,4,true,false,false,2,2,7,4,2,2,0)
52:(7,0,false,4,5,true,true,1,2,4,6,4,0,true,false,false,1,1,7,3,1,14,0)
53:(7,0,false,4,5,true,true,1,2,4,6,4,0,true,false,false,2,2,7,4,2,2,0)
54:(7,0,false,4,5,true,true,1,2,4,6,4,4,false,false,false,1,1,7,3,1,14,0)
55:(7,0,false,4,5,true,true,1,2,4,6,4,4,false,false,false,2,2,7,4,2,2,0)
56:(7,0,false,4,5,true,true,1,2,4,6,4,4,true,false,false,1,1,7,3,1,14,0)
57:(7,0,false,4,5,true,true,1,2,4,6,4,4,true,false,false,2,2,7,4,2,2,0)
58:(7,0,false,5,5,true,true,2,2,6,6,0,0,true,false,false,1,1,7,4,2,11,0)
59:(7,0,false,5,5,true,true,2,2,6,6,0,0,true,false,false,1,1,7,4,2,14,0)
60:(7,0,false,5,5,true,true,2,2,6,6,0,2,true,false,false,1,1,7,4,2,10,0)
61:(7,0,false,5,5,true,true,2,2,6,6,0,2,true,false,false,1,1,7,4,2,14,0)
62:(7,0,false,5,5,true,true,2,2,6,6,0,4,true,false,false,1,1,7,4,2,11,0)
63:(7,0,false,5,5,true,true,2,2,6,6,0,4,true,false,false,1,1,7,4,2,14,0)
64:(7,0,false,5,5,true,true,2,2,6,6,0,6,false,false,false,1,1,7,4,2,10,0)
65:(7,0,false,5,5,true,true,2,2,6,6,0,6,false,false,false,1,1,7,4,2,14,0)
66:(7,0,false,5,5,true,true,2,2,6,6,0,6,true,false,false,1,1,7,4,2,10,0)
67:(7,0,false,5,5,true,true,2,2,6,6,0,6,true,false,false,1,1,7,4,2,14,0)
68:(7,0,false,5,5,true,true,2,2,6,6,4,0,true,false,false,1,1,7,4,2,11,0)
69:(7,0,false,5,5,true,true,2,2,6,6,4,0,true,false,false,1,1,7,4,2,14,0)
70:(7,0,false,5,5,true,true,2,2,6,6,4,2,true,false,false,1,1,7,4,2,10,0)
71:(7,0,false,5,5,true,true,2,2,6,6,4,2,true,false,false,1,1,7,4,2,14,0)
72:(7,0,false,5,5,true,true,2,2,6,6,4,4,true,false,false,1,1,7,4,2,11,0)
73:(7,0,false,5,5,true,true,2,2,6,6,4,4,true,false,false,1,1,7,4,2,14,0)
74:(7,0,false,5,5,true,true,2,2,6,6,4,6,false,false,false,1,1,7,4,2,10,0)
75:(7,0,false,5,5,true,true,2,2,6,6,4,6,false,false,false,1,1,7,4,2,14,0)
76:(7,0,false,5,5,true,true,2,2,6,6,4,6,true,false,false,1,1,7,4,2,10,0)
77:(7,0,false,5,5,true,true,2,2,6,6,4,6,true,false,false,1,1,7,4,2,14,0)
78:(7,0,true,4,3,true,true,1,0,4,0,4,0,true,false,false,2,2,7,3,1,6,0)
79:(7,0,true,4,3,true,true,1,0,4,0,4,4,false,false,false,2,2,7,3,1,6,0)
80:(7,0,true,4,3,true,true,1,0,4,0,4,4,true,false,false,2,2,7,3,1,6,0)
81:(7,0,true,4,4,true,true,1,1,4,4,0,0,true,false,false,2,2,7,4,2,6,0)
82:(7,0,true,4,4,true,true,1,1,4,4,0,4,false,false,false,2,2,7,4,2,6,0)
83:(7,0,true,4,4,true,true,1,1,4,4,0,4,true,false,false,2,2,7,4,2,6,0)
84:(7,0,true,4,4,true,true,1,1,4,4,4,0,true,false,false,2,2,7,4,2,6,0)
85:(7,0,true,4,4,true,true,1,1,4,4,4,4,false,false,false,2,2,7,4,2,6,0)
86:(7,0,true,4,4,true,true,1,1,4,4,4,4,true,false,false,2,2,7,4,2,6,0)
87:(8,0,false,5,5,true,true,2,2,6,6,0,0,true,false,false,0,0,0,0,0,2,0)
88:(8,0,false,5,5,true,true,2,2,6,6,0,2,true,false,false,0,0,0,0,0,2,0)
89:(8,0,false,5,5,true,true,2,2,6,6,0,4,true,false,false,0,0,0,0,0,2,0)
90:(8,0,false,5,5,true,true,2,2,6,6,0,6,false,false,false,0,0,0,0,0,2,0)
91:(8,0,false,5,5,true,true,2,2,6,6,0,6,true,false,false,0,0,0,0,0,2,0)
92:(8,0,false,5,5,true,true,2,2,6,6,4,0,true,false,false,0,0,0,0,0,2,0)
93:(8,0,false,5,5,true,true,2,2,6,6,4,2,true,false,false,0,0,0,0,0,2,0)
94:(8,0,false,5,5,true,true,2,2,6,6,4,4,true,false,false,0,0,0,0,0,2,0)
95:(8,0,false,5,5,true,true,2,2,6,6,4,6,false,false,false,0,0,0,0,0,2,0)
96:(8,0,false,5,5,true,true,2,2,6,6,4,6,true,false,false,0,0,0,0,0,2,0)
97:(8,0,false,5,6,true,true,2,2,6,6,0,0,true,false,true,2,2,8,5,0,2,0)
98:(8,0,false,5,6,true,true,2,2,6,6,0,2,true,false,true,2,2,8,5,0,2,0)
99:(8,0,false,5,6,true,true,2,2,6,6,0,4,true,false,true,2,2,8,5,0,2,0)
100:(8,0,false,5,6,true,true,2,2,6,6,0,6,false,false,true,2,2,8,5,0,2,0)
101:(8,0,false,5,6,true,true,2,2,6,6,0,6,true,false,true,2,2,8,5,0,2,0)
102:(8,0,false,5,6,true,true,2,2,6,6,4,0,true,false,true,2,2,8,5,0,2,0)
103:(8,0,false,5,6,true,true,2,2,6,6,4,2,true,false,true,2,2,8,5,0,2,0)
104:(8,0,false,5,6,true,true,2,2,6,6,4,4,true,false,true,2,2,8,5,0,2,0)
105:(8,0,false,5,6,true,true,2,2,6,6,4,6,false,false,true,2,2,8,5,0,2,0)
106:(8,0,false,5,6,true,true,2,2,6,6,4,6,true,false,true,2,2,8,5,0,2,0)
107:(8,0,false,6,5,true,true,2,2,6,6,0,0,true,true,false,1,1,8,5,0,1,0)
108:(8,0,false,6,5,true,true,2,2,6,6,0,2,true,true,false,1,1,8,5,0,1,0)
109:(8,0,false,6,5,true,true,2,2,6,6,0,4,true,true,false,1,1,8,5,0,1,0)
110:(8,0,false,6,5,true,true,2,2,6,6,0,6,false,true,false,1,1,8,5,0,1,0)
111:(8,0,false,6,5,true,true,2,2,6,6,0,6,true,true,false,1,1,8,5,0,1,0)
112:(8,0,false,6,5,true,true,2,2,6,6,4,0,true,true,false,1,1,8,5,0,1,0)
113:(8,0,false,6,5,true,true,2,2,6,6,4,2,true,true,false,1,1,8,5,0,1,0)
114:(8,0,false,6,5,true,true,2,2,6,6,4,4,true,true,false,1,1,8,5,0,1,0)
115:(8,0,false,6,5,true,true,2,2,6,6,4,6,false,true,false,1,1,8,5,0,1,0)
116:(8,0,false,6,5,true,true,2,2,6,6,4,6,true,true,false,1,1,8,5,0,1,0)
117:(8,0,false,6,6,true,true,2,2,6,6,0,0,true,true,true,1,1,8,5,0,1,0)
118:(8,0,false,6,6,true,true,2,2,6,6,0,0,true,true,true,2,2,8,5,0,2,0)
119:(8,0,false,6,6,true,true,2,2,6,6,0,2,true,true,true,1,1,8,5,0,1,0)
120:(8,0,false,6,6,true,true,2,2,6,6,0,2,true,true,true,2,2,8,5,0,2,0)
121:(8,0,false,6,6,true,true,2,2,6,6,0,4,true,true,true,1,1,8,5,0,1,0)
122:(8,0,false,6,6,true,true,2,2,6,6,0,4,true,true,true,2,2,8,5,0,2,0)
123:(8,0,false,6,6,true,true,2,2,6,6,0,6,false,true,true,1,1,8,5,0,1,0)
124:(8,0,false,6,6,true,true,2,2,6,6,0,6,false,true,true,2,2,8,5,0,2,0)
125:(8,0,false,6,6,true,true,2,2,6,6,0,6,true,true,true,1,1,8,5,0,1,0)
126:(8,0,false,6,6,true,true,2,2,6,6,0,6,true,true,true,2,2,8,5,0,2,0)
127:(8,0,false,6,6,true,true,2,2,6,6,4,0,true,true,true,1,1,8,5,0,1,0)
128:(8,0,false,6,6,true,true,2,2,6,6,4,0,true,true,true,2,2,8,5,0,2,0)
129:(8,0,false,6,6,true,true,2,2,6,6,4,2,true,true,true,1,1,8,5,0,1,0)
130:(8,0,false,6,6,true,true,2,2,6,6,4,2,true,true,true,2,2,8,5,0,2,0)
131:(8,0,false,6,6,true,true,2,2,6,6,4,4,true,true,true,1,1,8,5,0,1,0)
132:(8,0,false,6,6,true,true,2,2,6,6,4,4,true,true,true,2,2,8,5,0,2,0)
133:(8,0,false,6,6,true,true,2,2,6,6,4,6,false,true,true,1,1,8,5,0,1,0)
134:(8,0,false,6,6,true,true,2,2,6,6,4,6,false,true,true,2,2,8,5,0,2,0)
135:(8,0,false,6,6,true,true,2,2,6,6,4,6,true,true,true,1,1,8,5,0,1,0)
136:(8,0,false,6,6,true,true,2,2,6,6,4,6,true,true,true,2,2,8,5,0,2,0)
137:(8,0,true,6,5,true,true,2,2,6,6,0,0,true,true,false,2,2,8,5,0,6,0)
138:(8,0,true,6,5,true,true,2,2,6,6,0,2,true,true,false,2,2,8,5,0,6,0)
139:(8,0,true,6,5,true,true,2,2,6,6,0,4,true,true,false,2,2,8,5,0,6,0)
140:(8,0,true,6,5,true,true,2,2,6,6,0,6,false,true,false,2,2,8,5,0,6,0)
141:(8,0,true,6,5,true,true,2,2,6,6,0,6,true,true,false,2,2,8,5,0,6,0)
142:(8,0,true,6,5,true,true,2,2,6,6,4,0,true,true,false,2,2,8,5,0,6,0)
143:(8,0,true,6,5,true,true,2,2,6,6,4,2,true,true,false,2,2,8,5,0,6,0)
144:(8,0,true,6,5,true,true,2,2,6,6,4,4,true,true,false,2,2,8,5,0,6,0)
145:(8,0,true,6,5,true,true,2,2,6,6,4,6,false,true,false,2,2,8,5,0,6,0)
146:(8,0,true,6,5,true,true,2,2,6,6,4,6,true,true,false,2,2,8,5,0,6,0)
147:(9,1,false,6,6,true,true,2,2,6,6,0,0,true,true,true,0,0,0,0,0,12,0)
148:(9,1,false,6,6,true,true,2,2,6,6,0,2,true,true,true,0,0,0,0,0,12,0)
149:(9,1,false,6,6,true,true,2,2,6,6,0,4,true,true,true,0,0,0,0,0,12,0)
150:(9,1,false,6,6,true,true,2,2,6,6,0,6,false,true,true,0,0,0,0,0,12,0)
151:(9,1,false,6,6,true,true,2,2,6,6,0,6,true,true,true,0,0,0,0,0,12,0)
152:(9,1,false,6,6,true,true,2,2,6,6,4,0,true,true,true,0,0,0,0,0,12,0)
153:(9,1,false,6,6,true,true,2,2,6,6,4,2,true,true,true,0,0,0,0,0,12,0)
154:(9,1,false,6,6,true,true,2,2,6,6,4,4,true,true,true,0,0,0,0,0,12,0)
155:(9,1,false,6,6,true,true,2,2,6,6,4,6,false,true,true,0,0,0,0,0,12,0)
156:(9,1,false,6,6,true,true,2,2,6,6,4,6,true,true,true,0,0,0,0,0,12,0)
157:(9,2,false,0,0,false,false,0,0,0,0,0,0,false,false,false,2,1,2,0,0,15,4)
158:(9,2,false,0,0,false,false,0,0,0,0,0,0,false,false,false,2,2,2,0,0,3,1)
159:(9,2,false,0,0,false,false,0,0,0,0,0,0,false,false,false,2,2,2,0,0,4,3)
160:(9,2,false,0,0,false,false,0,0,0,0,0,0,false,false,false,2,2,2,1,0,5,2)
161:(9,2,false,1,1,false,false,0,0,0,0,0,0,false,false,false,2,1,4,1,0,15,4)
162:(9,2,false,1,1,false,false,0,0,0,0,0,0,false,false,false,2,2,4,0,0,4,3)
163:(9,2,false,1,1,false,false,0,0,0,0,0,0,false,false,false,2,2,4,1,0,3,1)
164:(9,2,false,1,1,false,false,0,0,0,0,0,0,false,false,false,2,2,4,2,0,5,2)
165:(9,2,false,2,2,false,false,0,0,0,0,0,0,false,false,false,2,2,6,2,0,3,5)
166:(9,2,false,2,2,false,false,0,0,0,0,0,0,false,false,false,2,2,6,3,0,5,2)
167:(9,2,false,3,2,true,false,0,0,0,0,0,0,false,false,false,2,2,6,2,0,3,5)
168:(9,2,false,3,2,true,false,0,0,0,0,0,0,false,false,false,2,2,6,3,0,5,2)
169:(9,2,false,3,2,true,false,0,0,0,0,0,0,true,false,false,2,2,6,2,0,3,5)
170:(9,2,false,3,2,true,false,0,0,0,0,0,0,true,false,false,2,2,6,3,0,5,2)
171:(9,2,false,3,3,true,true,0,0,0,0,0,0,false,false,false,2,1,7,3,1,15,4)
172:(9,2,false,3,3,true,true,0,0,0,0,0,0,false,false,false,2,2,7,3,1,3,5)
173:(9,2,false,3,3,true,true,0,0,0,0,0,0,false,false,false,2,2,7,4,2,5,2)
174:(9,2,false,3,3,true,true,0,0,0,0,0,0,true,false,false,2,1,7,3,1,15,4)
175:(9,2,false,3,3,true,true,0,0,0,0,0,0,true,false,false,2,2,7,3,1,3,5)
176:(9,2,false,3,3,true,true,0,0,0,0,0,0,true,false,false,2,2,7,4,2,5,2)
177:(9,2,false,3,4,true,true,0,1,0,4,0,0,false,false,false,2,1,7,4,2,15,4)
178:(9,2,false,3,4,true,true,0,1,0,4,0,0,false,false,false,2,2,7,3,1,4,3)
179:(9,2,false,3,4,true,true,0,1,0,4,0,0,false,false,false,2,2,7,4,2,3,5)
180:(9,2,false,3,4,true,true,0,1,0,4,0,0,false,false,false,2,2,7,5,3,5,2)
181:(9,2,false,3,4,true,true,0,1,0,4,0,0,true,false,false,2,1,7,4,2,15,4)
182:(9,2,false,3,4,true,true,0,1,0,4,0,0,true,false,false,2,2,7,3,1,4,3)
183:(9,2,false,3,4,true,true,0,1,0,4,0,0,true,false,false,2,2,7,4,2,3,5)
184:(9,2,false,3,4,true,true,0,1,0,4,0,0,true,false,false,2,2,7,5,3,5,2)
185:(9,2,false,3,5,true,true,0,2,0,6,0,0,false,false,false,2,2,7,4,2,4,3)
186:(9,2,false,3,5,true,true,0,2,0,6,0,0,true,false,false,2,2,7,4,2,4,3)
187:(9,2,false,4,3,true,true,1,0,4,0,4,0,true,false,false,2,1,7,3,1,15,4)
188:(9,2,false,4,3,true,true,1,0,4,0,4,0,true,false,false,2,2,7,3,1,3,5)
189:(9,2,false,4,3,true,true,1,0,4,0,4,0,true,false,false,2,2,7,4,2,5,2)
190:(9,2,false,4,3,true,true,1,0,4,0,4,4,false,false,false,2,1,7,3,1,15,4)
191:(9,2,false,4,3,true,true,1,0,4,0,4,4,false,false,false,2,2,7,3,1,3,5)
192:(9,2,false,4,3,true,true,1,0,4,0,4,4,false,false,false,2,2,7,4,2,5,2)
193:(9,2,false,4,3,true,true,1,0,4,0,4,4,true,false,false,2,1,7,3,1,15,4)
194:(9,2,false,4,3,true,true,1,0,4,0,4,4,true,false,false,2,2,7,3,1,3,5)
195:(9,2,false,4,3,true,true,1,0,4,0,4,4,true,false,false,2,2,7,4,2,5,2)
196:(9,2,false,4,4,true,true,1,1,4,4,0,0,true,false,false,2,1,7,4,2,15,4)
197:(9,2,false,4,4,true,true,1,1,4,4,0,0,true,false,false,2,2,7,3,1,4,3)
198:(9,2,false,4,4,true,true,1,1,4,4,0,0,true,false,false,2,2,7,4,2,3,5)
199:(9,2,false,4,4,true,true,1,1,4,4,0,0,true,false,false,2,2,7,5,3,5,2)
200:(9,2,false,4,4,true,true,1,1,4,4,0,4,false,false,false,2,1,7,4,2,15,4)
201:(9,2,false,4,4,true,true,1,1,4,4,0,4,false,false,false,2,2,7,3,1,4,3)
202:(9,2,false,4,4,true,true,1,1,4,4,0,4,false,false,false,2,2,7,4,2,3,5)
203:(9,2,false,4,4,true,true,1,1,4,4,0,4,false,false,false,2,2,7,5,3,5,2)
204:(9,2,false,4,4,true,true,1,1,4,4,0,4,true,false,false,2,1,7,4,2,15,4)
205:(9,2,false,4,4,true,true,1,1,4,4,0,4,true,false,false,2,2,7,3,1,4,3)
206:(9,2,false,4,4,true,true,1,1,4,4,0,4,true,false,false,2,2,7,4,2,3,5)
207:(9,2,false,4,4,true,true,1,1,4,4,0,4,true,false,false,2,2,7,5,3,5,2)
208:(9,2,false,4,4,true,true,1,1,4,4,4,0,true,false,false,2,1,7,4,2,15,4)
209:(9,2,false,4,4,true,true,1,1,4,4,4,0,true,false,false,2,2,7,3,1,4,3)
210:(9,2,false,4,4,true,true,1,1,4,4,4,0,true,false,false,2,2,7,4,2,3,5)
211:(9,2,false,4,4,true,true,1,1,4,4,4,0,true,false,false,2,2,7,5,3,5,2)
212:(9,2,false,4,4,true,true,1,1,4,4,4,4,false,false,false,2,1,7,4,2,15,4)
213:(9,2,false,4,4,true,true,1,1,4,4,4,4,false,false,false,2,2,7,3,1,4,3)
214:(9,2,false,4,4,true,true,1,1,4,4,4,4,false,false,false,2,2,7,4,2,3,5)
215:(9,2,false,4,4,true,true,1,1,4,4,4,4,false,false,false,2,2,7,5,3,5,2)
216:(9,2,false,4,4,true,true,1,1,4,4,4,4,true,false,false,2,1,7,4,2,15,4)
217:(9,2,false,4,4,true,true,1,1,4,4,4,4,true,false,false,2,2,7,3,1,4,3)
218:(9,2,false,4,4,true,true,1,1,4,4,4,4,true,false,false,2,2,7,4,2,3,5)
219:(9,2,false,4,4,true,true,1,1,4,4,4,4,true,false,false,2,2,7,5,3,5,2)
220:(9,2,false,4,5,true,true,1,2,4,6,0,0,true,false,false,2,2,7,4,2,4,3)
221:(9,2,false,4,5,true,true,1,2,4,6,0,4,false,false,false,2,2,7,4,2,4,3)
222:(9,2,false,4,5,true,true,1,2,4,6,0,4,true,false,false,2,2,7,4,2,4,3)
223:(9,2,false,4,5,true,true,1,2,4,6,4,0,true,false,false,2,2,7,4,2,4,3)
224:(9,2,false,4,5,true,true,1,2,4,6,4,4,false,false,false,2,2,7,4,2,4,3)
225:(9,2,false,4,5,true,true,1,2,4,6,4,4,true,false,false,2,2,7,4,2,4,3)
226:(9,2,false,5,5,true,true,2,2,6,6,0,0,true,false,false,2,2,7,4,2,4,3)
227:(9,2,false,5,5,true,true,2,2,6,6,0,0,true,false,false,2,2,8,4,0,4,3)
228:(9,2,false,5,5,true,true,2,2,6,6,0,0,true,false,false,2,2,8,5,0,3,1)
229:(9,2,false,5,5,true,true,2,2,6,6,0,2,true,false,false,2,2,7,4,2,4,3)
230:(9,2,false,5,5,true,true,2,2,6,6,0,2,true,false,false,2,2,8,4,0,4,3)
231:(9,2,false,5,5,true,true,2,2,6,6,0,2,true,false,false,2,2,8,5,0,3,1)
232:(9,2,false,5,5,true,true,2,2,6,6,0,4,true,false,false,2,2,7,4,2,4,3)
233:(9,2,false,5,5,true,true,2,2,6,6,0,4,true,false,false,2,2,8,4,0,4,3)
234:(9,2,false,5,5,true,true,2,2,6,6,0,4,true,false,false,2,2,8,5,0,3,1)
235:(9,2,false,5,5,true,true,2,2,6,6,0,6,false,false,false,2,2,7,4,2,4,3)
236:(9,2,false,5,5,true,true,2,2,6,6,0,6,false,false,false,2,2,8,4,0,4,3)
237:(9,2,false,5,5,true,true,2,2,6,6,0,6,false,false,false,2,2,8,5,0,3,1)
238:(9,2,false,5,5,true,true,2,2,6,6,0,6,true,false,false,2,2,7,4,2,4,3)
239:(9,2,false,5,5,true,true,2,2,6,6,0,6,true,false,false,2,2,8,4,0,4,3)
240:(9,2,false,5,5,true,true,2,2,6,6,0,6,true,false,false,2,2,8,5,0,3,1)
241:(9,2,false,5,5,true,true,2,2,6,6,4,0,true,false,false,2,2,7,4,2,4,3)
242:(9,2,false,5,5,true,true,2,2,6,6,4,0,true,false,false,2,2,8,4,0,4,3)
243:(9,2,false,5,5,true,true,2,2,6,6,4,0,true,false,false,2,2,8,5,0,3,1)
244:(9,2,false,5,5,true,true,2,2,6,6,4,2,true,false,false,2,2,7,4,2,4,3)
245:(9,2,false,5,5,true,true,2,2,6,6,4,2,true,false,false,2,2,8,4,0,4,3)
246:(9,2,false,5,5,true,true,2,2,6,6,4,2,true,false,false,2,2,8,5,0,3,1)
247:(9,2,false,5,5,true,true,2,2,6,6,4,4,true,false,false,2,2,7,4,2,4,3)
248:(9,2,false,5,5,true,true,2,2,6,6,4,4,true,false,false,2,2,8,4,0,4,3)
249:(9,2,false,5,5,true,true,2,2,6,6,4,4,true,false,false,2,2,8,5,0,3,1)
250:(9,2,false,5,5,true,true,2,2,6,6,4,6,false,false,false,2,2,7,4,2,4,3)
251:(9,2,false,5,5,true,true,2,2,6,6,4,6,false,false,false,2,2,8,4,0,4,3)
252:(9,2,false,5,5,true,true,2,2,6,6,4,6,false,false,false,2,2,8,5,0,3,1)
253:(9,2,false,5,5,true,true,2,2,6,6,4,6,true,false,false,2,2,7,4,2,4,3)
254:(9,2,false,5,5,true,true,2,2,6,6,4,6,true,false,false,2,2,8,4,0,4,3)
255:(9,2,false,5,5,true,true,2,2,6,6,4,6,true,false,false,2,2,8,5,0,3,1)
256:(9,2,false,6,5,true,true,2,2,6,6,0,0,true,true,false,2,2,8,4,0,4,3)
257:(9,2,false,6,5,true,true,2,2,6,6,0,0,true,true,false,2,2,8,5,0,3,1)
258:(9,2,false,6,5,true,true,2,2,6,6,0,2,true,true,false,2,2,8,4,0,4,3)
259:(9,2,false,6,5,true,true,2,2,6,6,0,2,true,true,false,2,2,8,5,0,3,1)
260:(9,2,false,6,5,true,true,2,2,6,6,0,4,true,true,false,2,2,8,4,0,4,3)
261:(9,2,false,6,5,true,true,2,2,6,6,0,4,true,true,false,2,2,8,5,0,3,1)
262:(9,2,false,6,5,true,true,2,2,6,6,0,6,false,true,false,2,2,8,4,0,4,3)
263:(9,2,false,6,5,true,true,2,2,6,6,0,6,false,true,false,2,2,8,5,0,3,1)
264:(9,2,false,6,5,true,true,2,2,6,6,0,6,true,true,false,2,2,8,4,0,4,3)
265:(9,2,false,6,5,true,true,2,2,6,6,0,6,true,true,false,2,2,8,5,0,3,1)
266:(9,2,false,6,5,true,true,2,2,6,6,4,0,true,true,false,2,2,8,4,0,4,3)
267:(9,2,false,6,5,true,true,2,2,6,6,4,0,true,true,false,2,2,8,5,0,3,1)
268:(9,2,false,6,5,true,true,2,2,6,6,4,2,true,true,false,2,2,8,4,0,4,3)
269:(9,2,false,6,5,true,true,2,2,6,6,4,2,true,true,false,2,2,8,5,0,3,1)
270:(9,2,false,6,5,true,true,2,2,6,6,4,4,true,true,false,2,2,8,4,0,4,3)
271:(9,2,false,6,5,true,true,2,2,6,6,4,4,true,true,false,2,2,8,5,0,3,1)
272:(9,2,false,6,5,true,true,2,2,6,6,4,6,false,true,false,2,2,8,4,0,4,3)
273:(9,2,false,6,5,true,true,2,2,6,6,4,6,false,true,false,2,2,8,5,0,3,1)
274:(9,2,false,6,5,true,true,2,2,6,6,4,6,true,true,false,2,2,8,4,0,4,3)
275:(9,2,false,6,5,true,true,2,2,6,6,4,6,true,true,false,2,2,8,5,0,3,1)
276:(9,3,false,0,0,false,false,0,0,0,0,0,0,false,false,false,1,0,0,0,0,7,0)
277:(9,3,false,1,1,false,false,0,0,0,0,0,0,false,false,false,1,0,0,0,0,7,0)
278:(9,3,false,3,2,true,false,0,0,0,0,0,0,false,false,false,1,0,0,0,0,7,0)
279:(9,3,false,3,2,true,false,0,0,0,0,0,0,true,false,false,1,0,0,0,0,7,0)
280:(9,3,false,4,3,true,true,1,0,4,0,4,0,true,false,false,1,0,0,0,0,7,0)
281:(9,3,false,4,3,true,true,1,0,4,0,4,4,false,false,false,1,0,0,0,0,7,0)
282:(9,3,false,4,3,true,true,1,0,4,0,4,4,true,false,false,1,0,0,0,0,7,0)
283:(9,3,false,4,4,true,true,1,1,4,4,0,0,true,false,false,1,0,0,0,0,7,0)
284:(9,3,false,4,4,true,true,1,1,4,4,0,4,false,false,false,1,0,0,0,0,7,0)
285:(9,3,false,4,4,true,true,1,1,4,4,0,4,true,false,false,1,0,0,0,0,7,0)
286:(9,3,false,4,4,true,true,1,1,4,4,4,0,true,false,false,1,0,0,0,0,7,0)
287:(9,3,false,4,4,true,true,1,1,4,4,4,4,false,false,false,1,0,0,0,0,7,0)
288:(9,3,false,4,4,true,true,1,1,4,4,4,4,true,false,false,1,0,0,0,0,7,0)
289:(9,3,false,6,5,true,true,2,2,6,6,0,0,true,true,false,1,0,0,0,0,7,0)
290:(9,3,false,6,5,true,true,2,2,6,6,0,2,true,true,false,1,0,0,0,0,7,0)
291:(9,3,false,6,5,true,true,2,2,6,6,0,4,true,true,false,1,0,0,0,0,7,0)
292:(9,3,false,6,5,true,true,2,2,6,6,0,6,false,true,false,1,0,0,0,0,7,0)
293:(9,3,false,6,5,true,true,2,2,6,6,0,6,true,true,false,1,0,0,0,0,7,0)
294:(9,3,false,6,5,true,true,2,2,6,6,4,0,true,true,false,1,0,0,0,0,7,0)
295:(9,3,false,6,5,true,true,2,2,6,6,4,2,true,true,false,1,0,0,0,0,7,0)
296:(9,3,false,6,5,true,true,2,2,6,6,4,4,true,true,false,1,0,0,0,0,7,0)
297:(9,3,false,6,5,true,true,2,2,6,6,4,6,false,true,false,1,0,0,0,0,7,0)
298:(9,3,false,6,5,true,true,2,2,6,6,4,6,true,true,false,1,0,0,0,0,7,0)
