(phase,outcome,waiting,next_send_seq_h,next_recv_seq_h,honest_commit_sent,peer_commit_verified,sent_blocks_h,verified_blocks_peer,sent_honest,verified_peer,max_gap,adversary_verified_honest,adversary_skipped_verification,honest_confirm_sent,peer_confirm_verified,last_actor,last_direction,last_type,last_seq,last_block,last_event,reject_reason)
0:(0,0,false,0,0,false,false,0,0,0,0,0,0,false,false,false,0,0,0,0,0,0,0)
1:(1,0,false,0,0,false,false,0,0,0,0,0,0,false,false,false,1,1,1,0,0,1,0)
2:(1,0,true,0,0,false,false,0,0,0,0,0,0,false,false,false,2,2,2,0,0,6,0)
3:(2,0,false,0,1,false,false,0,0,0,0,0,0,false,false,false,2,2,2,0,0,2,0)
4:(3,0,false,1,1,false,false,0,0,0,0,0,0,false,false,false,1,1,3,0,0,1,0)
5:(3,0,true,1,1,false,false,0,0,0,0,0,0,false,false,false,2,0,0,0,0,6,0)
6:(4,0,false,1,1,false,false,0,0,0,0,0,0,false,false,false,2,0,0,0,0,2,0)
7:(4,0,true,1,1,false,false,0,0,0,0,0,0,false,false,false,2,2,4,1,0,6,0)
8:(5,0,false,1,2,false,false,0,0,0,0,0,0,false,false,false,2,2,4,1,0,2,0)
9:(6,0,false,2,2,false,false,0,0,0,0,0,0,false,false,false,1,1,5,1,0,1,0)
10:(6,0,false,2,3,false,true,0,0,0,0,0,0,false,false,false,2,2,6,2,0,2,0)
11:(6,0,false,3,2,true,false,0,0,0,0,0,0,false,false,false,1,1,6,2,0,1,0)
12:(6,0,false,3,2,true,false,0,0,0,0,0,0,true,false,false,1,1,6,2,0,1,0)
13:(6,0,false,3,3,true,true,0,0,0,0,0,0,false,false,false,1,1,6,2,0,1,0)
14:(6,0,false,3,3,true,true,0,0,0,0,0,0,false,false,false,2,2,6,2,0,2,0)
15:(6,0,false,3,3,true,true,0,0,0,0,0,0,true,false,false,1,1,6,2,0,1,0)
16:(6,0,false,3,3,true,true,0,0,0,0,0,0,true,false,false,2,2,6,2,0,2,0)
17:(6,0,true,3,2,true,false,0,0,0,0,0,0,false,false,false,2,2,6,2,0,6,0)
18:(6,0,true,3,2,true,false,0,0,0,0,0,0,true,false,false,2,2,6,2,0,6,0)
19:(7,0,false,3,3,true,true,0,0,0,0,0,0,false,false,false,0,0,0,0,0,9,0)
20:(7,0,false,3,3,true,true,0,0,0,0,0,0,true,false,false,0,0,0,0,0,9,0)
21:(7,0,false,3,4,true,true,0,1,0,4,0,0,false,false,false,2,2,7,3,1,2,0)
22:(7,0,false,3,4,true,true,0,1,0,4,0,0,true,false,false,2,2,7,3,1,2,0)
23:(7,0,false,3,5,true,true,0,2,0,8,0,0,false,false,false,2,2,7,4,2,2,0)
24:(7,0,false,3,5,true,true,0,2,0,8,0,0,true,false,false,2,2,7,4,2,2,0)
25:(7,0,false,3,6,true,true,0,3,0,12,0,0,false,false,false,2,2,7,5,3,2,0)
26:(7,0,false,3,6,true,true,0,3,0,12,0,0,true,false,false,2,2,7,5,3,2,0)
27:(7,0,false,3,7,true,true,0,4,0,16,0,0,false,false,false,2,2,7,6,4,2,0)
28:(7,0,false,3,7,true,true,0,4,0,16,0,0,true,false,false,2,2,7,6,4,2,0)
29:(7,0,false,4,3,true,true,1,0,4,0,4,0,true,false,false,1,1,7,3,1,11,0)
30:(7,0,false,4,3,true,true,1,0,4,0,4,0,true,false,false,1,1,7,3,1,14,0)
31:(7,0,false,4,3,true,true,1,0,4,0,4,4,false,false,false,1,1,7,3,1,10,0)
32:(7,0,false,4,3,true,true,1,0,4,0,4,4,false,false,false,1,1,7,3,1,14,0)
33:(7,0,false,4,3,true,true,1,0,4,0,4,4,true,false,false,1,1,7,3,1,10,0)
34:(7,0,false,4,3,true,true,1,0,4,0,4,4,true,false,false,1,1,7,3,1,14,0)
35:(7,0,false,4,4,true,true,1,1,4,4,0,0,true,false,false,1,1,7,3,1,11,0)
36:(7,0,false,4,4,true,true,1,1,4,4,0,0,true,false,false,1,1,7,3,1,14,0)
37:(7,0,false,4,4,true,true,1,1,4,4,0,4,false,false,false,1,1,7,3,1,10,0)
38:(7,0,false,4,4,true,true,1,1,4,4,0,4,false,false,false,1,1,7,3,1,14,0)
39:(7,0,false,4,4,true,true,1,1,4,4,0,4,true,false,false,1,1,7,3,1,10,0)
40:(7,0,false,4,4,true,true,1,1,4,4,0,4,true,false,false,1,1,7,3,1,14,0)
41:(7,0,false,4,4,true,true,1,1,4,4,4,0,true,false,false,1,1,7,3,1,14,0)
42:(7,0,false,4,4,true,true,1,1,4,4,4,0,true,false,false,2,2,7,3,1,2,0)
43:(7,0,false,4,4,true,true,1,1,4,4,4,4,false,false,false,1,1,7,3,1,14,0)
44:(7,0,false,4,4,true,true,1,1,4,4,4,4,false,false,false,2,2,7,3,1,2,0)
45:(7,0,false,4,4,true,true,1,1,4,4,4,4,true,false,false,1,1,7,3,1,14,0)
46:(7,0,false,4,4,true,true,1,1,4,4,4,4,true,false,false,2,2,7,3,1,2,0)
47:(7,0,false,4,5,true,true,1,2,4,8,0,0,true,false,false,1,1,7,3,1,11,0)
48:(7,0,false,4,5,true,true,1,2,4,8,0,0,true,false,false,1,1,7,3,1,14,0)
49:(7,0,false,4,5,true,true,1,2,4,8,0,0,true,false,false,2,2,7,4,2,2,0)
50:(7,0,false,4,5,true,true,1,2,4,8,0,4,false,false,false,1,1,7,3,1,10,0)
51:(7,0,false,4,5,true,true,1,2,4,8,0,4,false,false,false,1,1,7,3,1,14,0)
52:(7,0,false,4,5,true,true,1,2,4,8,0,4,false,false,false,2,2,7,4,2,2,0)
53:(7,0,false,4,5,true,true,1,2,4,8,0,4,true,false,false,1,1,7,3,1,10,0)
54:(7,0,false,4,5,true,true,1,2,4,8,0,4,true,false,false,1,1,7,3,1,14,0)
55:(7,0,false,4,5,true,true,1,2,4,8,0,4,true,false,false,2,2,7,4,2,2,0)
56:(7,0,false,4,5,true,true,1,2,4,8,4,0,true,false,false,1,1,7,3,1,14,0)
57:(7,0,false,4,5,true,true,1,2,4,8,4,0,true,false,false,2,2,7,4,2,2,0)
58:(7,0,false,4,5,true,true,1,2,4,8,4,4,false,false,false,1,1,7,3,1,14,0)
59:(7,0,false,4,5,true,true,1,2,4,8,4,4,false,false,false,2,2,7,4,2,2,0)
60:(7,0,false,4,5,true,true,1,2,4,8,4,4,true,false,false,1,1,7,3,1,14,0)
61:(7,0,false,4,5,true,true,1,2,4,8,4,4,true,false,false,2,2,7,4,2,2,0)
62:(7,0,false,4,6,true,true,1,3,4,12,0,0,true,false,false,1,1,7,3,1,11,0)
63:(7,0,false,4,6,true,true,1,3,4,12,0,0,true,false,false,1,1,7,3,1,14,0)
64:(7,0,false,4,6,true,true,1,3,4,12,0,0,true,false,false,2,2,7,5,3,2,0)
65:(7,0,false,4,6,true,true,1,3,4,12,0,4,false,false,false,1,1,7,3,1,10,0)
66:(7,0,false,4,6,true,true,1,3,4,12,0,4,false,false,false,1,1,7,3,1,14,0)
67:(7,0,false,4,6,true,true,1,3,4,12,0,4,false,false,false,2,2,7,5,3,2,0)
68:(7,0,false,4,6,true,true,1,3,4,12,0,4,true,false,false,1,1,7,3,1,10,0)
69:(7,0,false,4,6,true,true,1,3,4,12,0,4,true,false,false,1,1,7,3,1,14,0)
70:(7,0,false,4,6,true,true,1,3,4,12,0,4,true,false,false,2,2,7,5,3,2,0)
71:(7,0,false,4,6,true,true,1,3,4,12,4,0,true,false,false,1,1,7,3,1,14,0)
72:(7,0,false,4,6,true,true,1,3,4,12,4,0,true,false,false,2,2,7,5,3,2,0)
73:(7,0,false,4,6,true,true,1,3,4,12,4,4,false,false,false,1,1,7,3,1,14,0)
74:(7,0,false,4,6,true,true,1,3,4,12,4,4,false,false,false,2,2,7,5,3,2,0)
75:(7,0,false,4,6,true,true,1,3,4,12,4,4,true,false,false,1,1,7,3,1,14,0)
76:(7,0,false,4,6,true,true,1,3,4,12,4,4,true,false,false,2,2,7,5,3,2,0)
77:(7,0,false,4,7,true,true,1,4,4,16,0,0,true,false,false,1,1,7,3,1,11,0)
78:(7,0,false,4,7,true,true,1,4,4,16,0,0,true,false,false,1,1,7,3,1,14,0)
79:(7,0,false,4,7,true,true,1,4,4,16,0,0,true,false,false,2,2,7,6,4,2,0)
80:(7,0,false,4,7,true,true,1,4,4,16,0,4,false,false,false,1,1,7,3,1,10,0)
81:(7,0,false,4,7,true,true,1,4,4,16,0,4,false,false,false,1,1,7,3,1,14,0)
82:(7,0,false,4,7,true,true,1,4,4,16,0,4,false,false,false,2,2,7,6,4,2,0)
83:(7,0,false,4,7,true,true,1,4,4,16,0,4,true,false,false,1,1,7,3,1,10,0)
84:(7,0,false,4,7,true,true,1,4,4,16,0,4,true,false,false,1,1,7,3,1,14,0)
85:(7,0,false,4,7,true,true,1,4,4,16,0,4,true,false,false,2,2,7,6,4,2,0)
86:(7,0,false,4,7,true,true,1,4,4,16,4,0,true,false,false,1,1,7,3,1,14,0)
87:(7,0,false,4,7,true,true,1,4,4,16,4,0,true,false,false,2,2,7,6,4,2,0)
88:(7,0,false,4,7,true,true,1,4,4,16,4,4,false,false,false,1,1,7,3,1,14,0)
89:(7,0,false,4,7,true,true,1,4,4,16,4,4,false,false,false,2,2,7,6,4,2,0)
90:(7,0,false,4,7,true,true,1,4,4,16,4,4,true,false,false,1,1,7,3,1,14,0)
91:(7,0,false,4,7,true,true,1,4,4,16,4,4,true,false,false,2,2,7,6,4,2,0)
92:(7,0,false,5,5,true,true,2,2,8,8,0,0,true,false,false,1,1,7,4,2,11,0)
93:(7,0,false,5,5,true,true,2,2,8,8,0,0,true,false,false,1,1,7,4,2,14,0)
94:(7,0,false,5,5,true,true,2,2,8,8,0,4,true,false,false,1,1,7,4,2,10,0)
95:(7,0,false,5,5,true,true,2,2,8,8,0,4,true,false,false,1,1,7,4,2,11,0)
96:(7,0,false,5,5,true,true,2,2,8,8,0,4,true,false,false,1,1,7,4,2,14,0)
97:(7,0,false,5,5,true,true,2,2,8,8,0,8,false,false,false,1,1,7,4,2,10,0)
98:(7,0,false,5,5,true,true,2,2,8,8,0,8,false,false,false,1,1,7,4,2,14,0)
99:(7,0,false,5,5,true,true,2,2,8,8,0,8,true,false,false,1,1,7,4,2,10,0)
100:(7,0,false,5,5,true,true,2,2,8,8,0,8,true,false,false,1,1,7,4,2,14,0)
101:(7,0,false,5,5,true,true,2,2,8,8,4,0,true,false,false,1,1,7,4,2,11,0)
102:(7,0,false,5,5,true,true,2,2,8,8,4,0,true,false,false,1,1,7,4,2,14,0)
103:(7,0,false,5,5,true,true,2,2,8,8,4,4,true,false,false,1,1,7,4,2,10,0)
104:(7,0,false,5,5,true,true,2,2,8,8,4,4,true,false,false,1,1,7,4,2,11,0)
105:(7,0,false,5,5,true,true,2,2,8,8,4,4,true,false,false,1,1,7,4,2,14,0)
106:(7,0,false,5,5,true,true,2,2,8,8,4,8,false,false,false,1,1,7,4,2,10,0)
107:(7,0,false,5,5,true,true,2,2,8,8,4,8,false,false,false,1,1,7,4,2,14,0)
108:(7,0,false,5,5,true,true,2,2,8,8,4,8,true,false,false,1,1,7,4,2,10,0)
109:(7,0,false,5,5,true,true,2,2,8,8,4,8,true,false,false,1,1,7,4,2,14,0)
110:(7,0,false,5,6,true,true,2,3,8,12,0,0,true,false,false,1,1,7,4,2,11,0)
111:(7,0,false,5,6,true,true,2,3,8,12,0,0,true,false,false,1,1,7,4,2,14,0)
112:(7,0,false,5,6,true,true,2,3,8,12,0,0,true,false,false,2,2,7,5,3,2,0)
113:(7,0,false,5,6,true,true,2,3,8,12,0,4,true,false,false,1,1,7,4,2,10,0)
114:(7,0,false,5,6,true,true,2,3,8,12,0,4,true,false,false,1,1,7,4,2,11,0)
115:(7,0,false,5,6,true,true,2,3,8,12,0,4,true,false,false,1,1,7,4,2,14,0)
116:(7,0,false,5,6,true,true,2,3,8,12,0,4,true,false,false,2,2,7,5,3,2,0)
117:(7,0,false,5,6,true,true,2,3,8,12,0,8,false,false,false,1,1,7,4,2,10,0)
118:(7,0,false,5,6,true,true,2,3,8,12,0,8,false,false,false,1,1,7,4,2,14,0)
119:(7,0,false,5,6,true,true,2,3,8,12,0,8,false,false,false,2,2,7,5,3,2,0)
120:(7,0,false,5,6,true,true,2,3,8,12,0,8,true,false,false,1,1,7,4,2,10,0)
121:(7,0,false,5,6,true,true,2,3,8,12,0,8,true,false,false,1,1,7,4,2,14,0)
122:(7,0,false,5,6,true,true,2,3,8,12,0,8,true,false,false,2,2,7,5,3,2,0)
123:(7,0,false,5,6,true,true,2,3,8,12,4,0,true,false,false,1,1,7,4,2,11,0)
124:(7,0,false,5,6,true,true,2,3,8,12,4,0,true,false,false,1,1,7,4,2,14,0)
125:(7,0,false,5,6,true,true,2,3,8,12,4,0,true,false,false,2,2,7,5,3,2,0)
126:(7,0,false,5,6,true,true,2,3,8,12,4,4,true,false,false,1,1,7,4,2,10,0)
127:(7,0,false,5,6,true,true,2,3,8,12,4,4,true,false,false,1,1,7,4,2,11,0)
128:(7,0,false,5,6,true,true,2,3,8,12,4,4,true,false,false,1,1,7,4,2,14,0)
129:(7,0,false,5,6,true,true,2,3,8,12,4,4,true,false,false,2,2,7,5,3,2,0)
130:(7,0,false,5,6,true,true,2,3,8,12,4,8,false,false,false,1,1,7,4,2,10,0)
131:(7,0,false,5,6,true,true,2,3,8,12,4,8,false,false,false,1,1,7,4,2,14,0)
132:(7,0,false,5,6,true,true,2,3,8,12,4,8,false,false,false,2,2,7,5,3,2,0)
133:(7,0,false,5,6,true,true,2,3,8,12,4,8,true,false,false,1,1,7,4,2,10,0)
134:(7,0,false,5,6,true,true,2,3,8,12,4,8,true,false,false,1,1,7,4,2,14,0)
135:(7,0,false,5,6,true,true,2,3,8,12,4,8,true,false,false,2,2,7,5,3,2,0)
136:(7,0,false,5,7,true,true,2,4,8,16,0,0,true,false,false,1,1,7,4,2,11,0)
137:(7,0,false,5,7,true,true,2,4,8,16,0,0,true,false,false,1,1,7,4,2,14,0)
138:(7,0,false,5,7,true,true,2,4,8,16,0,0,true,false,false,2,2,7,6,4,2,0)
139:(7,0,false,5,7,true,true,2,4,8,16,0,4,true,false,false,1,1,7,4,2,10,0)
140:(7,0,false,5,7,true,true,2,4,8,16,0,4,true,false,false,1,1,7,4,2,11,0)
141:(7,0,false,5,7,true,true,2,4,8,16,0,4,true,false,false,1,1,7,4,2,14,0)
142:(7,0,false,5,7,true,true,2,4,8,16,0,4,true,false,false,2,2,7,6,4,2,0)
143:(7,0,false,5,7,true,true,2,4,8,16,0,8,false,false,false,1,1,7,4,2,10,0)
144:(7,0,false,5,7,true,true,2,4,8,16,0,8,false,false,false,1,1,7,4,2,14,0)
145:(7,0,false,5,7,true,true,2,4,8,16,0,8,false,false,false,2,2,7,6,4,2,0)
146:(7,0,false,5,7,true,true,2,4,8,16,0,8,true,false,false,1,1,7,4,2,10,0)
147:(7,0,false,5,7,true,true,2,4,8,16,0,8,true,false,false,1,1,7,4,2,14,0)
148:(7,0,false,5,7,true,true,2,4,8,16,0,8,true,false,false,2,2,7,6,4,2,0)
149:(7,0,false,5,7,true,true,2,4,8,16,4,0,true,false,false,1,1,7,4,2,11,0)
150:(7,0,false,5,7,true,true,2,4,8,16,4,0,true,false,false,1,1,7,4,2,14,0)
151:(7,0,false,5,7,true,true,2,4,8,16,4,0,true,false,false,2,2,7,6,4,2,0)
152:(7,0,false,5,7,true,true,2,4,8,16,4,4,true,false,false,1,1,7,4,2,10,0)
153:(7,0,false,5,7,true,true,2,4,8,16,4,4,true,false,false,1,1,7,4,2,11,0)
154:(7,0,false,5,7,true,true,2,4,8,16,4,4,true,false,false,1,1,7,4,2,14,0)
155:(7,0,false,5,7,true,true,2,4,8,16,4,4,true,false,false,2,2,7,6,4,2,0)
156:(7,0,false,5,7,true,true,2,4,8,16,4,8,false,false,false,1,1,7,4,2,10,0)
157:(7,0,false,5,7,true,true,2,4,8,16,4,8,false,false,false,1,1,7,4,2,14,0)
158:(7,0,false,5,7,true,true,2,4,8,16,4,8,false,false,false,2,2,7,6,4,2,0)
159:(7,0,false,5,7,true,true,2,4,8,16,4,8,true,false,false,1,1,7,4,2,10,0)
160:(7,0,false,5,7,true,true,2,4,8,16,4,8,true,false,false,1,1,7,4,2,14,0)
161:(7,0,false,5,7,true,true,2,4,8,16,4,8,true,false,false,2,2,7,6,4,2,0)
162:(7,0,false,6,5,true,true,3,2,12,8,4,0,true,false,false,1,1,7,5,3,11,0)
163:(7,0,false,6,5,true,true,3,2,12,8,4,0,true,false,false,1,1,7,5,3,14,0)
164:(7,0,false,6,5,true,true,3,2,12,8,4,4,true,false,false,1,1,7,5,3,10,0)
165:(7,0,false,6,5,true,true,3,2,12,8,4,4,true,false,false,1,1,7,5,3,11,0)
166:(7,0,false,6,5,true,true,3,2,12,8,4,4,true,false,false,1,1,7,5,3,14,0)
167:(7,0,false,6,5,true,true,3,2,12,8,4,8,true,false,false,1,1,7,5,3,10,0)
168:(7,0,false,6,5,true,true,3,2,12,8,4,8,true,false,false,1,1,7,5,3,11,0)
169:(7,0,false,6,5,true,true,3,2,12,8,4,8,true,false,false,1,1,7,5,3,14,0)
170:(7,0,false,6,5,true,true,3,2,12,8,4,12,false,false,false,1,1,7,5,3,10,0)
171:(7,0,false,6,5,true,true,3,2,12,8,4,12,false,false,false,1,1,7,5,3,14,0)
172:(7,0,false,6,5,true,true,3,2,12,8,4,12,true,false,false,1,1,7,5,3,10,0)
173:(7,0,false,6,5,true,true,3,2,12,8,4,12,true,false,false,1,1,7,5,3,14,0)
174:(7,0,false,6,6,true,true,3,3,12,12,0,0,true,false,false,1,1,7,5,3,11,0)
175:(7,0,false,6,6,true,true,3,3,12,12,0,0,true,false,false,1,1,7,5,3,14,0)
176:(7,0,false,6,6,true,true,3,3,12,12,0,4,true,false,false,1,1,7,5,3,10,0)
177:(7,0,false,6,6,true,true,3,3,12,12,0,4,true,false,false,1,1,7,5,3,11,0)
178:(7,0,false,6,6,true,true,3,3,12,12,0,4,true,false,false,1,1,7,5,3,14,0)
179:(7,0,false,6,6,true,true,3,3,12,12,0,8,true,false,false,1,1,7,5,3,10,0)
180:(7,0,false,6,6,true,true,3,3,12,12,0,8,true,false,false,1,1,7,5,3,11,0)
181:(7,0,false,6,6,true,true,3,3,12,12,0,8,true,false,false,1,1,7,5,3,14,0)
182:(7,0,false,6,6,true,true,3,3,12,12,0,12,false,false,false,1,1,7,5,3,10,0)
183:(7,0,false,6,6,true,true,3,3,12,12,0,12,false,false,false,1,1,7,5,3,14,0)
184:(7,0,false,6,6,true,true,3,3,12,12,0,12,true,false,false,1,1,7,5,3,10,0)
185:(7,0,false,6,6,true,true,3,3,12,12,0,12,true,false,false,1,1,7,5,3,14,0)
186:(7,0,false,6,6,true,true,3,3,12,12,4,0,true,false,false,1,1,7,5,3,11,0)
187:(7,0,false,6,6,true,true,3,3,12,12,4,0,true,false,false,1,1,7,5,3,14,0)
188:(7,0,false,6,6,true,true,3,3,12,12,4,0,true,false,false,2,2,7,5,3,2,0)
189:(7,0,false,6,6,true,true,3,3,12,12,4,4,true,false,false,1,1,7,5,3,10,0)
190:(7,0,false,6,6,true,true,3,3,12,12,4,4,true,false,false,1,1,7,5,3,11,0)
191:(7,0,false,6,6,true,true,3,3,12,12,4,4,true,false,false,1,1,7,5,3,14,0)
192:(7,0,false,6,6,true,true,3,3,12,12,4,4,true,false,false,2,2,7,5,3,2,0)
193:(7,0,false,6,6,true,true,3,3,12,12,4,8,true,false,false,1,1,7,5,3,10,0)
194:(7,0,false,6,6,true,true,3,3,12,12,4,8,true,false,false,1,1,7,5,3,11,0)
195:(7,0,false,6,6,true,true,3,3,12,12,4,8,true,false,false,1,1,7,5,3,14,0)
196:(7,0,false,6,6,true,true,3,3,12,12,4,8,true,false,false,2,2,7,5,3,2,0)
197:(7,0,false,6,6,true,true,3,3,12,12,4,12,false,false,false,1,1,7,5,3,10,0)
198:(7,0,false,6,6,true,true,3,3,12,12,4,12,false,false,false,1,1,7,5,3,14,0)
199:(7,0,false,6,6,true,true,3,3,12,12,4,12,false,false,false,2,2,7,5,3,2,0)
200:(7,0,false,6,6,true,true,3,3,12,12,4,12,true,false,false,1,1,7,5,3,10,0)
201:(7,0,false,6,6,true,true,3,3,12,12,4,12,true,false,false,1,1,7,5,3,14,0)
202:(7,0,false,6,6,true,true,3,3,12,12,4,12,true,false,false,2,2,7,5,3,2,0)
203:(7,0,false,6,7,true,true,3,4,12,16,0,0,true,false,false,1,1,7,5,3,11,0)
204:(7,0,false,6,7,true,true,3,4,12,16,0,0,true,false,false,1,1,7,5,3,14,0)
205:(7,0,false,6,7,true,true,3,4,12,16,0,0,true,false,false,2,2,7,6,4,2,0)
206:(7,0,false,6,7,true,true,3,4,12,16,0,4,true,false,false,1,1,7,5,3,10,0)
207:(7,0,false,6,7,true,true,3,4,12,16,0,4,true,false,false,1,1,7,5,3,11,0)
208:(7,0,false,6,7,true,true,3,4,12,16,0,4,true,false,false,1,1,7,5,3,14,0)
209:(7,0,false,6,7,true,true,3,4,12,16,0,4,true,false,false,2,2,7,6,4,2,0)
210:(7,0,false,6,7,true,true,3,4,12,16,0,8,true,false,false,1,1,7,5,3,10,0)
211:(7,0,false,6,7,true,true,3,4,12,16,0,8,true,false,false,1,1,7,5,3,11,0)
212:(7,0,false,6,7,true,true,3,4,12,16,0,8,true,false,false,1,1,7,5,3,14,0)
213:(7,0,false,6,7,true,true,3,4,12,16,0,8,true,false,false,2,2,7,6,4,2,0)
214:(7,0,false,6,7,true,true,3,4,12,16,0,12,false,false,false,1,1,7,5,3,10,0)
215:(7,0,false,6,7,true,true,3,4,12,16,0,12,false,false,false,1,1,7,5,3,14,0)
216:(7,0,false,6,7,true,true,3,4,12,16,0,12,false,false,false,2,2,7,6,4,2,0)
217:(7,0,false,6,7,true,true,3,4,12,16,0,12,true,false,false,1,1,7,5,3,10,0)
218:(7,0,false,6,7,true,true,3,4,12,16,0,12,true,false,false,1,1,7,5,3,14,0)
219:(7,0,false,6,7,true,true,3,4,12,16,0,12,true,false,false,2,2,7,6,4,2,0)
220:(7,0,false,6,7,true,true,3,4,12,16,4,0,true,false,false,1,1,7,5,3,11,0)
221:(7,0,false,6,7,true,true,3,4,12,16,4,0,true,false,false,1,1,7,5,3,14,0)
222:(7,0,false,6,7,true,true,3,4,12,16,4,0,true,false,false,2,2,7,6,4,2,0)
223:(7,0,false,6,7,true,true,3,4,12,16,4,4,true,false,false,1,1,7,5,3,10,0)
224:(7,0,false,6,7,true,true,3,4,12,16,4,4,true,false,false,1,1,7,5,3,11,0)
225:(7,0,false,6,7,true,true,3,4,12,16,4,4,true,false,false,1,1,7,5,3,14,0)
226:(7,0,false,6,7,true,true,3,4,12,16,4,4,true,false,false,2,2,7,6,4,2,0)
227:(7,0,false,6,7,true,true,3,4,12,16,4,8,true,false,false,1,1,7,5,3,10,0)
228:(7,0,false,6,7,true,true,3,4,12,16,4,8,true,false,false,1,1,7,5,3,11,0)
229:(7,0,false,6,7,true,true,3,4,12,16,4,8,true,false,false,1,1,7,5,3,14,0)
230:(7,0,false,6,7,true,true,3,4,12,16,4,8,true,false,false,2,2,7,6,4,2,0)
231:(7,0,false,6,7,true,true,3,4,12,16,4,12,false,false,false,1,1,7,5,3,10,0)
232:(7,0,false,6,7,true,true,3,4,12,16,4,12,false,false,false,1,1,7,5,3,14,0)
233:(7,0,false,6,7,true,true,3,4,12,16,4,12,false,false,false,2,2,7,6,4,2,0)
234:(7,0,false,6,7,true,true,3,4,12,16,4,12,true,false,false,1,1,7,5,3,10,0)
235:(7,0,false,6,7,true,true,3,4,12,16,4,12,true,false,false,1,1,7,5,3,14,0)
236:(7,0,false,6,7,true,true,3,4,12,16,4,12,true,false,false,2,2,7,6,4,2,0)
237:(7,0,false,7,7,true,true,4,4,16,16,0,0,true,false,false,1,1,7,6,4,11,0)
238:(7,0,false,7,7,true,true,4,4,16,16,0,0,true,false,false,1,1,7,6,4,14,0)
239:(7,0,false,7,7,true,true,4,4,16,16,0,4,true,false,false,1,1,7,6,4,10,0)
240:(7,0,false,7,7,true,true,4,4,16,16,0,4,true,false,false,1,1,7,6,4,11,0)
241:(7,0,false,7,7,true,true,4,4,16,16,0,4,true,false,false,1,1,7,6,4,14,0)
242:(7,0,false,7,7,true,true,4,4,16,16,0,8,true,false,false,1,1,7,6,4,10,0)
243:(7,0,false,7,7,true,true,4,4,16,16,0,8,true,false,false,1,1,7,6,4,11,0)
244:(7,0,false,7,7,true,true,4,4,16,16,0,8,true,false,false,1,1,7,6,4,14,0)
245:(7,0,false,7,7,true,true,4,4,16,16,0,12,true,false,false,1,1,7,6,4,10,0)
246:(7,0,false,7,7,true,true,4,4,16,16,0,12,true,false,false,1,1,7,6,4,11,0)
247:(7,0,false,7,7,true,true,4,4,16,16,0,12,true,false,false,1,1,7,6,4,14,0)
248:(7,0,false,7,7,true,true,4,4,16,16,0,16,false,false,false,1,1,7,6,4,10,0)
249:(7,0,false,7,7,true,true,4,4,16,16,0,16,false,false,false,1,1,7,6,4,14,0)
250:(7,0,false,7,7,true,true,4,4,16,16,0,16,true,false,false,1,1,7,6,4,10,0)
251:(7,0,false,7,7,true,true,4,4,16,16,0,16,true,false,false,1,1,7,6,4,14,0)
252:(7,0,false,7,7,true,true,4,4,16,16,4,0,true,false,false,1,1,7,6,4,11,0)
253:(7,0,false,7,7,true,true,4,4,16,16,4,0,true,false,false,1,1,7,6,4,14,0)
254:(7,0,false,7,7,true,true,4,4,16,16,4,4,true,false,false,1,1,7,6,4,10,0)
255:(7,0,false,7,7,true,true,4,4,16,16,4,4,true,false,false,1,1,7,6,4,11,0)
256:(7,0,false,7,7,true,true,4,4,16,16,4,4,true,false,false,1,1,7,6,4,14,0)
257:(7,0,false,7,7,true,true,4,4,16,16,4,8,true,false,false,1,1,7,6,4,10,0)
258:(7,0,false,7,7,true,true,4,4,16,16,4,8,true,false,false,1,1,7,6,4,11,0)
259:(7,0,false,7,7,true,true,4,4,16,16,4,8,true,false,false,1,1,7,6,4,14,0)
260:(7,0,false,7,7,true,true,4,4,16,16,4,12,true,false,false,1,1,7,6,4,10,0)
261:(7,0,false,7,7,true,true,4,4,16,16,4,12,true,false,false,1,1,7,6,4,11,0)
262:(7,0,false,7,7,true,true,4,4,16,16,4,12,true,false,false,1,1,7,6,4,14,0)
263:(7,0,false,7,7,true,true,4,4,16,16,4,16,false,false,false,1,1,7,6,4,10,0)
264:(7,0,false,7,7,true,true,4,4,16,16,4,16,false,false,false,1,1,7,6,4,14,0)
265:(7,0,false,7,7,true,true,4,4,16,16,4,16,true,false,false,1,1,7,6,4,10,0)
266:(7,0,false,7,7,true,true,4,4,16,16,4,16,true,false,false,1,1,7,6,4,14,0)
267:(7,0,true,4,3,true,true,1,0,4,0,4,0,true,false,false,2,2,7,3,1,6,0)
268:(7,0,true,4,3,true,true,1,0,4,0,4,4,false,false,false,2,2,7,3,1,6,0)
269:(7,0,true,4,3,true,true,1,0,4,0,4,4,true,false,false,2,2,7,3,1,6,0)
270:(7,0,true,4,4,true,true,1,1,4,4,0,0,true,false,false,2,2,7,4,2,6,0)
271:(7,0,true,4,4,true,true,1,1,4,4,0,4,false,false,false,2,2,7,4,2,6,0)
272:(7,0,true,4,4,true,true,1,1,4,4,0,4,true,false,false,2,2,7,4,2,6,0)
273:(7,0,true,4,4,true,true,1,1,4,4,4,0,true,false,false,2,2,7,4,2,6,0)
274:(7,0,true,4,4,true,true,1,1,4,4,4,4,false,false,false,2,2,7,4,2,6,0)
275:(7,0,true,4,4,true,true,1,1,4,4,4,4,true,false,false,2,2,7,4,2,6,0)
276:(7,0,true,6,5,true,true,3,2,12,8,4,0,true,false,false,2,2,7,5,3,6,0)
277:(7,0,true,6,5,true,true,3,2,12,8,4,4,true,false,false,2,2,7,5,3,6,0)
278:(7,0,true,6,5,true,true,3,2,12,8,4,8,true,false,false,2,2,7,5,3,6,0)
279:(7,0,true,6,5,true,true,3,2,12,8,4,12,false,false,false,2,2,7,5,3,6,0)
280:(7,0,true,6,5,true,true,3,2,12,8,4,12,true,false,false,2,2,7,5,3,6,0)
281:(7,0,true,6,6,true,true,3,3,12,12,0,0,true,false,false,2,2,7,6,4,6,0)
282:(7,0,true,6,6,true,true,3,3,12,12,0,4,true,false,false,2,2,7,6,4,6,0)
283:(7,0,true,6,6,true,true,3,3,12,12,0,8,true,false,false,2,2,7,6,4,6,0)
284:(7,0,true,6,6,true,true,3,3,12,12,0,12,false,false,false,2,2,7,6,4,6,0)
285:(7,0,true,6,6,true,true,3,3,12,12,0,12,true,false,false,2,2,7,6,4,6,0)
286:(7,0,true,6,6,true,true,3,3,12,12,4,0,true,false,false,2,2,7,6,4,6,0)
287:(7,0,true,6,6,true,true,3,3,12,12,4,4,true,false,false,2,2,7,6,4,6,0)
288:(7,0,true,6,6,true,true,3,3,12,12,4,8,true,false,false,2,2,7,6,4,6,0)
289:(7,0,true,6,6,true,true,3,3,12,12,4,12,false,false,false,2,2,7,6,4,6,0)
290:(7,0,true,6,6,true,true,3,3,12,12,4,12,true,false,false,2,2,7,6,4,6,0)
291:(8,0,false,7,7,true,true,4,4,16,16,0,0,true,false,false,0,0,0,0,0,2,0)
292:(8,0,false,7,7,true,true,4,4,16,16,0,4,true,false,false,0,0,0,0,0,2,0)
293:(8,0,false,7,7,true,true,4,4,16,16,0,8,true,false,false,0,0,0,0,0,2,0)
294:(8,0,false,7,7,true,true,4,4,16,16,0,12,true,false,false,0,0,0,0,0,2,0)
295:(8,0,false,7,7,true,true,4,4,16,16,0,16,false,false,false,0,0,0,0,0,2,0)
296:(8,0,false,7,7,true,true,4,4,16,16,0,16,true,false,false,0,0,0,0,0,2,0)
297:(8,0,false,7,7,true,true,4,4,16,16,4,0,true,false,false,0,0,0,0,0,2,0)
298:(8,0,false,7,7,true,true,4,4,16,16,4,4,true,false,false,0,0,0,0,0,2,0)
299:(8,0,false,7,7,true,true,4,4,16,16,4,8,true,false,false,0,0,0,0,0,2,0)
300:(8,0,false,7,7,true,true,4,4,16,16,4,12,true,false,false,0,0,0,0,0,2,0)
301:(8,0,false,7,7,true,true,4,4,16,16,4,16,false,false,false,0,0,0,0,0,2,0)
302:(8,0,false,7,7,true,true,4,4,16,16,4,16,true,false,false,0,0,0,0,0,2,0)
303:(8,0,false,7,8,true,true,4,4,16,16,0,0,true,false,true,2,2,8,7,0,2,0)
304:(8,0,false,7,8,true,true,4,4,16,16,0,4,true,false,true,2,2,8,7,0,2,0)
305:(8,0,false,7,8,true,true,4,4,16,16,0,8,true,false,true,2,2,8,7,0,2,0)
306:(8,0,false,7,8,true,true,4,4,16,16,0,12,true,false,true,2,2,8,7,0,2,0)
307:(8,0,false,7,8,true,true,4,4,16,16,0,16,false,false,true,2,2,8,7,0,2,0)
308:(8,0,false,7,8,true,true,4,4,16,16,0,16,true,false,true,2,2,8,7,0,2,0)
309:(8,0,false,7,8,true,true,4,4,16,16,4,0,true,false,true,2,2,8,7,0,2,0)
310:(8,0,false,7,8,true,true,4,4,16,16,4,4,true,false,true,2,2,8,7,0,2,0)
311:(8,0,false,7,8,true,true,4,4,16,16,4,8,true,false,true,2,2,8,7,0,2,0)
312:(8,0,false,7,8,true,true,4,4,16,16,4,12,true,false,true,2,2,8,7,0,2,0)
313:(8,0,false,7,8,true,true,4,4,16,16,4,16,false,false,true,2,2,8,7,0,2,0)
314:(8,0,false,7,8,true,true,4,4,16,16,4,16,true,false,true,2,2,8,7,0,2,0)
315:(8,0,false,8,7,true,true,4,4,16,16,0,0,true,true,false,1,1,8,7,0,1,0)
316:(8,0,false,8,7,true,true,4,4,16,16,0,4,true,true,false,1,1,8,7,0,1,0)
317:(8,0,false,8,7,true,true,4,4,16,16,0,8,true,true,false,1,1,8,7,0,1,0)
318:(8,0,false,8,7,true,true,4,4,16,16,0,12,true,true,false,1,1,8,7,0,1,0)
319:(8,0,false,8,7,true,true,4,4,16,16,0,16,false,true,false,1,1,8,7,0,1,0)
320:(8,0,false,8,7,true,true,4,4,16,16,0,16,true,true,false,1,1,8,7,0,1,0)
321:(8,0,false,8,7,true,true,4,4,16,16,4,0,true,true,false,1,1,8,7,0,1,0)
322:(8,0,false,8,7,true,true,4,4,16,16,4,4,true,true,false,1,1,8,7,0,1,0)
323:(8,0,false,8,7,true,true,4,4,16,16,4,8,true,true,false,1,1,8,7,0,1,0)
324:(8,0,false,8,7,true,true,4,4,16,16,4,12,true,true,false,1,1,8,7,0,1,0)
325:(8,0,false,8,7,true,true,4,4,16,16,4,16,false,true,false,1,1,8,7,0,1,0)
326:(8,0,false,8,7,true,true,4,4,16,16,4,16,true,true,false,1,1,8,7,0,1,0)
327:(8,0,false,8,8,true,true,4,4,16,16,0,0,true,true,true,1,1,8,7,0,1,0)
328:(8,0,false,8,8,true,true,4,4,16,16,0,0,true,true,true,2,2,8,7,0,2,0)
329:(8,0,false,8,8,true,true,4,4,16,16,0,4,true,true,true,1,1,8,7,0,1,0)
330:(8,0,false,8,8,true,true,4,4,16,16,0,4,true,true,true,2,2,8,7,0,2,0)
331:(8,0,false,8,8,true,true,4,4,16,16,0,8,true,true,true,1,1,8,7,0,1,0)
332:(8,0,false,8,8,true,true,4,4,16,16,0,8,true,true,true,2,2,8,7,0,2,0)
333:(8,0,false,8,8,true,true,4,4,16,16,0,12,true,true,true,1,1,8,7,0,1,0)
334:(8,0,false,8,8,true,true,4,4,16,16,0,12,true,true,true,2,2,8,7,0,2,0)
335:(8,0,false,8,8,true,true,4,4,16,16,0,16,false,true,true,1,1,8,7,0,1,0)
336:(8,0,false,8,8,true,true,4,4,16,16,0,16,false,true,true,2,2,8,7,0,2,0)
337:(8,0,false,8,8,true,true,4,4,16,16,0,16,true,true,true,1,1,8,7,0,1,0)
338:(8,0,false,8,8,true,true,4,4,16,16,0,16,true,true,true,2,2,8,7,0,2,0)
339:(8,0,false,8,8,true,true,4,4,16,16,4,0,true,true,true,1,1,8,7,0,1,0)
340:(8,0,false,8,8,true,true,4,4,16,16,4,0,true,true,true,2,2,8,7,0,2,0)
341:(8,0,false,8,8,true,true,4,4,16,16,4,4,true,true,true,1,1,8,7,0,1,0)
342:(8,0,false,8,8,true,true,4,4,16,16,4,4,true,true,true,2,2,8,7,0,2,0)
343:(8,0,false,8,8,true,true,4,4,16,16,4,8,true,true,true,1,1,8,7,0,1,0)
344:(8,0,false,8,8,true,true,4,4,16,16,4,8,true,true,true,2,2,8,7,0,2,0)
345:(8,0,false,8,8,true,true,4,4,16,16,4,12,true,true,true,1,1,8,7,0,1,0)
346:(8,0,false,8,8,true,true,4,4,16,16,4,12,true,true,true,2,2,8,7,0,2,0)
347:(8,0,false,8,8,true,true,4,4,16,16,4,16,false,true,true,1,1,8,7,0,1,0)
348:(8,0,false,8,8,true,true,4,4,16,16,4,16,false,true,true,2,2,8,7,0,2,0)
349:(8,0,false,8,8,true,true,4,4,16,16,4,16,true,true,true,1,1,8,7,0,1,0)
350:(8,0,false,8,8,true,true,4,4,16,16,4,16,true,true,true,2,2,8,7,0,2,0)
351:(8,0,true,8,7,true,true,4,4,16,16,0,0,true,true,false,2,2,8,7,0,6,0)
352:(8,0,true,8,7,true,true,4,4,16,16,0,4,true,true,false,2,2,8,7,0,6,0)
353:(8,0,true,8,7,true,true,4,4,16,16,0,8,true,true,false,2,2,8,7,0,6,0)
354:(8,0,true,8,7,true,true,4,4,16,16,0,12,true,true,false,2,2,8,7,0,6,0)
355:(8,0,true,8,7,true,true,4,4,16,16,0,16,false,true,false,2,2,8,7,0,6,0)
356:(8,0,true,8,7,true,true,4,4,16,16,0,16,true,true,false,2,2,8,7,0,6,0)
357:(8,0,true,8,7,true,true,4,4,16,16,4,0,true,true,false,2,2,8,7,0,6,0)
358:(8,0,true,8,7,true,true,4,4,16,16,4,4,true,true,false,2,2,8,7,0,6,0)
359:(8,0,true,8,7,true,true,4,4,16,16,4,8,true,true,false,2,2,8,7,0,6,0)
360:(8,0,true,8,7,true,true,4,4,16,16,4,12,true,true,false,2,2,8,7,0,6,0)
361:(8,0,true,8,7,true,true,4,4,16,16,4,16,false,true,false,2,2,8,7,0,6,0)
362:(8,0,true,8,7,true,true,4,4,16,16,4,16,true,true,false,2,2,8,7,0,6,0)
363:(9,1,false,8,8,true,true,4,4,16,16,0,0,true,true,true,0,0,0,0,0,12,0)
364:(9,1,false,8,8,true,true,4,4,16,16,0,4,true,true,true,0,0,0,0,0,12,0)
365:(9,1,false,8,8,true,true,4,4,16,16,0,8,true,true,true,0,0,0,0,0,12,0)
366:(9,1,false,8,8,true,true,4,4,16,16,0,12,true,true,true,0,0,0,0,0,12,0)
367:(9,1,false,8,8,true,true,4,4,16,16,0,16,false,true,true,0,0,0,0,0,12,0)
368:(9,1,false,8,8,true,true,4,4,16,16,0,16,true,true,true,0,0,0,0,0,12,0)
369:(9,1,false,8,8,true,true,4,4,16,16,4,0,true,true,true,0,0,0,0,0,12,0)
370:(9,1,false,8,8,true,true,4,4,16,16,4,4,true,true,true,0,0,0,0,0,12,0)
371:(9,1,false,8,8,true,true,4,4,16,16,4,8,true,true,true,0,0,0,0,0,12,0)
372:(9,1,false,8,8,true,true,4,4,16,16,4,12,true,true,true,0,0,0,0,0,12,0)
373:(9,1,false,8,8,true,true,4,4,16,16,4,16,false,true,true,0,0,0,0,0,12,0)
374:(9,1,false,8,8,true,true,4,4,16,16,4,16,true,true,true,0,0,0,0,0,12,0)
375:(9,2,false,0,0,false,false,0,0,0,0,0,0,false,false,false,2,1,2,0,0,15,4)
376:(9,2,false,0,0,false,false,0,0,0,0,0,0,false,false,false,2,2,2,0,0,3,1)
377:(9,2,false,0,0,false,false,0,0,0,0,0,0,false,false,false,2,2,2,0,0,4,3)
378:(9,2,false,0,0,false,false,0,0,0,0,0,0,false,false,false,2,2,2,1,0,5,2)
379:(9,2,false,1,1,false,false,0,0,0,0,0,0,false,false,false,2,1,4,1,0,15,4)
380:(9,2,false,1,1,false,false,0,0,0,0,0,0,false,false,false,2,2,4,0,0,4,3)
381:(9,2,false,1,1,false,false,0,0,0,0,0,0,false,false,false,2,2,4,1,0,3,1)
382:(9,2,false,1,1,false,false,0,0,0,0,0,0,false,false,false,2,2,4,2,0,5,2)
383:(9,2,false,2,2,false,false,0,0,0,0,0,0,false,false,false,2,2,6,2,0,3,5)
384:(9,2,false,2,2,false,false,0,0,0,0,0,0,false,false,false,2,2,6,3,0,5,2)
385:(9,2,false,3,2,true,false,0,0,0,0,0,0,false,false,false,2,2,6,2,0,3,5)
386:(9,2,false,3,2,true,false,0,0,0,0,0,0,false,false,false,2,2,6,3,0,5,2)
387:(9,2,false,3,2,true,false,0,0,0,0,0,0,true,false,false,2,2,6,2,0,3,5)
388:(9,2,false,3,2,true,false,0,0,0,0,0,0,true,false,false,2,2,6,3,0,5,2)
389:(9,2,false,3,3,true,true,0,0,0,0,0,0,false,false,false,2,1,7,3,1,15,4)
390:(9,2,false,3,3,true,true,0,0,0,0,0,0,false,false,false,2,2,7,3,1,3,5)
391:(9,2,false,3,3,true,true,0,0,0,0,0,0,false,false,false,2,2,7,4,2,5,2)
392:(9,2,false,3,3,true,true,0,0,0,0,0,0,true,false,false,2,1,7,3,1,15,4)
393:(9,2,false,3,3,true,true,0,0,0,0,0,0,true,false,false,2,2,7,3,1,3,5)
394:(9,2,false,3,3,true,true,0,0,0,0,0,0,true,false,false,2,2,7,4,2,5,2)
395:(9,2,false,3,4,true,true,0,1,0,4,0,0,false,false,false,2,1,7,4,2,15,4)
396:(9,2,false,3,4,true,true,0,1,0,4,0,0,false,false,false,2,2,7,3,1,4,3)
397:(9,2,false,3,4,true,true,0,1,0,4,0,0,false,false,false,2,2,7,4,2,3,5)
398:(9,2,false,3,4,true,true,0,1,0,4,0,0,false,false,false,2,2,7,5,3,5,2)
399:(9,2,false,3,4,true,true,0,1,0,4,0,0,true,false,false,2,1,7,4,2,15,4)
400:(9,2,false,3,4,true,true,0,1,0,4,0,0,true,false,false,2,2,7,3,1,4,3)
401:(9,2,false,3,4,true,true,0,1,0,4,0,0,true,false,false,2,2,7,4,2,3,5)
402:(9,2,false,3,4,true,true,0,1,0,4,0,0,true,false,false,2,2,7,5,3,5,2)
403:(9,2,false,3,5,true,true,0,2,0,8,0,0,false,false,false,2,1,7,5,3,15,4)
404:(9,2,false,3,5,true,true,0,2,0,8,0,0,false,false,false,2,2,7,4,2,4,3)
405:(9,2,false,3,5,true,true,0,2,0,8,0,0,false,false,false,2,2,7,5,3,3,5)
406:(9,2,false,3,5,true,true,0,2,0,8,0,0,false,false,false,2,2,7,6,4,5,2)
407:(9,2,false,3,5,true,true,0,2,0,8,0,0,true,false,false,2,1,7,5,3,15,4)
408:(9,2,false,3,5,true,true,0,2,0,8,0,0,true,false,false,2,2,7,4,2,4,3)
409:(9,2,false,3,5,true,true,0,2,0,8,0,0,true,false,false,2,2,7,5,3,3,5)
410:(9,2,false,3,5,true,true,0,2,0,8,0,0,true,false,false,2,2,7,6,4,5,2)
411:(9,2,false,3,6,true,true,0,3,0,12,0,0,false,false,false,2,1,7,6,4,15,4)
412:(9,2,false,3,6,true,true,0,3,0,12,0,0,false,false,false,2,2,7,5,3,4,3)
413:(9,2,false,3,6,true,true,0,3,0,12,0,0,false,false,false,2,2,7,6,4,3,5)
414:(9,2,false,3,6,true,true,0,3,0,12,0,0,false,false,false,2,2,7,7,5,5,2)
415:(9,2,false,3,6,true,true,0,3,0,12,0,0,true,false,false,2,1,7,6,4,15,4)
416:(9,2,false,3,6,true,true,0,3,0,12,0,0,true,false,false,2,2,7,5,3,4,3)
417:(9,2,false,3,6,true,true,0,3,0,12,0,0,true,false,false,2,2,7,6,4,3,5)
418:(9,2,false,3,6,true,true,0,3,0,12,0,0,true,false,false,2,2,7,7,5,5,2)
419:(9,2,false,3,7,true,true,0,4,0,16,0,0,false,false,false,2,2,7,6,4,4,3)
420:(9,2,false,3,7,true,true,0,4,0,16,0,0,true,false,false,2,2,7,6,4,4,3)
421:(9,2,false,4,3,true,true,1,0,4,0,4,0,true,false,false,2,1,7,3,1,15,4)
422:(9,2,false,4,3,true,true,1,0,4,0,4,0,true,false,false,2,2,7,3,1,3,5)
423:(9,2,false,4,3,true,true,1,0,4,0,4,0,true,false,false,2,2,7,4,2,5,2)
424:(9,2,false,4,3,true,true,1,0,4,0,4,4,false,false,false,2,1,7,3,1,15,4)
425:(9,2,false,4,3,true,true,1,0,4,0,4,4,false,false,false,2,2,7,3,1,3,5)
426:(9,2,false,4,3,true,true,1,0,4,0,4,4,false,false,false,2,2,7,4,2,5,2)
427:(9,2,false,4,3,true,true,1,0,4,0,4,4,true,false,false,2,1,7,3,1,15,4)
428:(9,2,false,4,3,true,true,1,0,4,0,4,4,true,false,false,2,2,7,3,1,3,5)
429:(9,2,false,4,3,true,true,1,0,4,0,4,4,true,false,false,2,2,7,4,2,5,2)
430:(9,2,false,4,4,true,true,1,1,4,4,0,0,true,false,false,2,1,7,4,2,15,4)
431:(9,2,false,4,4,true,true,1,1,4,4,0,0,true,false,false,2,2,7,3,1,4,3)
432:(9,2,false,4,4,true,true,1,1,4,4,0,0,true,false,false,2,2,7,4,2,3,5)
433:(9,2,false,4,4,true,true,1,1,4,4,0,0,true,false,false,2,2,7,5,3,5,2)
434:(9,2,false,4,4,true,true,1,1,4,4,0,4,false,false,false,2,1,7,4,2,15,4)
435:(9,2,false,4,4,true,true,1,1,4,4,0,4,false,false,false,2,2,7,3,1,4,3)
436:(9,2,false,4,4,true,true,1,1,4,4,0,4,false,false,false,2,2,7,4,2,3,5)
437:(9,2,false,4,4,true,true,1,1,4,4,0,4,false,false,false,2,2,7,5,3,5,2)
438:(9,2,false,4,4,true,true,1,1,4,4,0,4,true,false,false,2,1,7,4,2,15,4)
439:(9,2,false,4,4,true,true,1,1,4,4,0,4,true,false,false,2,2,7,3,1,4,3)
440:(9,2,false,4,4,true,true,1,1,4,4,0,4,true,false,false,2,2,7,4,2,3,5)
441:(9,2,false,4,4,true,true,1,1,4,4,0,4,true,false,false,2,2,7,5,3,5,2)
442:(9,2,false,4,4,true,true,1,1,4,4,4,0,true,false,false,2,1,7,4,2,15,4)
443:(9,2,false,4,4,true,true,1,1,4,4,4,0,true,false,false,2,2,7,3,1,4,3)
444:(9,2,false,4,4,true,true,1,1,4,4,4,0,true,false,false,2,2,7,4,2,3,5)
445:(9,2,false,4,4,true,true,1,1,4,4,4,0,true,false,false,2,2,7,5,3,5,2)
446:(9,2,false,4,4,true,true,1,1,4,4,4,4,false,false,false,2,1,7,4,2,15,4)
447:(9,2,false,4,4,true,true,1,1,4,4,4,4,false,false,false,2,2,7,3,1,4,3)
448:(9,2,false,4,4,true,true,1,1,4,4,4,4,false,false,false,2,2,7,4,2,3,5)
449:(9,2,false,4,4,true,true,1,1,4,4,4,4,false,false,false,2,2,7,5,3,5,2)
450:(9,2,false,4,4,true,true,1,1,4,4,4,4,true,false,false,2,1,7,4,2,15,4)
451:(9,2,false,4,4,true,true,1,1,4,4,4,4,true,false,false,2,2,7,3,1,4,3)
452:(9,2,false,4,4,true,true,1,1,4,4,4,4,true,false,false,2,2,7,4,2,3,5)
453:(9,2,false,4,4,true,true,1,1,4,4,4,4,true,false,false,2,2,7,5,3,5,2)
454:(9,2,false,4,5,true,true,1,2,4,8,0,0,true,false,false,2,1,7,5,3,15,4)
455:(9,2,false,4,5,true,true,1,2,4,8,0,0,true,false,false,2,2,7,4,2,4,3)
456:(9,2,false,4,5,true,true,1,2,4,8,0,0,true,false,false,2,2,7,5,3,3,5)
457:(9,2,false,4,5,true,true,1,2,4,8,0,0,true,false,false,2,2,7,6,4,5,2)
458:(9,2,false,4,5,true,true,1,2,4,8,0,4,false,false,false,2,1,7,5,3,15,4)
459:(9,2,false,4,5,true,true,1,2,4,8,0,4,false,false,false,2,2,7,4,2,4,3)
460:(9,2,false,4,5,true,true,1,2,4,8,0,4,false,false,false,2,2,7,5,3,3,5)
461:(9,2,false,4,5,true,true,1,2,4,8,0,4,false,false,false,2,2,7,6,4,5,2)
462:(9,2,false,4,5,true,true,1,2,4,8,0,4,true,false,false,2,1,7,5,3,15,4)
463:(9,2,false,4,5,true,true,1,2,4,8,0,4,true,false,false,2,2,7,4,2,4,3)
464:(9,2,false,4,5,true,true,1,2,4,8,0,4,true,false,false,2,2,7,5,3,3,5)
465:(9,2,false,4,5,true,true,1,2,4,8,0,4,true,false,false,2,2,7,6,4,5,2)
466:(9,2,false,4,5,true,true,1,2,4,8,4,0,true,false,false,2,1,7,5,3,15,4)
467:(9,2,false,4,5,true,true,1,2,4,8,4,0,true,false,false,2,2,7,4,2,4,3)
468:(9,2,false,4,5,true,true,1,2,4,8,4,0,true,false,false,2,2,7,5,3,3,5)
469:(9,2,false,4,5,true,true,1,2,4,8,4,0,true,false,false,2,2,7,6,4,5,2)
470:(9,2,false,4,5,true,true,1,2,4,8,4,4,false,false,false,2,1,7,5,3,15,4)
471:(9,2,false,4,5,true,true,1,2,4,8,4,4,false,false,false,2,2,7,4,2,4,3)
472:(9,2,false,4,5,true,true,1,2,4,8,4,4,false,false,false,2,2,7,5,3,3,5)
473:(9,2,false,4,5,true,true,1,2,4,8,4,4,false,false,false,2,2,7,6,4,5,2)
474:(9,2,false,4,5,true,true,1,2,4,8,4,4,true,false,false,2,1,7,5,3,15,4)
475:(9,2,false,4,5,true,true,1,2,4,8,4,4,true,false,false,2,2,7,4,2,4,3)
476:(9,2,false,4,5,true,true,1,2,4,8,4,4,true,false,false,2,2,7,5,3,3,5)
477:(9,2,false,4,5,true,true,1,2,4,8,4,4,true,false,false,2,2,7,6,4,5,2)
478:(9,2,false,4,6,true,true,1,3,4,12,0,0,true,false,false,2,1,7,6,4,15,4)
479:(9,2,false,4,6,true,true,1,3,4,12,0,0,true,false,false,2,2,7,5,3,4,3)
480:(9,2,false,4,6,true,true,1,3,4,12,0,0,true,false,false,2,2,7,6,4,3,5)
481:(9,2,false,4,6,true,true,1,3,4,12,0,0,true,false,false,2,2,7,7,5,5,2)
482:(9,2,false,4,6,true,true,1,3,4,12,0,4,false,false,false,2,1,7,6,4,15,4)
483:(9,2,false,4,6,true,true,1,3,4,12,0,4,false,false,false,2,2,7,5,3,4,3)
484:(9,2,false,4,6,true,true,1,3,4,12,0,4,false,false,false,2,2,7,6,4,3,5)
485:(9,2,false,4,6,true,true,1,3,4,12,0,4,false,false,false,2,2,7,7,5,5,2)
486:(9,2,false,4,6,true,true,1,3,4,12,0,4,true,false,false,2,1,7,6,4,15,4)
487:(9,2,false,4,6,true,true,1,3,4,12,0,4,true,false,false,2,2,7,5,3,4,3)
488:(9,2,false,4,6,true,true,1,3,4,12,0,4,true,false,false,2,2,7,6,4,3,5)
489:(9,2,false,4,6,true,true,1,3,4,12,0,4,true,false,false,2,2,7,7,5,5,2)
490:(9,2,false,4,6,true,true,1,3,4,12,4,0,true,false,false,2,1,7,6,4,15,4)
491:(9,2,false,4,6,true,true,1,3,4,12,4,0,true,false,false,2,2,7,5,3,4,3)
492:(9,2,false,4,6,true,true,1,3,4,12,4,0,true,false,false,2,2,7,6,4,3,5)
493:(9,2,false,4,6,true,true,1,3,4,12,4,0,true,false,false,2,2,7,7,5,5,2)
494:(9,2,false,4,6,true,true,1,3,4,12,4,4,false,false,false,2,1,7,6,4,15,4)
495:(9,2,false,4,6,true,true,1,3,4,12,4,4,false,false,false,2,2,7,5,3,4,3)
496:(9,2,false,4,6,true,true,1,3,4,12,4,4,false,false,false,2,2,7,6,4,3,5)
497:(9,2,false,4,6,true,true,1,3,4,12,4,4,false,false,false,2,2,7,7,5,5,2)
498:(9,2,false,4,6,true,true,1,3,4,12,4,4,true,false,false,2,1,7,6,4,15,4)
499:(9,2,false,4,6,true,true,1,3,4,12,4,4,true,false,false,2,2,7,5,3,4,3)
500:(9,2,false,4,6,true,true,1,3,4,12,4,4,true,false,false,2,2,7,6,4,3,5)
501:(9,2,false,4,6,true,true,1,3,4,12,4,4,true,false,false,2,2,7,7,5,5,2)
502:(9,2,false,4,7,true,true,1,4,4,16,0,0,true,false,false,2,2,7,6,4,4,3)
503:(9,2,false,4,7,true,true,1,4,4,16,0,4,false,false,false,2,2,7,6,4,4,3)
504:(9,2,false,4,7,true,true,1,4,4,16,0,4,true,false,false,2,2,7,6,4,4,3)
505:(9,2,false,4,7,true,true,1,4,4,16,4,0,true,false,false,2,2,7,6,4,4,3)
506:(9,2,false,4,7,true,true,1,4,4,16,4,4,false,false,false,2,2,7,6,4,4,3)
507:(9,2,false,4,7,true,true,1,4,4,16,4,4,true,false,false,2,2,7,6,4,4,3)
508:(9,2,false,5,5,true,true,2,2,8,8,0,0,true,false,false,2,1,7,5,3,15,4)
509:(9,2,false,5,5,true,true,2,2,8,8,0,0,true,false,false,2,2,7,4,2,4,3)
510:(9,2,false,5,5,true,true,2,2,8,8,0,0,true,false,false,2,2,7,5,3,3,5)
511:(9,2,false,5,5,true,true,2,2,8,8,0,0,true,false,false,2,2,7,6,4,5,2)
512:(9,2,false,5,5,true,true,2,2,8,8,0,4,true,false,false,2,1,7,5,3,15,4)
513:(9,2,false,5,5,true,true,2,2,8,8,0,4,true,false,false,2,2,7,4,2,4,3)
514:(9,2,false,5,5,true,true,2,2,8,8,0,4,true,false,false,2,2,7,5,3,3,5)
515:(9,2,false,5,5,true,true,2,2,8,8,0,4,true,false,false,2,2,7,6,4,5,2)
516:(9,2,false,5,5,true,true,2,2,8,8,0,8,false,false,false,2,1,7,5,3,15,4)
517:(9,2,false,5,5,true,true,2,2,8,8,0,8,false,false,false,2,2,7,4,2,4,3)
518:(9,2,false,5,5,true,true,2,2,8,8,0,8,false,false,false,2,2,7,5,3,3,5)
519:(9,2,false,5,5,true,true,2,2,8,8,0,8,false,false,false,2,2,7,6,4,5,2)
520:(9,2,false,5,5,true,true,2,2,8,8,0,8,true,false,false,2,1,7,5,3,15,4)
521:(9,2,false,5,5,true,true,2,2,8,8,0,8,true,false,false,2,2,7,4,2,4,3)
522:(9,2,false,5,5,true,true,2,2,8,8,0,8,true,false,false,2,2,7,5,3,3,5)
523:(9,2,false,5,5,true,true,2,2,8,8,0,8,true,false,false,2,2,7,6,4,5,2)
524:(9,2,false,5,5,true,true,2,2,8,8,4,0,true,false,false,2,1,7,5,3,15,4)
525:(9,2,false,5,5,true,true,2,2,8,8,4,0,true,false,false,2,2,7,4,2,4,3)
526:(9,2,false,5,5,true,true,2,2,8,8,4,0,true,false,false,2,2,7,5,3,3,5)
527:(9,2,false,5,5,true,true,2,2,8,8,4,0,true,false,false,2,2,7,6,4,5,2)
528:(9,2,false,5,5,true,true,2,2,8,8,4,4,true,false,false,2,1,7,5,3,15,4)
529:(9,2,false,5,5,true,true,2,2,8,8,4,4,true,false,false,2,2,7,4,2,4,3)
530:(9,2,false,5,5,true,true,2,2,8,8,4,4,true,false,false,2,2,7,5,3,3,5)
531:(9,2,false,5,5,true,true,2,2,8,8,4,4,true,false,false,2,2,7,6,4,5,2)
532:(9,2,false,5,5,true,true,2,2,8,8,4,8,false,false,false,2,1,7,5,3,15,4)
533:(9,2,false,5,5,true,true,2,2,8,8,4,8,false,false,false,2,2,7,4,2,4,3)
534:(9,2,false,5,5,true,true,2,2,8,8,4,8,false,false,false,2,2,7,5,3,3,5)
535:(9,2,false,5,5,true,true,2,2,8,8,4,8,false,false,false,2,2,7,6,4,5,2)
536:(9,2,false,5,5,true,true,2,2,8,8,4,8,true,false,false,2,1,7,5,3,15,4)
537:(9,2,false,5,5,true,true,2,2,8,8,4,8,true,false,false,2,2,7,4,2,4,3)
538:(9,2,false,5,5,true,true,2,2,8,8,4,8,true,false,false,2,2,7,5,3,3,5)
539:(9,2,false,5,5,true,true,2,2,8,8,4,8,true,false,false,2,2,7,6,4,5,2)
540:(9,2,false,5,6,true,true,2,3,8,12,0,0,true,false,false,2,1,7,6,4,15,4)
541:(9,2,false,5,6,true,true,2,3,8,12,0,0,true,false,false,2,2,7,5,3,4,3)
542:(9,2,false,5,6,true,true,2,3,8,12,0,0,true,false,false,2,2,7,6,4,3,5)
543:(9,2,false,5,6,true,true,2,3,8,12,0,0,true,false,false,2,2,7,7,5,5,2)
544:(9,2,false,5,6,true,true,2,3,8,12,0,4,true,false,false,2,1,7,6,4,15,4)
545:(9,2,false,5,6,true,true,2,3,8,12,0,4,true,false,false,2,2,7,5,3,4,3)
546:(9,2,false,5,6,true,true,2,3,8,12,0,4,true,false,false,2,2,7,6,4,3,5)
547:(9,2,false,5,6,true,true,2,3,8,12,0,4,true,false,false,2,2,7,7,5,5,2)
548:(9,2,false,5,6,true,true,2,3,8,12,0,8,false,false,false,2,1,7,6,4,15,4)
549:(9,2,false,5,6,true,true,2,3,8,12,0,8,false,false,false,2,2,7,5,3,4,3)
550:(9,2,false,5,6,true,true,2,3,8,12,0,8,false,false,false,2,2,7,6,4,3,5)
551:(9,2,false,5,6,true,true,2,3,8,12,0,8,false,false,false,2,2,7,7,5,5,2)
552:(9,2,false,5,6,true,true,2,3,8,12,0,8,true,false,false,2,1,7,6,4,15,4)
553:(9,2,false,5,6,true,true,2,3,8,12,0,8,true,false,false,2,2,7,5,3,4,3)
554:(9,2,false,5,6,true,true,2,3,8,12,0,8,true,false,false,2,2,7,6,4,3,5)
555:(9,2,false,5,6,true,true,2,3,8,12,0,8,true,false,false,2,2,7,7,5,5,2)
556:(9,2,false,5,6,true,true,2,3,8,12,4,0,true,false,false,2,1,7,6,4,15,4)
557:(9,2,false,5,6,true,true,2,3,8,12,4,0,true,false,false,2,2,7,5,3,4,3)
558:(9,2,false,5,6,true,true,2,3,8,12,4,0,true,false,false,2,2,7,6,4,3,5)
559:(9,2,false,5,6,true,true,2,3,8,12,4,0,true,false,false,2,2,7,7,5,5,2)
560:(9,2,false,5,6,true,true,2,3,8,12,4,4,true,false,false,2,1,7,6,4,15,4)
561:(9,2,false,5,6,true,true,2,3,8,12,4,4,true,false,false,2,2,7,5,3,4,3)
562:(9,2,false,5,6,true,true,2,3,8,12,4,4,true,false,false,2,2,7,6,4,3,5)
563:(9,2,false,5,6,true,true,2,3,8,12,4,4,true,false,false,2,2,7,7,5,5,2)
564:(9,2,false,5,6,true,true,2,3,8,12,4,8,false,false,false,2,1,7,6,4,15,4)
565:(9,2,false,5,6,true,true,2,3,8,12,4,8,false,false,false,2,2,7,5,3,4,3)
566:(9,2,false,5,6,true,true,2,3,8,12,4,8,false,false,false,2,2,7,6,4,3,5)
567:(9,2,false,5,6,true,true,2,3,8,12,4,8,false,false,false,2,2,7,7,5,5,2)
568:(9,2,false,5,6,true,true,2,3,8,12,4,8,true,false,false,2,1,7,6,4,15,4)
569:(9,2,false,5,6,true,true,2,3,8,12,4,8,true,false,false,2,2,7,5,3,4,3)
570:(9,2,false,5,6,true,true,2,3,8,12,4,8,true,false,false,2,2,7,6,4,3,5)
571:(9,2,false,5,6,true,true,2,3,8,12,4,8,true,false,false,2,2,7,7,5,5,2)
572:(9,2,false,5,7,true,true,2,4,8,16,0,0,true,false,false,2,2,7,6,4,4,3)
573:(9,2,false,5,7,true,true,2,4,8,16,0,4,true,false,false,2,2,7,6,4,4,3)
574:(9,2,false,5,7,true,true,2,4,8,16,0,8,false,false,false,2,2,7,6,4,4,3)
575:(9,2,false,5,7,true,true,2,4,8,16,0,8,true,false,false,2,2,7,6,4,4,3)
576:(9,2,false,5,7,true,true,2,4,8,16,4,0,true,false,false,2,2,7,6,4,4,3)
577:(9,2,false,5,7,true,true,2,4,8,16,4,4,true,false,false,2,2,7,6,4,4,3)
578:(9,2,false,5,7,true,true,2,4,8,16,4,8,false,false,false,2,2,7,6,4,4,3)
579:(9,2,false,5,7,true,true,2,4,8,16,4,8,true,false,false,2,2,7,6,4,4,3)
580:(9,2,false,6,5,true,true,3,2,12,8,4,0,true,false,false,2,1,7,5,3,15,4)
581:(9,2,false,6,5,true,true,3,2,12,8,4,0,true,false,false,2,2,7,4,2,4,3)
582:(9,2,false,6,5,true,true,3,2,12,8,4,0,true,false,false,2,2,7,5,3,3,5)
583:(9,2,false,6,5,true,true,3,2,12,8,4,0,true,false,false,2,2,7,6,4,5,2)
584:(9,2,false,6,5,true,true,3,2,12,8,4,4,true,false,false,2,1,7,5,3,15,4)
585:(9,2,false,6,5,true,true,3,2,12,8,4,4,true,false,false,2,2,7,4,2,4,3)
586:(9,2,false,6,5,true,true,3,2,12,8,4,4,true,false,false,2,2,7,5,3,3,5)
587:(9,2,false,6,5,true,true,3,2,12,8,4,4,true,false,false,2,2,7,6,4,5,2)
588:(9,2,false,6,5,true,true,3,2,12,8,4,8,true,false,false,2,1,7,5,3,15,4)
589:(9,2,false,6,5,true,true,3,2,12,8,4,8,true,false,false,2,2,7,4,2,4,3)
590:(9,2,false,6,5,true,true,3,2,12,8,4,8,true,false,false,2,2,7,5,3,3,5)
591:(9,2,false,6,5,true,true,3,2,12,8,4,8,true,false,false,2,2,7,6,4,5,2)
592:(9,2,false,6,5,true,true,3,2,12,8,4,12,false,false,false,2,1,7,5,3,15,4)
593:(9,2,false,6,5,true,true,3,2,12,8,4,12,false,false,false,2,2,7,4,2,4,3)
594:(9,2,false,6,5,true,true,3,2,12,8,4,12,false,false,false,2,2,7,5,3,3,5)
595:(9,2,false,6,5,true,true,3,2,12,8,4,12,false,false,false,2,2,7,6,4,5,2)
596:(9,2,false,6,5,true,true,3,2,12,8,4,12,true,false,false,2,1,7,5,3,15,4)
597:(9,2,false,6,5,true,true,3,2,12,8,4,12,true,false,false,2,2,7,4,2,4,3)
598:(9,2,false,6,5,true,true,3,2,12,8,4,12,true,false,false,2,2,7,5,3,3,5)
599:(9,2,false,6,5,true,true,3,2,12,8,4,12,true,false,false,2,2,7,6,4,5,2)
600:(9,2,false,6,6,true,true,3,3,12,12,0,0,true,false,false,2,1,7,6,4,15,4)
601:(9,2,false,6,6,true,true,3,3,12,12,0,0,true,false,false,2,2,7,5,3,4,3)
602:(9,2,false,6,6,true,true,3,3,12,12,0,0,true,false,false,2,2,7,6,4,3,5)
603:(9,2,false,6,6,true,true,3,3,12,12,0,0,true,false,false,2,2,7,7,5,5,2)
604:(9,2,false,6,6,true,true,3,3,12,12,0,4,true,false,false,2,1,7,6,4,15,4)
605:(9,2,false,6,6,true,true,3,3,12,12,0,4,true,false,false,2,2,7,5,3,4,3)
606:(9,2,false,6,6,true,true,3,3,12,12,0,4,true,false,false,2,2,7,6,4,3,5)
607:(9,2,false,6,6,true,true,3,3,12,12,0,4,true,false,false,2,2,7,7,5,5,2)
608:(9,2,false,6,6,true,true,3,3,12,12,0,8,true,false,false,2,1,7,6,4,15,4)
609:(9,2,false,6,6,true,true,3,3,12,12,0,8,true,false,false,2,2,7,5,3,4,3)
610:(9,2,false,6,6,true,true,3,3,12,12,0,8,true,false,false,2,2,7,6,4,3,5)
611:(9,2,false,6,6,true,true,3,3,12,12,0,8,true,false,false,2,2,7,7,5,5,2)
612:(9,2,false,6,6,true,true,3,3,12,12,0,12,false,false,false,2,1,7,6,4,15,4)
613:(9,2,false,6,6,true,true,3,3,12,12,0,12,false,false,false,2,2,7,5,3,4,3)
614:(9,2,false,6,6,true,true,3,3,12,12,0,12,false,false,false,2,2,7,6,4,3,5)
615:(9,2,false,6,6,true,true,3,3,12,12,0,12,false,false,false,2,2,7,7,5,5,2)
616:(9,2,false,6,6,true,true,3,3,12,12,0,12,true,false,false,2,1,7,6,4,15,4)
617:(9,2,false,6,6,true,true,3,3,12,12,0,12,true,false,false,2,2,7,5,3,4,3)
618:(9,2,false,6,6,true,true,3,3,12,12,0,12,true,false,false,2,2,7,6,4,3,5)
619:(9,2,false,6,6,true,true,3,3,12,12,0,12,true,false,false,2,2,7,7,5,5,2)
620:(9,2,false,6,6,true,true,3,3,12,12,4,0,true,false,false,2,1,7,6,4,15,4)
621:(9,2,false,6,6,true,true,3,3,12,12,4,0,true,false,false,2,2,7,5,3,4,3)
622:(9,2,false,6,6,true,true,3,3,12,12,4,0,true,false,false,2,2,7,6,4,3,5)
623:(9,2,false,6,6,true,true,3,3,12,12,4,0,true,false,false,2,2,7,7,5,5,2)
624:(9,2,false,6,6,true,true,3,3,12,12,4,4,true,false,false,2,1,7,6,4,15,4)
625:(9,2,false,6,6,true,true,3,3,12,12,4,4,true,false,false,2,2,7,5,3,4,3)
626:(9,2,false,6,6,true,true,3,3,12,12,4,4,true,false,false,2,2,7,6,4,3,5)
627:(9,2,false,6,6,true,true,3,3,12,12,4,4,true,false,false,2,2,7,7,5,5,2)
628:(9,2,false,6,6,true,true,3,3,12,12,4,8,true,false,false,2,1,7,6,4,15,4)
629:(9,2,false,6,6,true,true,3,3,12,12,4,8,true,false,false,2,2,7,5,3,4,3)
630:(9,2,false,6,6,true,true,3,3,12,12,4,8,true,false,false,2,2,7,6,4,3,5)
631:(9,2,false,6,6,true,true,3,3,12,12,4,8,true,false,false,2,2,7,7,5,5,2)
632:(9,2,false,6,6,true,true,3,3,12,12,4,12,false,false,false,2,1,7,6,4,15,4)
633:(9,2,false,6,6,true,true,3,3,12,12,4,12,false,false,false,2,2,7,5,3,4,3)
634:(9,2,false,6,6,true,true,3,3,12,12,4,12,false,false,false,2,2,7,6,4,3,5)
635:(9,2,false,6,6,true,true,3,3,12,12,4,12,false,false,false,2,2,7,7,5,5,2)
636:(9,2,false,6,6,true,true,3,3,12,12,4,12,true,false,false,2,1,7,6,4,15,4)
637:(9,2,false,6,6,true,true,3,3,12,12,4,12,true,false,false,2,2,7,5,3,4,3)
638:(9,2,false,6,6,true,true,3,3,12,12,4,12,true,false,false,2,2,7,6,4,3,5)
639:(9,2,false,6,6,true,true,3,3,12,12,4,12,true,false,false,2,2,7,7,5,5,2)
640:(9,2,false,6,7,true,true,3,4,12,16,0,0,true,false,false,2,2,7,6,4,4,3)
641:(9,2,false,6,7,true,true,3,4,12,16,0,4,true,false,false,2,2,7,6,4,4,3)
642:(9,2,false,6,7,true,true,3,4,12,16,0,8,true,false,false,2,2,7,6,4,4,3)
643:(9,2,false,6,7,true,true,3,4,12,16,0,12,false,false,false,2,2,7,6,4,4,3)
644:(9,2,false,6,7,true,true,3,4,12,16,0,12,true,false,false,2,2,7,6,4,4,3)
645:(9,2,false,6,7,true,true,3,4,12,16,4,0,true,false,false,2,2,7,6,4,4,3)
646:(9,2,false,6,7,true,true,3,4,12,16,4,4,true,false,false,2,2,7,6,4,4,3)
647:(9,2,false,6,7,true,true,3,4,12,16,4,8,true,false,false,2,2,7,6,4,4,3)
648:(9,2,false,6,7,true,true,3,4,12,16,4,12,false,false,false,2,2,7,6,4,4,3)
649:(9,2,false,6,7,true,true,3,4,12,16,4,12,true,false,false,2,2,7,6,4,4,3)
650:(9,2,false,7,7,true,true,4,4,16,16,0,0,true,false,false,2,2,7,6,4,4,3)
651:(9,2,false,7,7,true,true,4,4,16,16,0,0,true,false,false,2,2,8,6,0,4,3)
652:(9,2,false,7,7,true,true,4,4,16,16,0,0,true,false,false,2,2,8,7,0,3,1)
653:(9,2,false,7,7,true,true,4,4,16,16,0,4,true,false,false,2,2,7,6,4,4,3)
654:(9,2,false,7,7,true,true,4,4,16,16,0,4,true,false,false,2,2,8,6,0,4,3)
655:(9,2,false,7,7,true,true,4,4,16,16,0,4,true,false,false,2,2,8,7,0,3,1)
656:(9,2,false,7,7,true,true,4,4,16,16,0,8,true,false,false,2,2,7,6,4,4,3)
657:(9,2,false,7,7,true,true,4,4,16,16,0,8,true,false,false,2,2,8,6,0,4,3)
658:(9,2,false,7,7,true,true,4,4,16,16,0,8,true,false,false,2,2,8,7,0,3,1)
659:(9,2,false,7,7,true,true,4,4,16,16,0,12,true,false,false,2,2,7,6,4,4,3)
660:(9,2,false,7,7,true,true,4,4,16,16,0,12,true,false,false,2,2,8,6,0,4,3)
661:(9,2,false,7,7,true,true,4,4,16,16,0,12,true,false,false,2,2,8,7,0,3,1)
662:(9,2,false,7,7,true,true,4,4,16,16,0,16,false,false,false,2,2,7,6,4,4,3)
663:(9,2,false,7,7,true,true,4,4,16,16,0,16,false,false,false,2,2,8,6,0,4,3)
664:(9,2,false,7,7,true,true,4,4,16,16,0,16,false,false,false,2,2,8,7,0,3,1)
665:(9,2,false,7,7,true,true,4,4,16,16,0,16,true,false,false,2,2,7,6,4,4,3)
666:(9,2,false,7,7,true,true,4,4,16,16,0,16,true,false,false,2,2,8,6,0,4,3)
667:(9,2,false,7,7,true,true,4,4,16,16,0,16,true,false,false,2,2,8,7,0,3,1)
668:(9,2,false,7,7,true,true,4,4,16,16,4,0,true,false,false,2,2,7,6,4,4,3)
669:(9,2,false,7,7,true,true,4,4,16,16,4,0,true,false,false,2,2,8,6,0,4,3)
670:(9,2,false,7,7,true,true,4,4,16,16,4,0,true,false,false,2,2,8,7,0,3,1)
671:(9,2,false,7,7,true,true,4,4,16,16,4,4,true,false,false,2,2,7,6,4,4,3)
672:(9,2,false,7,7,true,true,4,4,16,16,4,4,true,false,false,2,2,8,6,0,4,3)
673:(9,2,false,7,7,true,true,4,4,16,16,4,4,true,false,false,2,2,8,7,0,3,1)
674:(9,2,false,7,7,true,true,4,4,16,16,4,8,true,false,false,2,2,7,6,4,4,3)
675:(9,2,false,7,7,true,true,4,4,16,16,4,8,true,false,false,2,2,8,6,0,4,3)
676:(9,2,false,7,7,true,true,4,4,16,16,4,8,true,false,false,2,2,8,7,0,3,1)
677:(9,2,false,7,7,true,true,4,4,16,16,4,12,true,false,false,2,2,7,6,4,4,3)
678:(9,2,false,7,7,true,true,4,4,16,16,4,12,true,false,false,2,2,8,6,0,4,3)
679:(9,2,false,7,7,true,true,4,4,16,16,4,12,true,false,false,2,2,8,7,0,3,1)
680:(9,2,false,7,7,true,true,4,4,16,16,4,16,false,false,false,2,2,7,6,4,4,3)
681:(9,2,false,7,7,true,true,4,4,16,16,4,16,false,false,false,2,2,8,6,0,4,3)
682:(9,2,false,7,7,true,true,4,4,16,16,4,16,false,false,false,2,2,8,7,0,3,1)
683:(9,2,false,7,7,true,true,4,4,16,16,4,16,true,false,false,2,2,7,6,4,4,3)
684:(9,2,false,7,7,true,true,4,4,16,16,4,16,true,false,false,2,2,8,6,0,4,3)
685:(9,2,false,7,7,true,true,4,4,16,16,4,16,true,false,false,2,2,8,7,0,3,1)
686:(9,2,false,8,7,true,true,4,4,16,16,0,0,true,true,false,2,2,8,6,0,4,3)
687:(9,2,false,8,7,true,true,4,4,16,16,0,0,true,true,false,2,2,8,7,0,3,1)
688:(9,2,false,8,7,true,true,4,4,16,16,0,4,true,true,false,2,2,8,6,0,4,3)
689:(9,2,false,8,7,true,true,4,4,16,16,0,4,true,true,false,2,2,8,7,0,3,1)
690:(9,2,false,8,7,true,true,4,4,16,16,0,8,true,true,false,2,2,8,6,0,4,3)
691:(9,2,false,8,7,true,true,4,4,16,16,0,8,true,true,false,2,2,8,7,0,3,1)
692:(9,2,false,8,7,true,true,4,4,16,16,0,12,true,true,false,2,2,8,6,0,4,3)
693:(9,2,false,8,7,true,true,4,4,16,16,0,12,true,true,false,2,2,8,7,0,3,1)
694:(9,2,false,8,7,true,true,4,4,16,16,0,16,false,true,false,2,2,8,6,0,4,3)
695:(9,2,false,8,7,true,true,4,4,16,16,0,16,false,true,false,2,2,8,7,0,3,1)
696:(9,2,false,8,7,true,true,4,4,16,16,0,16,true,true,false,2,2,8,6,0,4,3)
697:(9,2,false,8,7,true,true,4,4,16,16,0,16,true,true,false,2,2,8,7,0,3,1)
698:(9,2,false,8,7,true,true,4,4,16,16,4,0,true,true,false,2,2,8,6,0,4,3)
699:(9,2,false,8,7,true,true,4,4,16,16,4,0,true,true,false,2,2,8,7,0,3,1)
700:(9,2,false,8,7,true,true,4,4,16,16,4,4,true,true,false,2,2,8,6,0,4,3)
701:(9,2,false,8,7,true,true,4,4,16,16,4,4,true,true,false,2,2,8,7,0,3,1)
702:(9,2,false,8,7,true,true,4,4,16,16,4,8,true,true,false,2,2,8,6,0,4,3)
703:(9,2,false,8,7,true,true,4,4,16,16,4,8,true,true,false,2,2,8,7,0,3,1)
704:(9,2,false,8,7,true,true,4,4,16,16,4,12,true,true,false,2,2,8,6,0,4,3)
705:(9,2,false,8,7,true,true,4,4,16,16,4,12,true,true,false,2,2,8,7,0,3,1)
706:(9,2,false,8,7,true,true,4,4,16,16,4,16,false,true,false,2,2,8,6,0,4,3)
707:(9,2,false,8,7,true,true,4,4,16,16,4,16,false,true,false,2,2,8,7,0,3,1)
708:(9,2,false,8,7,true,true,4,4,16,16,4,16,true,true,false,2,2,8,6,0,4,3)
709:(9,2,false,8,7,true,true,4,4,16,16,4,16,true,true,false,2,2,8,7,0,3,1)
710:(9,3,false,0,0,false,false,0,0,0,0,0,0,false,false,false,1,0,0,0,0,7,0)
711:(9,3,false,1,1,false,false,0,0,0,0,0,0,false,false,false,1,0,0,0,0,7,0)
712:(9,3,false,3,2,true,false,0,0,0,0,0,0,false,false,false,1,0,0,0,0,7,0)
713:(9,3,false,3,2,true,false,0,0,0,0,0,0,true,false,false,1,0,0,0,0,7,0)
714:(9,3,false,4,3,true,true,1,0,4,0,4,0,true,false,false,1,0,0,0,0,7,0)
715:(9,3,false,4,3,true,true,1,0,4,0,4,4,false,false,false,1,0,0,0,0,7,0)
716:(9,3,false,4,3,true,true,1,0,4,0,4,4,true,false,false,1,0,0,0,0,7,0)
717:(9,3,false,4,4,true,true,1,1,4,4,0,0,true,false,false,1,0,0,0,0,7,0)
718:(9,3,false,4,4,true,true,1,1,4,4,0,4,false,false,false,1,0,0,0,0,7,0)
719:(9,3,false,4,4,true,true,1,1,4,4,0,4,true,false,false,1,0,0,0,0,7,0)
720:(9,3,false,4,4,true,true,1,1,4,4,4,0,true,false,false,1,0,0,0,0,7,0)
721:(9,3,false,4,4,true,true,1,1,4,4,4,4,false,false,false,1,0,0,0,0,7,0)
722:(9,3,false,4,4,true,true,1,1,4,4,4,4,true,false,false,1,0,0,0,0,7,0)
723:(9,3,false,6,5,true,true,3,2,12,8,4,0,true,false,false,1,0,0,0,0,7,0)
724:(9,3,false,6,5,true,true,3,2,12,8,4,4,true,false,false,1,0,0,0,0,7,0)
725:(9,3,false,6,5,true,true,3,2,12,8,4,8,true,false,false,1,0,0,0,0,7,0)
726:(9,3,false,6,5,true,true,3,2,12,8,4,12,false,false,false,1,0,0,0,0,7,0)
727:(9,3,false,6,5,true,true,3,2,12,8,4,12,true,false,false,1,0,0,0,0,7,0)
728:(9,3,false,6,6,true,true,3,3,12,12,0,0,true,false,false,1,0,0,0,0,7,0)
729:(9,3,false,6,6,true,true,3,3,12,12,0,4,true,false,false,1,0,0,0,0,7,0)
730:(9,3,false,6,6,true,true,3,3,12,12,0,8,true,false,false,1,0,0,0,0,7,0)
731:(9,3,false,6,6,true,true,3,3,12,12,0,12,false,false,false,1,0,0,0,0,7,0)
732:(9,3,false,6,6,true,true,3,3,12,12,0,12,true,false,false,1,0,0,0,0,7,0)
733:(9,3,false,6,6,true,true,3,3,12,12,4,0,true,false,false,1,0,0,0,0,7,0)
734:(9,3,false,6,6,true,true,3,3,12,12,4,4,true,false,false,1,0,0,0,0,7,0)
735:(9,3,false,6,6,true,true,3,3,12,12,4,8,true,false,false,1,0,0,0,0,7,0)
736:(9,3,false,6,6,true,true,3,3,12,12,4,12,false,false,false,1,0,0,0,0,7,0)
737:(9,3,false,6,6,true,true,3,3,12,12,4,12,true,false,false,1,0,0,0,0,7,0)
738:(9,3,false,8,7,true,true,4,4,16,16,0,0,true,true,false,1,0,0,0,0,7,0)
739:(9,3,false,8,7,true,true,4,4,16,16,0,4,true,true,false,1,0,0,0,0,7,0)
740:(9,3,false,8,7,true,true,4,4,16,16,0,8,true,true,false,1,0,0,0,0,7,0)
741:(9,3,false,8,7,true,true,4,4,16,16,0,12,true,true,false,1,0,0,0,0,7,0)
742:(9,3,false,8,7,true,true,4,4,16,16,0,16,false,true,false,1,0,0,0,0,7,0)
743:(9,3,false,8,7,true,true,4,4,16,16,0,16,true,true,false,1,0,0,0,0,7,0)
744:(9,3,false,8,7,true,true,4,4,16,16,4,0,true,true,false,1,0,0,0,0,7,0)
745:(9,3,false,8,7,true,true,4,4,16,16,4,4,true,true,false,1,0,0,0,0,7,0)
746:(9,3,false,8,7,true,true,4,4,16,16,4,8,true,true,false,1,0,0,0,0,7,0)
747:(9,3,false,8,7,true,true,4,4,16,16,4,12,true,true,false,1,0,0,0,0,7,0)
748:(9,3,false,8,7,true,true,4,4,16,16,4,16,false,true,false,1,0,0,0,0,7,0)
749:(9,3,false,8,7,true,true,4,4,16,16,4,16,true,true,false,1,0,0,0,0,7,0)
