(phase,outcome,waiting,next_send_seq_h,next_recv_seq_h,honest_commit_sent,peer_commit_verified,sent_blocks_h,verified_blocks_peer,sent_honest,verified_peer,max_gap,adversary_verified_honest,adversary_skipped_verification,honest_confirm_sent,peer_confirm_verified,last_actor,last_direction,last_type,last_seq,last_block,last_event,reject_reason)
0:(0,0,false,0,0,false,false,0,0,0,0,0,0,false,false,false,0,0,0,0,0,0,0)
1:(0,0,true,0,0,false,false,0,0,0,0,0,0,false,false,false,1,1,1,0,0,6,0)
2:(1,0,false,0,0,false,false,0,0,0,0,0,0,false,false,false,1,1,1,0,0,2,0)
3:(2,0,false,1,0,false,false,0,0,0,0,0,0,false,false,false,2,2,2,0,0,1,0)
4:(2,0,true,1,0,false,false,0,0,0,0,0,0,false,false,false,1,1,3,0,0,6,0)
5:(3,0,false,1,1,false,false,0,0,0,0,0,0,false,false,false,1,1,3,0,0,2,0)
6:(4,0,false,1,1,false,false,0,0,0,0,0,0,false,false,false,2,0,0,0,0,2,0)
7:(5,0,false,2,1,false,false,0,0,0,0,0,0,false,false,false,2,2,4,1,0,1,0)
8:(5,0,true,2,1,false,false,0,0,0,0,0,0,false,false,false,1,1,5,1,0,6,0)
9:(6,0,false,2,2,false,false,0,0,0,0,0,0,false,false,false,1,1,5,1,0,2,0)
10:(6,0,false,2,3,false,true,0,0,0,0,0,0,false,false,false,1,1,6,2,0,2,0)
11:(6,0,false,3,2,true,false,0,0,0,0,0,0,false,false,false,2,2,6,2,0,1,0)
12:(6,0,false,3,2,true,false,0,0,0,0,0,0,true,false,false,2,2,6,2,0,1,0)
13:(6,0,false,3,3,true,true,0,0,0,0,0,0,false,false,false,1,1,6,2,0,2,0)
14:(6,0,false,3,3,true,true,0,0,0,0,0,0,false,false,false,2,2,6,2,0,1,0)
15:(6,0,false,3,3,true,true,0,0,0,0,0,0,true,false,false,1,1,6,2,0,2,0)
16:(6,0,false,3,3,true,true,0,0,0,0,0,0,true,false,false,2,2,6,2,0,1,0)
17:(6,0,true,3,2,true,false,0,0,0,0,0,0,false,false,false,1,1,6,2,0,6,0)
18:(6,0,true,3,2,true,false,0,0,0,0,0,0,true,false,false,1,1,6,2,0,6,0)
19:(7,0,false,3,3,true,true,0,0,0,0,0,0,false,false,false,0,0,0,0,0,9,0)
20:(7,0,false,3,3,true,true,0,0,0,0,0,0,true,false,false,0,0,0,0,0,9,0)
21:(7,0,false,3,4,true,true,0,1,0,8,0,0,false,false,false,1,1,7,3,1,2,0)
22:(7,0,false,3,4,true,true,0,1,0,8,0,0,true,false,false,1,1,7,3,1,2,0)
23:(7,0,false,4,3,true,true,1,0,8,0,8,0,true,false,false,2,2,7,3,1,11,0)
24:(7,0,false,4,3,true,true,1,0,8,0,8,0,true,false,false,2,2,7,3,1,14,0)
25:(7,0,false,4,3,true,true,1,0,8,0,8,8,false,false,false,2,2,7,3,1,10,0)
26:(7,0,false,4,3,true,true,1,0,8,0,8,8,false,false,false,2,2,7,3,1,14,0)
27:(7,0,false,4,3,true,true,1,0,8,0,8,8,true,false,false,2,2,7,3,1,10,0)
28:(7,0,false,4,3,true,true,1,0,8,0,8,8,true,false,false,2,2,7,3,1,14,0)
29:(7,0,false,4,4,true,true,1,1,8,8,0,0,true,false,false,2,2,7,3,1,11,0)
30:(7,0,false,4,4,true,true,1,1,8,8,0,0,true,false,false,2,2,7,3,1,14,0)
31:(7,0,false,4,4,true,true,1,1,8,8,0,8,false,false,false,2,2,7,3,1,10,0)
32:(7,0,false,4,4,true,true,1,1,8,8,0,8,false,false,false,2,2,7,3,1,14,0)
33:(7,0,false,4,4,true,true,1,1,8,8,0,8,true,false,false,2,2,7,3,1,10,0)
34:(7,0,false,4,4,true,true,1,1,8,8,0,8,true,false,false,2,2,7,3,1,14,0)
35:(7,0,false,4,4,true,true,1,1,8,8,8,0,true,false,false,1,1,7,3,1,2,0)
36:(7,0,false,4,4,true,true,1,1,8,8,8,0,true,false,false,2,2,7,3,1,14,0)
37:(7,0,false,4,4,true,true,1,1,8,8,8,8,false,false,false,1,1,7,3,1,2,0)
38:(7,0,false,4,4,true,true,1,1,8,8,8,8,false,false,false,2,2,7,3,1,14,0)
39:(7,0,false,4,4,true,true,1,1,8,8,8,8,true,false,false,1,1,7,3,1,2,0)
40:(7,0,false,4,4,true,true,1,1,8,8,8,8,true,false,false,2,2,7,3,1,14,0)
41:(7,0,true,4,3,true,true,1,0,8,0,8,0,true,false,false,1,1,7,3,1,6,0)
42:(7,0,true,4,3,true,true,1,0,8,0,8,8,false,false,false,1,1,7,3,1,6,0)
43:(7,0,true,4,3,true,true,1,0,8,0,8,8,true,false,false,1,1,7,3,1,6,0)
44:(8,0,false,4,4,true,true,1,1,8,8,0,0,true,false,false,0,0,0,0,0,2,0)
45:(8,0,false,4,4,true,true,1,1,8,8,0,8,false,false,false,0,0,0,0,0,2,0)
46:(8,0,false,4,4,true,true,1,1,8,8,0,8,true,false,false,0,0,0,0,0,2,0)
47:(8,0,false,4,4,true,true,1,1,8,8,8,0,true,false,false,0,0,0,0,0,2,0)
48:(8,0,false,4,4,true,true,1,1,8,8,8,8,false,false,false,0,0,0,0,0,2,0)
49:(8,0,false,4,4,true,true,1,1,8,8,8,8,true,false,false,0,0,0,0,0,2,0)
50:(8,0,false,4,5,true,true,1,1,8,8,0,0,true,false,true,1,1,8,4,0,2,0)
51:(8,0,false,4,5,true,true,1,1,8,8,0,8,false,false,true,1,1,8,4,0,2,0)
52:(8,0,false,4,5,true,true,1,1,8,8,0,8,true,false,true,1,1,8,4,0,2,0)
53:(8,0,false,4,5,true,true,1,1,8,8,8,0,true,false,true,1,1,8,4,0,2,0)
54:(8,0,false,4,5,true,true,1,1,8,8,8,8,false,false,true,1,1,8,4,0,2,0)
55:(8,0,false,4,5,true,true,1,1,8,8,8,8,true,false,true,1,1,8,4,0,2,0)
56:(8,0,false,5,4,true,true,1,1,8,8,0,0,true,true,false,2,2,8,4,0,1,0)
57:(8,0,false,5,4,true,true,1,1,8,8,0,8,false,true,false,2,2,8,4,0,1,0)
58:(8,0,false,5,4,true,true,1,1,8,8,0,8,true,true,false,2,2,8,4,0,1,0)
59:(8,0,false,5,4,true,true,1,1,8,8,8,0,true,true,false,2,2,8,4,0,1,0)
60:(8,0,false,5,4,true,true,1,1,8,8,8,8,false,true,false,2,2,8,4,0,1,0)
61:(8,0,false,5,4,true,true,1,1,8,8,8,8,true,true,false,2,2,8,4,0,1,0)
62:(8,0,false,5,5,true,true,1,1,8,8,0,0,true,true,true,1,1,8,4,0,2,0)
63:(8,0,false,5,5,true,true,1,1,8,8,0,0,true,true,true,2,2,8,4,0,1,0)
64:(8,0,false,5,5,true,true,1,1,8,8,0,8,false,true,true,1,1,8,4,0,2,0)
65:(8,0,false,5,5,true,true,1,1,8,8,0,8,false,true,true,2,2,8,4,0,1,0)
66:(8,0,false,5,5,true,true,1,1,8,8,0,8,true,true,true,1,1,8,4,0,2,0)
67:(8,0,false,5,5,true,true,1,1,8,8,0,8,true,true,true,2,2,8,4,0,1,0)
68:(8,0,false,5,5,true,true,1,1,8,8,8,0,true,true,true,1,1,8,4,0,2,0)
69:(8,0,false,5,5,true,true,1,1,8,8,8,0,true,true,true,2,2,8,4,0,1,0)
70:(8,0,false,5,5,true,true,1,1,8,8,8,8,false,true,true,1,1,8,4,0,2,0)
71:(8,0,false,5,5,true,true,1,1,8,8,8,8,false,true,true,2,2,8,4,0,1,0)
72:(8,0,false,5,5,true,true,1,1,8,8,8,8,true,true,true,1,1,8,4,0,2,0)
73:(8,0,false,5,5,true,true,1,1,8,8,8,8,true,true,true,2,2,8,4,0,1,0)
74:(8,0,true,5,4,true,true,1,1,8,8,0,0,true,true,false,1,1,8,4,0,6,0)
75:(8,0,true,5,4,true,true,1,1,8,8,0,8,false,true,false,1,1,8,4,0,6,0)
76:(8,0,true,5,4,true,true,1,1,8,8,0,8,true,true,false,1,1,8,4,0,6,0)
77:(8,0,true,5,4,true,true,1,1,8,8,8,0,true,true,false,1,1,8,4,0,6,0)
78:(8,0,true,5,4,true,true,1,1,8,8,8,8,false,true,false,1,1,8,4,0,6,0)
79:(8,0,true,5,4,true,true,1,1,8,8,8,8,true,true,false,1,1,8,4,0,6,0)
80:(9,1,false,5,5,true,true,1,1,8,8,0,0,true,true,true,0,0,0,0,0,12,0)
81:(9,1,false,5,5,true,true,1,1,8,8,0,8,false,true,true,0,0,0,0,0,12,0)
82:(9,1,false,5,5,true,true,1,1,8,8,0,8,true,true,true,0,0,0,0,0,12,0)
83:(9,1,false,5,5,true,true,1,1,8,8,8,0,true,true,true,0,0,0,0,0,12,0)
84:(9,1,false,5,5,true,true,1,1,8,8,8,8,false,true,true,0,0,0,0,0,12,0)
85:(9,1,false,5,5,true,true,1,1,8,8,8,8,true,true,true,0,0,0,0,0,12,0)
86:(9,2,false,0,0,false,false,0,0,0,0,0,0,false,false,false,1,1,1,0,0,3,1)
87:(9,2,false,1,0,false,false,0,0,0,0,0,0,false,false,false,1,1,3,0,0,3,1)
88:(9,2,false,1,0,false,false,0,0,0,0,0,0,false,false,false,1,1,3,0,0,4,3)
89:(9,2,false,1,0,false,false,0,0,0,0,0,0,false,false,false,1,1,3,1,0,5,2)
90:(9,2,false,1,0,false,false,0,0,0,0,0,0,false,false,false,1,2,3,0,0,15,4)
91:(9,2,false,1,1,false,false,0,0,0,0,0,0,false,false,false,2,0,0,0,0,8,6)
92:(9,2,false,2,1,false,false,0,0,0,0,0,0,false,false,false,1,1,5,0,0,4,3)
93:(9,2,false,2,1,false,false,0,0,0,0,0,0,false,false,false,1,1,5,1,0,3,1)
94:(9,2,false,2,1,false,false,0,0,0,0,0,0,false,false,false,1,1,5,2,0,5,2)
95:(9,2,false,2,1,false,false,0,0,0,0,0,0,false,false,false,1,2,5,1,0,15,4)
96:(9,2,false,2,2,false,false,0,0,0,0,0,0,false,false,false,1,1,6,2,0,3,5)
97:(9,2,false,2,2,false,false,0,0,0,0,0,0,false,false,false,1,1,6,3,0,5,2)
98:(9,2,false,3,2,true,false,0,0,0,0,0,0,false,false,false,1,1,6,2,0,3,5)
99:(9,2,false,3,2,true,false,0,0,0,0,0,0,false,false,false,1,1,6,3,0,5,2)
100:(9,2,false,3,2,true,false,0,0,0,0,0,0,true,false,false,1,1,6,2,0,3,5)
101:(9,2,false,3,2,true,false,0,0,0,0,0,0,true,false,false,1,1,6,3,0,5,2)
102:(9,2,false,3,3,true,true,0,0,0,0,0,0,false,false,false,1,1,7,3,1,3,5)
103:(9,2,false,3,3,true,true,0,0,0,0,0,0,false,false,false,1,1,7,4,2,5,2)
104:(9,2,false,3,3,true,true,0,0,0,0,0,0,false,false,false,1,2,7,3,1,15,4)
105:(9,2,false,3,3,true,true,0,0,0,0,0,0,true,false,false,1,1,7,3,1,3,5)
106:(9,2,false,3,3,true,true,0,0,0,0,0,0,true,false,false,1,1,7,4,2,5,2)
107:(9,2,false,3,3,true,true,0,0,0,0,0,0,true,false,false,1,2,7,3,1,15,4)
108:(9,2,false,3,4,true,true,0,1,0,8,0,0,false,false,false,1,1,7,3,1,4,3)
109:(9,2,false,3,4,true,true,0,1,0,8,0,0,true,false,false,1,1,7,3,1,4,3)
110:(9,2,false,4,3,true,true,1,0,8,0,8,0,true,false,false,1,1,7,3,1,3,5)
111:(9,2,false,4,3,true,true,1,0,8,0,8,0,true,false,false,1,1,7,4,2,5,2)
112:(9,2,false,4,3,true,true,1,0,8,0,8,0,true,false,false,1,2,7,3,1,15,4)
113:(9,2,false,4,3,true,true,1,0,8,0,8,8,false,false,false,1,1,7,3,1,3,5)
114:(9,2,false,4,3,true,true,1,0,8,0,8,8,false,false,false,1,1,7,4,2,5,2)
115:(9,2,false,4,3,true,true,1,0,8,0,8,8,false,false,false,1,2,7,3,1,15,4)
116:(9,2,false,4,3,true,true,1,0,8,0,8,8,true,false,false,1,1,7,3,1,3,5)
117:(9,2,false,4,3,true,true,1,0,8,0,8,8,true,false,false,1,1,7,4,2,5,2)
118:(9,2,false,4,3,true,true,1,0,8,0,8,8,true,false,false,1,2,7,3,1,15,4)
119:(9,2,false,4,4,true,true,1,1,8,8,0,0,true,false,false,1,1,7,3,1,4,3)
120:(9,2,false,4,4,true,true,1,1,8,8,0,0,true,false,false,1,1,8,3,0,4,3)
121:(9,2,false,4,4,true,true,1,1,8,8,0,0,true,false,false,1,1,8,4,0,3,1)
122:(9,2,false,4,4,true,true,1,1,8,8,0,8,false,false,false,1,1,7,3,1,4,3)
123:(9,2,false,4,4,true,true,1,1,8,8,0,8,false,false,false,1,1,8,3,0,4,3)
124:(9,2,false,4,4,true,true,1,1,8,8,0,8,false,false,false,1,1,8,4,0,3,1)
125:(9,2,false,4,4,true,true,1,1,8,8,0,8,true,false,false,1,1,7,3,1,4,3)
126:(9,2,false,4,4,true,true,1,1,8,8,0,8,true,false,false,1,1,8,3,0,4,3)
127:(9,2,false,4,4,true,true,1,1,8,8,0,8,true,false,false,1,1,8,4,0,3,1)
128:(9,2,false,4,4,true,true,1,1,8,8,8,0,true,false,false,1,1,7,3,1,4,3)
129:(9,2,false,4,4,true,true,1,1,8,8,8,0,true,false,false,1,1,8,3,0,4,3)
130:(9,2,false,4,4,true,true,1,1,8,8,8,0,true,false,false,1,1,8,4,0,3,1)
131:(9,2,false,4,4,true,true,1,1,8,8,8,8,false,false,false,1,1,7,3,1,4,3)
132:(9,2,false,4,4,true,true,1,1,8,8,8,8,false,false,false,1,1,8,3,0,4,3)
133:(9,2,false,4,4,true,true,1,1,8,8,8,8,false,false,false,1,1,8,4,0,3,1)
134:(9,2,false,4,4,true,true,1,1,8,8,8,8,true,false,false,1,1,7,3,1,4,3)
135:(9,2,false,4,4,true,true,1,1,8,8,8,8,true,false,false,1,1,8,3,0,4,3)
136:(9,2,false,4,4,true,true,1,1,8,8,8,8,true,false,false,1,1,8,4,0,3,1)
137:(9,2,false,5,4,true,true,1,1,8,8,0,0,true,true,false,1,1,8,3,0,4,3)
138:(9,2,false,5,4,true,true,1,1,8,8,0,0,true,true,false,1,1,8,4,0,3,1)
139:(9,2,false,5,4,true,true,1,1,8,8,0,8,false,true,false,1,1,8,3,0,4,3)
140:(9,2,false,5,4,true,true,1,1,8,8,0,8,false,true,false,1,1,8,4,0,3,1)
141:(9,2,false,5,4,true,true,1,1,8,8,0,8,true,true,false,1,1,8,3,0,4,3)
142:(9,2,false,5,4,true,true,1,1,8,8,0,8,true,true,false,1,1,8,4,0,3,1)
143:(9,2,false,5,4,true,true,1,1,8,8,8,0,true,true,false,1,1,8,3,0,4,3)
144:(9,2,false,5,4,true,true,1,1,8,8,8,0,true,true,false,1,1,8,4,0,3,1)
145:(9,2,false,5,4,true,true,1,1,8,8,8,8,false,true,false,1,1,8,3,0,4,3)
146:(9,2,false,5,4,true,true,1,1,8,8,8,8,false,true,false,1,1,8,4,0,3,1)
147:(9,2,false,5,4,true,true,1,1,8,8,8,8,true,true,false,1,1,8,3,0,4,3)
148:(9,2,false,5,4,true,true,1,1,8,8,8,8,true,true,false,1,1,8,4,0,3,1)
149:(9,3,false,0,0,false,false,0,0,0,0,0,0,false,false,false,2,0,0,0,0,7,0)
150:(9,3,false,1,0,false,false,0,0,0,0,0,0,false,false,false,2,0,0,0,0,7,0)
151:(9,3,false,2,1,false,false,0,0,0,0,0,0,false,false,false,2,0,0,0,0,7,0)
152:(9,3,false,3,2,true,false,0,0,0,0,0,0,false,false,false,2,0,0,0,0,7,0)
153:(9,3,false,3,2,true,false,0,0,0,0,0,0,true,false,false,2,0,0,0,0,7,0)
154:(9,3,false,4,3,true,true,1,0,8,0,8,0,true,false,false,2,0,0,0,0,7,0)
155:(9,3,false,4,3,true,true,1,0,8,0,8,8,false,false,false,2,0,0,0,0,7,0)
156:(9,3,false,4,3,true,true,1,0,8,0,8,8,true,false,false,2,0,0,0,0,7,0)
157:(9,3,false,5,4,true,true,1,1,8,8,0,0,true,true,false,2,0,0,0,0,7,0)
158:(9,3,false,5,4,true,true,1,1,8,8,0,8,false,true,false,2,0,0,0,0,7,0)
159:(9,3,false,5,4,true,true,1,1,8,8,0,8,true,true,false,2,0,0,0,0,7,0)
160:(9,3,false,5,4,true,true,1,1,8,8,8,0,true,true,false,2,0,0,0,0,7,0)
161:(9,3,false,5,4,true,true,1,1,8,8,8,8,false,true,false,2,0,0,0,0,7,0)
162:(9,3,false,5,4,true,true,1,1,8,8,8,8,true,true,false,2,0,0,0,0,7,0)
