(phase,outcome,waiting,next_send_seq_h,next_recv_seq_h,honest_commit_sent,peer_commit_verified,sent_blocks_h,verified_blocks_peer,sent_honest,verified_peer,max_gap,adversary_verified_honest,adversary_skipped_verification,honest_confirm_sent,peer_confirm_verified,last_actor,last_direction,last_type,last_seq,last_block,last_event,reject_reason)
0:(0,0,false,0,0,false,false,0,0,0,0,0,0,false,false,false,0,0,0,0,0,0,0)
1:(1,0,false,0,0,false,false,0,0,0,0,0,0,false,false,false,1,1,1,0,0,1,0)
2:(1,0,true,0,0,false,false,0,0,0,0,0,0,false,false,false,2,2,2,0,0,6,0)
3:(2,0,false,0,1,false,false,0,0,0,0,0,0,false,false,false,2,2,2,0,0,2,0)
4:(3,0,false,1,1,false,false,0,0,0,0,0,0,false,false,false,1,1,3,0,0,1,0)
5:(3,0,true,1,1,false,false,0,0,0,0,0,0,false,false,false,2,0,0,0,0,6,0)
6:(4,0,false,1,1,false,false,0,0,0,0,0,0,false,false,false,2,0,0,0,0,2,0)
7:(4,0,true,1,1,false,false,0,0,0,0,0,0,false,false,false,2,2,4,1,0,6,0)
8:(5,0,false,1,2,false,false,0,0,0,0,0,0,false,false,false,2,2,4,1,0,2,0)
9:(6,0,false,2,2,false,false,0,0,0,0,0,0,false,false,false,1,1,5,1,0,1,0)
10:(6,0,false,2,3,false,true,0,0,0,0,0,0,false,false,false,2,2,6,2,0,2,0)
11:(6,0,false,3,2,true,false,0,0,0,0,0,0,false,false,false,1,1,6,2,0,1,0)
12:(6,0,false,3,2,true,false,0,0,0,0,0,0,true,false,false,1,1,6,2,0,1,0)
13:(6,0,false,3,3,true,true,0,0,0,0,0,0,false,false,false,1,1,6,2,0,1,0)
14:(6,0,false,3,3,true,true,0,0,0,0,0,0,false,false,false,2,2,6,2,0,2,0)
15:(6,0,false,3,3,true,true,0,0,0,0,0,0,true,false,false,1,1,6,2,0,1,0)
16:(6,0,false,3,3,true,true,0,0,0,0,0,0,true,false,false,2,2,6,2,0,2,0)
17:(6,0,true,3,2,true,false,0,0,0,0,0,0,false,false,false,2,2,6,2,0,6,0)
18:(6,0,true,3,2,true,false,0,0,0,0,0,0,true,false,false,2,2,6,2,0,6,0)
19:(7,0,false,3,3,true,true,0,0,0,0,0,0,false,false,false,0,0,0,0,0,9,0)
20:(7,0,false,3,3,true,true,0,0,0,0,0,0,true,false,false,0,0,0,0,0,9,0)
21:(7,0,false,3,4,true,true,0,1,0,8,0,0,false,false,false,2,2,7,3,1,2,0)
22:(7,0,false,3,4,true,true,0,1,0,8,0,0,true,false,false,2,2,7,3,1,2,0)
23:(7,0,false,3,5,true,true,0,2,0,16,0,0,false,false,false,2,2,7,4,2,2,0)
24:(7,0,false,3,5,true,true,0,2,0,16,0,0,true,false,false,2,2,7,4,2,2,0)
25:(7,0,false,4,4,true,true,1,1,8,8,0,0,true,false,false,1,1,7,3,1,11,0)
26:(7,0,false,4,4,true,true,1,1,8,8,0,0,true,false,false,1,1,7,3,1,14,0)
27:(7,0,false,4,4,true,true,1,1,8,8,0,8,false,false,false,1,1,7,3,1,10,0)
28:(7,0,false,4,4,true,true,1,1,8,8,0,8,false,false,false,1,1,7,3,1,14,0)
29:(7,0,false,4,4,true,true,1,1,8,8,0,8,true,false,false,1,1,7,3,1,10,0)
30:(7,0,false,4,4,true,true,1,1,8,8,0,8,true,false,false,1,1,7,3,1,14,0)
31:(7,0,false,4,5,true,true,1,2,8,16,0,0,true,false,false,1,1,7,3,1,11,0)
32:(7,0,false,4,5,true,true,1,2,8,16,0,0,true,false,false,1,1,7,3,1,14,0)
33:(7,0,false,4,5,true,true,1,2,8,16,0,0,true,false,false,2,2,7,4,2,2,0)
34:(7,0,false,4,5,true,true,1,2,8,16,0,8,false,false,false,1,1,7,3,1,10,0)
35:(7,0,false,4,5,true,true,1,2,8,16,0,8,false,false,false,1,1,7,3,1,14,0)
36:(7,0,false,4,5,true,true,1,2,8,16,0,8,false,false,false,2,2,7,4,2,2,0)
37:(7,0,false,4,5,true,true,1,2,8,16,0,8,true,false,false,1,1,7,3,1,10,0)
38:(7,0,false,4,5,true,true,1,2,8,16,0,8,true,false,false,1,1,7,3,1,14,0)
39:(7,0,false,4,5,true,true,1,2,8,16,0,8,true,false,false,2,2,7,4,2,2,0)
40:(7,0,false,5,4,true,true,2,1,16,8,8,0,true,false,false,1,1,7,4,2,11,0)
41:(7,0,false,5,4,true,true,2,1,16,8,8,0,true,false,false,1,1,7,4,2,14,0)
42:(7,0,false,5,4,true,true,2,1,16,8,8,8,true,false,false,1,1,7,4,2,10,0)
43:(7,0,false,5,4,true,true,2,1,16,8,8,8,true,false,false,1,1,7,4,2,11,0)
44:(7,0,false,5,4,true,true,2,1,16,8,8,8,true,false,false,1,1,7,4,2,14,0)
45:(7,0,false,5,4,true,true,2,1,16,8,8,16,false,false,false,1,1,7,4,2,10,0)
46:(7,0,false,5,4,true,true,2,1,16,8,8,16,false,false,false,1,1,7,4,2,14,0)
47:(7,0,false,5,4,true,true,2,1,16,8,8,16,true,false,false,1,1,7,4,2,10,0)
48:(7,0,false,5,4,true,true,2,1,16,8,8,16,true,false,false,1,1,7,4,2,14,0)
49:(7,0,false,5,5,true,true,2,2,16,16,0,0,true,false,false,1,1,7,4,2,11,0)
50:(7,0,false,5,5,true,true,2,2,16,16,0,0,true,false,false,1,1,7,4,2,14,0)
51:(7,0,false,5,5,true,true,2,2,16,16,0,8,true,false,false,1,1,7,4,2,10,0)
52:(7,0,false,5,5,true,true,2,2,16,16,0,8,true,false,false,1,1,7,4,2,11,0)
53:(7,0,false,5,5,true,true,2,2,16,16,0,8,true,false,false,1,1,7,4,2,14,0)
54:(7,0,false,5,5,true,true,2,2,16,16,0,16,false,false,false,1,1,7,4,2,10,0)
55:(7,0,false,5,5,true,true,2,2,16,16,0,16,false,false,false,1,1,7,4,2,14,0)
56:(7,0,false,5,5,true,true,2,2,16,16,0,16,true,false,false,1,1,7,4,2,10,0)
57:(7,0,false,5,5,true,true,2,2,16,16,0,16,true,false,false,1,1,7,4,2,14,0)
58:(7,0,false,5,5,true,true,2,2,16,16,8,0,true,false,false,1,1,7,4,2,14,0)
59:(7,0,false,5,5,true,true,2,2,16,16,8,0,true,false,false,2,2,7,4,2,2,0)
60:(7,0,false,5,5,true,true,2,2,16,16,8,8,true,false,false,1,1,7,4,2,14,0)
61:(7,0,false,5,5,true,true,2,2,16,16,8,8,true,false,false,2,2,7,4,2,2,0)
62:(7,0,false,5,5,true,true,2,2,16,16,8,16,false,false,false,1,1,7,4,2,14,0)
63:(7,0,false,5,5,true,true,2,2,16,16,8,16,false,false,false,2,2,7,4,2,2,0)
64:(7,0,false,5,5,true,true,2,2,16,16,8,16,true,false,false,1,1,7,4,2,14,0)
65:(7,0,false,5,5,true,true,2,2,16,16,8,16,true,false,false,2,2,7,4,2,2,0)
66:(7,0,true,3,3,true,true,0,0,0,0,0,0,false,false,false,2,2,7,3,1,6,0)
67:(7,0,true,3,3,true,true,0,0,0,0,0,0,true,false,false,2,2,7,3,1,6,0)
68:(7,0,true,5,4,true,true,2,1,16,8,8,0,true,false,false,2,2,7,4,2,6,0)
69:(7,0,true,5,4,true,true,2,1,16,8,8,8,true,false,false,2,2,7,4,2,6,0)
70:(7,0,true,5,4,true,true,2,1,16,8,8,16,false,false,false,2,2,7,4,2,6,0)
71:(7,0,true,5,4,true,true,2,1,16,8,8,16,true,false,false,2,2,7,4,2,6,0)
72:(8,0,false,5,5,true,true,2,2,16,16,0,0,true,false,false,0,0,0,0,0,2,0)
73:(8,0,false,5,5,true,true,2,2,16,16,0,8,true,false,false,0,0,0,0,0,2,0)
74:(8,0,false,5,5,true,true,2,2,16,16,0,16,false,false,false,0,0,0,0,0,2,0)
75:(8,0,false,5,5,true,true,2,2,16,16,0,16,true,false,false,0,0,0,0,0,2,0)
76:(8,0,false,5,5,true,true,2,2,16,16,8,0,true,false,false,0,0,0,0,0,2,0)
77:(8,0,false,5,5,true,true,2,2,16,16,8,8,true,false,false,0,0,0,0,0,2,0)
78:(8,0,false,5,5,true,true,2,2,16,16,8,16,false,false,false,0,0,0,0,0,2,0)
79:(8,0,false,5,5,true,true,2,2,16,16,8,16,true,false,false,0,0,0,0,0,2,0)
80:(8,0,false,5,6,true,true,2,2,16,16,0,0,true,false,true,2,2,8,5,0,2,0)
81:(8,0,false,5,6,true,true,2,2,16,16,0,8,true,false,true,2,2,8,5,0,2,0)
82:(8,0,false,5,6,true,true,2,2,16,16,0,16,false,false,true,2,2,8,5,0,2,0)
83:(8,0,false,5,6,true,true,2,2,16,16,0,16,true,false,true,2,2,8,5,0,2,0)
84:(8,0,false,5,6,true,true,2,2,16,16,8,0,true,false,true,2,2,8,5,0,2,0)
85:(8,0,false,5,6,true,true,2,2,16,16,8,8,true,false,true,2,2,8,5,0,2,0)
86:(8,0,false,5,6,true,true,2,2,16,16,8,16,false,false,true,2,2,8,5,0,2,0)
87:(8,0,false,5,6,true,true,2,2,16,16,8,16,true,false,true,2,2,8,5,0,2,0)
88:(8,0,false,6,5,true,true,2,2,16,16,0,0,true,true,false,1,1,8,5,0,1,0)
89:(8,0,false,6,5,true,true,2,2,16,16,0,8,true,true,false,1,1,8,5,0,1,0)
90:(8,0,false,6,5,true,true,2,2,16,16,0,16,false,true,false,1,1,8,5,0,1,0)
91:(8,0,false,6,5,true,true,2,2,16,16,0,16,true,true,false,1,1,8,5,0,1,0)
92:(8,0,false,6,5,true,true,2,2,16,16,8,0,true,true,false,1,1,8,5,0,1,0)
93:(8,0,false,6,5,true,true,2,2,16,16,8,8,true,true,false,1,1,8,5,0,1,0)
94:(8,0,false,6,5,true,true,2,2,16,16,8,16,false,true,false,1,1,8,5,0,1,0)
95:(8,0,false,6,5,true,true,2,2,16,16,8,16,true,true,false,1,1,8,5,0,1,0)
96:(8,0,false,6,6,true,true,2,2,16,16,0,0,true,true,true,1,1,8,5,0,1,0)
97:(8,0,false,6,6,true,true,2,2,16,16,0,0,true,true,true,2,2,8,5,0,2,0)
98:(8,0,false,6,6,true,true,2,2,16,16,0,8,true,true,true,1,1,8,5,0,1,0)
99:(8,0,false,6,6,true,true,2,2,16,16,0,8,true,true,true,2,2,8,5,0,2,0)
100:(8,0,false,6,6,true,true,2,2,16,16,0,16,false,true,true,1,1,8,5,0,1,0)
101:(8,0,false,6,6,true,true,2,2,16,16,0,16,false,true,true,2,2,8,5,0,2,0)
102:(8,0,false,6,6,true,true,2,2,16,16,0,16,true,true,true,1,1,8,5,0,1,0)
103:(8,0,false,6,6,true,true,2,2,16,16,0,16,true,true,true,2,2,8,5,0,2,0)
104:(8,0,false,6,6,true,true,2,2,16,16,8,0,true,true,true,1,1,8,5,0,1,0)
105:(8,0,false,6,6,true,true,2,2,16,16,8,0,true,true,true,2,2,8,5,0,2,0)
106:(8,0,false,6,6,true,true,2,2,16,16,8,8,true,true,true,1,1,8,5,0,1,0)
107:(8,0,false,6,6,true,true,2,2,16,16,8,8,true,true,true,2,2,8,5,0,2,0)
108:(8,0,false,6,6,true,true,2,2,16,16,8,16,false,true,true,1,1,8,5,0,1,0)
109:(8,0,false,6,6,true,true,2,2,16,16,8,16,false,true,true,2,2,8,5,0,2,0)
110:(8,0,false,6,6,true,true,2,2,16,16,8,16,true,true,true,1,1,8,5,0,1,0)
111:(8,0,false,6,6,true,true,2,2,16,16,8,16,true,true,true,2,2,8,5,0,2,0)
112:(8,0,true,6,5,true,true,2,2,16,16,0,0,true,true,false,2,2,8,5,0,6,0)
113:(8,0,true,6,5,true,true,2,2,16,16,0,8,true,true,false,2,2,8,5,0,6,0)
114:(8,0,true,6,5,true,true,2,2,16,16,0,16,false,true,false,2,2,8,5,0,6,0)
115:(8,0,true,6,5,true,true,2,2,16,16,0,16,true,true,false,2,2,8,5,0,6,0)
116:(8,0,true,6,5,true,true,2,2,16,16,8,0,true,true,false,2,2,8,5,0,6,0)
117:(8,0,true,6,5,true,true,2,2,16,16,8,8,true,true,false,2,2,8,5,0,6,0)
118:(8,0,true,6,5,true,true,2,2,16,16,8,16,false,true,false,2,2,8,5,0,6,0)
119:(8,0,true,6,5,true,true,2,2,16,16,8,16,true,true,false,2,2,8,5,0,6,0)
120:(9,1,false,6,6,true,true,2,2,16,16,0,0,true,true,true,0,0,0,0,0,12,0)
121:(9,1,false,6,6,true,true,2,2,16,16,0,8,true,true,true,0,0,0,0,0,12,0)
122:(9,1,false,6,6,true,true,2,2,16,16,0,16,false,true,true,0,0,0,0,0,12,0)
123:(9,1,false,6,6,true,true,2,2,16,16,0,16,true,true,true,0,0,0,0,0,12,0)
124:(9,1,false,6,6,true,true,2,2,16,16,8,0,true,true,true,0,0,0,0,0,12,0)
125:(9,1,false,6,6,true,true,2,2,16,16,8,8,true,true,true,0,0,0,0,0,12,0)
126:(9,1,false,6,6,true,true,2,2,16,16,8,16,false,true,true,0,0,0,0,0,12,0)
127:(9,1,false,6,6,true,true,2,2,16,16,8,16,true,true,true,0,0,0,0,0,12,0)
128:(9,2,false,0,0,false,false,0,0,0,0,0,0,false,false,false,2,1,2,0,0,15,4)
129:(9,2,false,0,0,false,false,0,0,0,0,0,0,false,false,false,2,2,2,0,0,3,1)
130:(9,2,false,0,0,false,false,0,0,0,0,0,0,false,false,false,2,2,2,0,0,4,3)
131:(9,2,false,0,0,false,false,0,0,0,0,0,0,false,false,false,2,2,2,1,0,5,2)
132:(9,2,false,1,1,false,false,0,0,0,0,0,0,false,false,false,2,1,4,1,0,15,4)
133:(9,2,false,1,1,false,false,0,0,0,0,0,0,false,false,false,2,2,4,0,0,4,3)
134:(9,2,false,1,1,false,false,0,0,0,0,0,0,false,false,false,2,2,4,1,0,3,1)
135:(9,2,false,1,1,false,false,0,0,0,0,0,0,false,false,false,2,2,4,2,0,5,2)
136:(9,2,false,2,2,false,false,0,0,0,0,0,0,false,false,false,2,2,6,2,0,3,5)
137:(9,2,false,2,2,false,false,0,0,0,0,0,0,false,false,false,2,2,6,3,0,5,2)
138:(9,2,false,3,2,true,false,0,0,0,0,0,0,false,false,false,2,2,6,2,0,3,5)
139:(9,2,false,3,2,true,false,0,0,0,0,0,0,false,false,false,2,2,6,3,0,5,2)
140:(9,2,false,3,2,true,false,0,0,0,0,0,0,true,false,false,2,2,6,2,0,3,5)
141:(9,2,false,3,2,true,false,0,0,0,0,0,0,true,false,false,2,2,6,3,0,5,2)
142:(9,2,false,3,3,true,true,0,0,0,0,0,0,false,false,false,2,1,7,3,1,15,4)
143:(9,2,false,3,3,true,true,0,0,0,0,0,0,false,false,false,2,2,7,3,1,3,5)
144:(9,2,false,3,3,true,true,0,0,0,0,0,0,false,false,false,2,2,7,4,2,5,2)
145:(9,2,false,3,3,true,true,0,0,0,0,0,0,true,false,false,2,1,7,3,1,15,4)
146:(9,2,false,3,3,true,true,0,0,0,0,0,0,true,false,false,2,2,7,3,1,3,5)
147:(9,2,false,3,3,true,true,0,0,0,0,0,0,true,false,false,2,2,7,4,2,5,2)
148:(9,2,false,3,4,true,true,0,1,0,8,0,0,false,false,false,2,1,7,4,2,15,4)
149:(9,2,false,3,4,true,true,0,1,0,8,0,0,false,false,false,2,2,7,3,1,4,3)
150:(9,2,false,3,4,true,true,0,1,0,8,0,0,false,false,false,2,2,7,4,2,3,5)
151:(9,2,false,3,4,true,true,0,1,0,8,0,0,false,false,false,2,2,7,5,3,5,2)
152:(9,2,false,3,4,true,true,0,1,0,8,0,0,true,false,false,2,1,7,4,2,15,4)
153:(9,2,false,3,4,true,true,0,1,0,8,0,0,true,false,false,2,2,7,3,1,4,3)
154:(9,2,false,3,4,true,true,0,1,0,8,0,0,true,false,false,2,2,7,4,2,3,5)
155:(9,2,false,3,4,true,true,0,1,0,8,0,0,true,false,false,2,2,7,5,3,5,2)
156:(9,2,false,3,5,true,true,0,2,0,16,0,0,false,false,false,2,2,7,4,2,4,3)
157:(9,2,false,3,5,true,true,0,2,0,16,0,0,true,false,false,2,2,7,4,2,4,3)
158:(9,2,false,4,4,true,true,1,1,8,8,0,0,true,false,false,2,1,7,4,2,15,4)
159:(9,2,false,4,4,true,true,1,1,8,8,0,0,true,false,false,2,2,7,3,1,4,3)
160:(9,2,false,4,4,true,true,1,1,8,8,0,0,true,false,false,2,2,7,4,2,3,5)
161:(9,2,false,4,4,true,true,1,1,8,8,0,0,true,false,false,2,2,7,5,3,5,2)
162:(9,2,false,4,4,true,true,1,1,8,8,0,8,false,false,false,2,1,7,4,2,15,4)
163:(9,2,false,4,4,true,true,1,1,8,8,0,8,false,false,false,2,2,7,3,1,4,3)
164:(9,2,false,4,4,true,true,1,1,8,8,0,8,false,false,false,2,2,7,4,2,3,5)
165:(9,2,false,4,4,true,true,1,1,8,8,0,8,false,false,false,2,2,7,5,3,5,2)
166:(9,2,false,4,4,true,true,1,1,8,8,0,8,true,false,false,2,1,7,4,2,15,4)
167:(9,2,false,4,4,true,true,1,1,8,8,0,8,true,false,false,2,2,7,3,1,4,3)
168:(9,2,false,4,4,true,true,1,1,8,8,0,8,true,false,false,2,2,7,4,2,3,5)
169:(9,2,false,4,4,true,true,1,1,8,8,0,8,true,false,false,2,2,7,5,3,5,2)
170:(9,2,false,4,5,true,true,1,2,8,16,0,0,true,false,false,2,2,7,4,2,4,3)
171:(9,2,false,4,5,true,true,1,2,8,16,0,8,false,false,false,2,2,7,4,2,4,3)
172:(9,2,false,4,5,true,true,1,2,8,16,0,8,true,false,false,2,2,7,4,2,4,3)
173:(9,2,false,5,4,true,true,2,1,16,8,8,0,true,false,false,2,1,7,4,2,15,4)
174:(9,2,false,5,4,true,true,2,1,16,8,8,0,true,false,false,2,2,7,3,1,4,3)
175:(9,2,false,5,4,true,true,2,1,16,8,8,0,true,false,false,2,2,7,4,2,3,5)
176:(9,2,false,5,4,true,true,2,1,16,8,8,0,true,false,false,2,2,7,5,3,5,2)
177:(9,2,false,5,4,true,true,2,1,16,8,8,8,true,false,false,2,1,7,4,2,15,4)
178:(9,2,false,5,4,true,true,2,1,16,8,8,8,true,false,false,2,2,7,3,1,4,3)
179:(9,2,false,5,4,true,true,2,1,16,8,8,8,true,false,false,2,2,7,4,2,3,5)
180:(9,2,false,5,4,true,true,2,1,16,8,8,8,true,false,false,2,2,7,5,3,5,2)
181:(9,2,false,5,4,true,true,2,1,16,8,8,16,false,false,false,2,1,7,4,2,15,4)
182:(9,2,false,5,4,true,true,2,1,16,8,8,16,false,false,false,2,2,7,3,1,4,3)
183:(9,2,false,5,4,true,true,2,1,16,8,8,16,false,false,false,2,2,7,4,2,3,5)
184:(9,2,false,5,4,true,true,2,1,16,8,8,16,false,false,false,2,2,7,5,3,5,2)
185:(9,2,false,5,4,true,true,2,1,16,8,8,16,true,false,false,2,1,7,4,2,15,4)
186:(9,2,false,5,4,true,true,2,1,16,8,8,16,true,false,false,2,2,7,3,1,4,3)
187:(9,2,false,5,4,true,true,2,1,16,8,8,16,true,false,false,2,2,7,4,2,3,5)
188:(9,2,false,5,4,true,true,2,1,16,8,8,16,true,false,false,2,2,7,5,3,5,2)
189:(9,2,false,5,5,true,true,2,2,16,16,0,0,true,false,false,2,2,7,4,2,4,3)
190:(9,2,false,5,5,true,true,2,2,16,16,0,0,true,false,false,2,2,8,4,0,4,3)
191:(9,2,false,5,5,true,true,2,2,16,16,0,0,true,false,false,2,2,8,5,0,3,1)
192:(9,2,false,5,5,true,true,2,2,16,16,0,8,true,false,false,2,2,7,4,2,4,3)
193:(9,2,false,5,5,true,true,2,2,16,16,0,8,true,false,false,2,2,8,4,0,4,3)
194:(9,2,false,5,5,true,true,2,2,16,16,0,8,true,false,false,2,2,8,5,0,3,1)
195:(9,2,false,5,5,true,true,2,2,16,16,0,16,false,false,false,2,2,7,4,2,4,3)
196:(9,2,false,5,5,true,true,2,2,16,16,0,16,false,false,false,2,2,8,4,0,4,3)
197:(9,2,false,5,5,true,true,2,2,16,16,0,16,false,false,false,2,2,8,5,0,3,1)
198:(9,2,false,5,5,true,true,2,2,16,16,0,16,true,false,false,2,2,7,4,2,4,3)
199:(9,2,false,5,5,true,true,2,2,16,16,0,16,true,false,false,2,2,8,4,0,4,3)
200:(9,2,false,5,5,true,true,2,2,16,16,0,16,true,false,false,2,2,8,5,0,3,1)
201:(9,2,false,5,5,true,true,2,2,16,16,8,0,true,false,false,2,2,7,4,2,4,3)
202:(9,2,false,5,5,true,true,2,2,16,16,8,0,true,false,false,2,2,8,4,0,4,3)
203:(9,2,false,5,5,true,true,2,2,16,16,8,0,true,false,false,2,2,8,5,0,3,1)
204:(9,2,false,5,5,true,true,2,2,16,16,8,8,true,false,false,2,2,7,4,2,4,3)
205:(9,2,false,5,5,true,true,2,2,16,16,8,8,true,false,false,2,2,8,4,0,4,3)
206:(9,2,false,5,5,true,true,2,2,16,16,8,8,true,false,false,2,2,8,5,0,3,1)
207:(9,2,false,5,5,true,true,2,2,16,16,8,16,false,false,false,2,2,7,4,2,4,3)
208:(9,2,false,5,5,true,true,2,2,16,16,8,16,false,false,false,2,2,8,4,0,4,3)
209:(9,2,false,5,5,true,true,2,2,16,16,8,16,false,false,false,2,2,8,5,0,3,1)
210:(9,2,false,5,5,true,true,2,2,16,16,8,16,true,false,false,2,2,7,4,2,4,3)
211:(9,2,false,5,5,true,true,2,2,16,16,8,16,true,false,false,2,2,8,4,0,4,3)
212:(9,2,false,5,5,true,true,2,2,16,16,8,16,true,false,false,2,2,8,5,0,3,1)
213:(9,2,false,6,5,true,true,2,2,16,16,0,0,true,true,false,2,2,8,4,0,4,3)
214:(9,2,false,6,5,true,true,2,2,16,16,0,0,true,true,false,2,2,8,5,0,3,1)
215:(9,2,false,6,5,true,true,2,2,16,16,0,8,true,true,false,2,2,8,4,0,4,3)
216:(9,2,false,6,5,true,true,2,2,16,16,0,8,true,true,false,2,2,8,5,0,3,1)
217:(9,2,false,6,5,true,true,2,2,16,16,0,16,false,true,false,2,2,8,4,0,4,3)
218:(9,2,false,6,5,true,true,2,2,16,16,0,16,false,true,false,2,2,8,5,0,3,1)
219:(9,2,false,6,5,true,true,2,2,16,16,0,16,true,true,false,2,2,8,4,0,4,3)
220:(9,2,false,6,5,true,true,2,2,16,16,0,16,true,true,false,2,2,8,5,0,3,1)
221:(9,2,false,6,5,true,true,2,2,16,16,8,0,true,true,false,2,2,8,4,0,4,3)
222:(9,2,false,6,5,true,true,2,2,16,16,8,0,true,true,false,2,2,8,5,0,3,1)
223:(9,2,false,6,5,true,true,2,2,16,16,8,8,true,true,false,2,2,8,4,0,4,3)
224:(9,2,false,6,5,true,true,2,2,16,16,8,8,true,true,false,2,2,8,5,0,3,1)
225:(9,2,false,6,5,true,true,2,2,16,16,8,16,false,true,false,2,2,8,4,0,4,3)
226:(9,2,false,6,5,true,true,2,2,16,16,8,16,false,true,false,2,2,8,5,0,3,1)
227:(9,2,false,6,5,true,true,2,2,16,16,8,16,true,true,false,2,2,8,4,0,4,3)
228:(9,2,false,6,5,true,true,2,2,16,16,8,16,true,true,false,2,2,8,5,0,3,1)
229:(9,3,false,0,0,false,false,0,0,0,0,0,0,false,false,false,1,0,0,0,0,7,0)
230:(9,3,false,1,1,false,false,0,0,0,0,0,0,false,false,false,1,0,0,0,0,7,0)
231:(9,3,false,3,2,true,false,0,0,0,0,0,0,false,false,false,1,0,0,0,0,7,0)
232:(9,3,false,3,2,true,false,0,0,0,0,0,0,true,false,false,1,0,0,0,0,7,0)
233:(9,3,false,3,3,true,true,0,0,0,0,0,0,false,false,false,1,0,0,0,0,7,0)
234:(9,3,false,3,3,true,true,0,0,0,0,0,0,true,false,false,1,0,0,0,0,7,0)
235:(9,3,false,5,4,true,true,2,1,16,8,8,0,true,false,false,1,0,0,0,0,7,0)
236:(9,3,false,5,4,true,true,2,1,16,8,8,8,true,false,false,1,0,0,0,0,7,0)
237:(9,3,false,5,4,true,true,2,1,16,8,8,16,false,false,false,1,0,0,0,0,7,0)
238:(9,3,false,5,4,true,true,2,1,16,8,8,16,true,false,false,1,0,0,0,0,7,0)
239:(9,3,false,6,5,true,true,2,2,16,16,0,0,true,true,false,1,0,0,0,0,7,0)
240:(9,3,false,6,5,true,true,2,2,16,16,0,8,true,true,false,1,0,0,0,0,7,0)
241:(9,3,false,6,5,true,true,2,2,16,16,0,16,false,true,false,1,0,0,0,0,7,0)
242:(9,3,false,6,5,true,true,2,2,16,16,0,16,true,true,false,1,0,0,0,0,7,0)
243:(9,3,false,6,5,true,true,2,2,16,16,8,0,true,true,false,1,0,0,0,0,7,0)
244:(9,3,false,6,5,true,true,2,2,16,16,8,8,true,true,false,1,0,0,0,0,7,0)
245:(9,3,false,6,5,true,true,2,2,16,16,8,16,false,true,false,1,0,0,0,0,7,0)
246:(9,3,false,6,5,true,true,2,2,16,16,8,16,true,true,false,1,0,0,0,0,7,0)
