(phase,outcome,waiting,next_send_seq_h,next_recv_seq_h,honest_commit_sent,peer_commit_verified,sent_blocks_h,verified_blocks_peer,sent_honest,verified_peer,max_gap,adversary_verified_honest,adversary_skipped_verification,honest_confirm_sent,peer_confirm_verified,last_actor,last_direction,last_type,last_seq,last_block,last_event,reject_reason)
0:(0,0,false,0,0,false,false,0,0,0,0,0,0,false,false,false,0,0,0,0,0,0,0)
1:(0,0,true,0,0,false,false,0,0,0,0,0,0,false,false,false,1,1,1,0,0,6,0)
2:(1,0,false,0,0,false,false,0,0,0,0,0,0,false,false,false,1,1,1,0,0,2,0)
3:(2,0,false,1,0,false,false,0,0,0,0,0,0,false,false,false,2,2,2,0,0,1,0)
4:(2,0,true,1,0,false,false,0,0,0,0,0,0,false,false,false,1,1,3,0,0,6,0)
5:(3,0,false,1,1,false,false,0,0,0,0,0,0,false,false,false,1,1,3,0,0,2,0)
6:(4,0,false,1,1,false,false,0,0,0,0,0,0,false,false,false,2,0,0,0,0,2,0)
7:(5,0,false,2,1,false,false,0,0,0,0,0,0,false,false,false,2,2,4,1,0,1,0)
8:(5,0,true,2,1,false,false,0,0,0,0,0,0,false,false,false,1,1,5,1,0,6,0)
9:(6,0,false,2,2,false,false,0,0,0,0,0,0,false,false,false,1,1,5,1,0,2,0)
10:(6,0,false,2,3,false,true,0,0,0,0,0,0,false,false,false,1,1,6,2,0,2,0)
11:(6,0,false,3,2,true,false,0,0,0,0,0,0,false,false,false,2,2,6,2,0,1,0)
12:(6,0,false,3,2,true,false,0,0,0,0,0,0,true,false,false,2,2,6,2,0,1,0)
13:(6,0,false,3,3,true,true,0,0,0,0,0,0,false,false,false,1,1,6,2,0,2,0)
14:(6,0,false,3,3,true,true,0,0,0,0,0,0,false,false,false,2,2,6,2,0,1,0)
15:(6,0,false,3,3,true,true,0,0,0,0,0,0,true,false,false,1,1,6,2,0,2,0)
16:(6,0,false,3,3,true,true,0,0,0,0,0,0,true,false,false,2,2,6,2,0,1,0)
17:(6,0,true,3,2,true,false,0,0,0,0,0,0,false,false,false,1,1,6,2,0,6,0)
18:(6,0,true,3,2,true,false,0,0,0,0,0,0,true,false,false,1,1,6,2,0,6,0)
19:(7,0,false,3,3,true,true,0,0,0,0,0,0,false,false,false,0,0,0,0,0,9,0)
20:(7,0,false,3,3,true,true,0,0,0,0,0,0,true,false,false,0,0,0,0,0,9,0)
21:(7,0,false,3,4,true,true,0,1,0,8,0,0,false,false,false,1,1,7,3,1,2,0)
22:(7,0,false,3,4,true,true,0,1,0,8,0,0,true,false,false,1,1,7,3,1,2,0)
23:(7,0,false,4,4,true,true,1,1,8,8,0,0,true,false,false,2,2,7,3,1,11,0)
24:(7,0,false,4,4,true,true,1,1,8,8,0,0,true,false,false,2,2,7,3,1,14,0)
25:(7,0,false,4,4,true,true,1,1,8,8,0,8,false,false,false,2,2,7,3,1,10,0)
26:(7,0,false,4,4,true,true,1,1,8,8,0,8,false,false,false,2,2,7,3,1,14,0)
27:(7,0,false,4,4,true,true,1,1,8,8,0,8,true,false,false,2,2,7,3,1,10,0)
28:(7,0,false,4,4,true,true,1,1,8,8,0,8,true,false,false,2,2,7,3,1,14,0)
29:(7,0,true,3,3,true,true,0,0,0,0,0,0,false,false,false,1,1,7,3,1,6,0)
30:(7,0,true,3,3,true,true,0,0,0,0,0,0,true,false,false,1,1,7,3,1,6,0)
31:(8,0,false,4,4,true,true,1,1,8,8,0,0,true,false,false,0,0,0,0,0,2,0)
32:(8,0,false,4,4,true,true,1,1,8,8,0,8,false,false,false,0,0,0,0,0,2,0)
33:(8,0,false,4,4,true,true,1,1,8,8,0,8,true,false,false,0,0,0,0,0,2,0)
34:(8,0,false,4,5,true,true,1,1,8,8,0,0,true,false,true,1,1,8,4,0,2,0)
35:(8,0,false,4,5,true,true,1,1,8,8,0,8,false,false,true,1,1,8,4,0,2,0)
36:(8,0,false,4,5,true,true,1,1,8,8,0,8,true,false,true,1,1,8,4,0,2,0)
37:(8,0,false,5,4,true,true,1,1,8,8,0,0,true,true,false,2,2,8,4,0,1,0)
38:(8,0,false,5,4,true,true,1,1,8,8,0,8,false,true,false,2,2,8,4,0,1,0)
39:(8,0,false,5,4,true,true,1,1,8,8,0,8,true,true,false,2,2,8,4,0,1,0)
40:(8,0,false,5,5,true,true,1,1,8,8,0,0,true,true,true,1,1,8,4,0,2,0)
41:(8,0,false,5,5,true,true,1,1,8,8,0,0,true,true,true,2,2,8,4,0,1,0)
42:(8,0,false,5,5,true,true,1,1,8,8,0,8,false,true,true,1,1,8,4,0,2,0)
43:(8,0,false,5,5,true,true,1,1,8,8,0,8,false,true,true,2,2,8,4,0,1,0)
44:(8,0,false,5,5,true,true,1,1,8,8,0,8,true,true,true,1,1,8,4,0,2,0)
45:(8,0,false,5,5,true,true,1,1,8,8,0,8,true,true,true,2,2,8,4,0,1,0)
46:(8,0,true,5,4,true,true,1,1,8,8,0,0,true,true,false,1,1,8,4,0,6,0)
47:(8,0,true,5,4,true,true,1,1,8,8,0,8,false,true,false,1,1,8,4,0,6,0)
48:(8,0,true,5,4,true,true,1,1,8,8,0,8,true,true,false,1,1,8,4,0,6,0)
49:(9,1,false,5,5,true,true,1,1,8,8,0,0,true,true,true,0,0,0,0,0,12,0)
50:(9,1,false,5,5,true,true,1,1,8,8,0,8,false,true,true,0,0,0,0,0,12,0)
51:(9,1,false,5,5,true,true,1,1,8,8,0,8,true,true,true,0,0,0,0,0,12,0)
52:(9,2,false,0,0,false,false,0,0,0,0,0,0,false,false,false,1,1,1,0,0,3,1)
53:(9,2,false,1,0,false,false,0,0,0,0,0,0,false,false,false,1,1,3,0,0,3,1)
54:(9,2,false,1,0,false,false,0,0,0,0,0,0,false,false,false,1,1,3,0,0,4,3)
55:(9,2,false,1,0,false,false,0,0,0,0,0,0,false,false,false,1,1,3,1,0,5,2)
56:(9,2,false,1,0,false,false,0,0,0,0,0,0,false,false,false,1,2,3,0,0,15,4)
57:(9,2,false,1,1,false,false,0,0,0,0,0,0,false,false,false,2,0,0,0,0,8,6)
58:(9,2,false,2,1,false,false,0,0,0,0,0,0,false,false,false,1,1,5,0,0,4,3)
59:(9,2,false,2,1,false,false,0,0,0,0,0,0,false,false,false,1,1,5,1,0,3,1)
60:(9,2,false,2,1,false,false,0,0,0,0,0,0,false,false,false,1,1,5,2,0,5,2)
61:(9,2,false,2,1,false,false,0,0,0,0,0,0,false,false,false,1,2,5,1,0,15,4)
62:(9,2,false,2,2,false,false,0,0,0,0,0,0,false,false,false,1,1,6,2,0,3,5)
63:(9,2,false,2,2,false,false,0,0,0,0,0,0,false,false,false,1,1,6,3,0,5,2)
64:(9,2,false,3,2,true,false,0,0,0,0,0,0,false,false,false,1,1,6,2,0,3,5)
65:(9,2,false,3,2,true,false,0,0,0,0,0,0,false,false,false,1,1,6,3,0,5,2)
66:(9,2,false,3,2,true,false,0,0,0,0,0,0,true,false,false,1,1,6,2,0,3,5)
67:(9,2,false,3,2,true,false,0,0,0,0,0,0,true,false,false,1,1,6,3,0,5,2)
68:(9,2,false,3,3,true,true,0,0,0,0,0,0,false,false,false,1,1,7,3,1,3,5)
69:(9,2,false,3,3,true,true,0,0,0,0,0,0,false,false,false,1,1,7,4,2,5,2)
70:(9,2,false,3,3,true,true,0,0,0,0,0,0,false,false,false,1,2,7,3,1,15,4)
71:(9,2,false,3,3,true,true,0,0,0,0,0,0,true,false,false,1,1,7,3,1,3,5)
72:(9,2,false,3,3,true,true,0,0,0,0,0,0,true,false,false,1,1,7,4,2,5,2)
73:(9,2,false,3,3,true,true,0,0,0,0,0,0,true,false,false,1,2,7,3,1,15,4)
74:(9,2,false,3,4,true,true,0,1,0,8,0,0,false,false,false,1,1,7,3,1,4,3)
75:(9,2,false,3,4,true,true,0,1,0,8,0,0,true,false,false,1,1,7,3,1,4,3)
76:(9,2,false,4,4,true,true,1,1,8,8,0,0,true,false,false,1,1,7,3,1,4,3)
77:(9,2,false,4,4,true,true,1,1,8,8,0,0,true,false,false,1,1,8,3,0,4,3)
78:(9,2,false,4,4,true,true,1,1,8,8,0,0,true,false,false,1,1,8,4,0,3,1)
79:(9,2,false,4,4,true,true,1,1,8,8,0,8,false,false,false,1,1,7,3,1,4,3)
80:(9,2,false,4,4,true,true,1,1,8,8,0,8,false,false,false,1,1,8,3,0,4,3)
81:(9,2,false,4,4,true,true,1,1,8,8,0,8,false,false,false,1,1,8,4,0,3,1)
82:(9,2,false,4,4,true,true,1,1,8,8,0,8,true,false,false,1,1,7,3,1,4,3)
83:(9,2,false,4,4,true,true,1,1,8,8,0,8,true,false,false,1,1,8,3,0,4,3)
84:(9,2,false,4,4,true,true,1,1,8,8,0,8,true,false,false,1,1,8,4,0,3,1)
85:(9,2,false,5,4,true,true,1,1,8,8,0,0,true,true,false,1,1,8,3,0,4,3)
86:(9,2,false,5,4,true,true,1,1,8,8,0,0,true,true,false,1,1,8,4,0,3,1)
87:(9,2,false,5,4,true,true,1,1,8,8,0,8,false,true,false,1,1,8,3,0,4,3)
88:(9,2,false,5,4,true,true,1,1,8,8,0,8,false,true,false,1,1,8,4,0,3,1)
89:(9,2,false,5,4,true,true,1,1,8,8,0,8,true,true,false,1,1,8,3,0,4,3)
90:(9,2,false,5,4,true,true,1,1,8,8,0,8,true,true,false,1,1,8,4,0,3,1)
91:(9,3,false,0,0,false,false,0,0,0,0,0,0,false,false,false,2,0,0,0,0,7,0)
92:(9,3,false,1,0,false,false,0,0,0,0,0,0,false,false,false,2,0,0,0,0,7,0)
93:(9,3,false,2,1,false,false,0,0,0,0,0,0,false,false,false,2,0,0,0,0,7,0)
94:(9,3,false,3,2,true,false,0,0,0,0,0,0,false,false,false,2,0,0,0,0,7,0)
95:(9,3,false,3,2,true,false,0,0,0,0,0,0,true,false,false,2,0,0,0,0,7,0)
96:(9,3,false,3,3,true,true,0,0,0,0,0,0,false,false,false,2,0,0,0,0,7,0)
97:(9,3,false,3,3,true,true,0,0,0,0,0,0,true,false,false,2,0,0,0,0,7,0)
98:(9,3,false,5,4,true,true,1,1,8,8,0,0,true,true,false,2,0,0,0,0,7,0)
99:(9,3,false,5,4,true,true,1,1,8,8,0,8,false,true,false,2,0,0,0,0,7,0)
100:(9,3,false,5,4,true,true,1,1,8,8,0,8,true,true,false,2,0,0,0,0,7,0)
